C51 COMPILER V9.54   SEG_LED                                                               10/26/2025 12:46:09 PAGE 1   


C51 COMPILER V9.54, COMPILATION OF MODULE SEG_LED
OBJECT MODULE PLACED IN .\Objects\seg_led.obj
COMPILER INVOKED BY: D:\0_SoftWare\Keil5\C51\BIN\C51.EXE src\seg_led.c LARGE OMF2 OPTIMIZE(0,SPEED) BROWSE DEBUG PRINT(.
                    -\Listings\seg_led.lst) TABS(2) OBJECT(.\Objects\seg_led.obj)

line level    source

   1          #include "seg_led.h"
   2          
   3          XDATA u8 seg_display_content[8] = {0,0,0,0,0,0,0,0};
   4          XDATA u8 led_display_content = 0;
   5          XDATA u8 seg_led_current = 0;
   6          
   7          
   8          // CODE u8 seg_decoder[128] ={
   9          //     0x3f, 0x06, 0x5b, 0x4f, 0x66, 0x6d, 0x7d, 0x07, 0x7f, 0x6f, 0x77,0x7c,0x39,0x5e,0x79,0x71,      //h
             -ex 0~F
  10          //     0, 0, 0, 0, 0, 0, 0, 0,     0, 0, 0, 0, 0, 0, 0, 0,
  11          
  12          //     0x00, 0x80, 0x80, 0x80, 0x80, 0x80, 0x80, 0x80, 0x00, 0x80, 0x80, 0x80, 0x80, 0x80, 0x80, 0x80, //s
             -pace and others
  13          //     0x3f, 0x06, 0x5b, 0x4f, 0x66, 0x6d, 0x7d, 0x07, 0x7f, 0x6f,                                     //n
             -umbers
  14          //     0x80, 0x80, 0x80, 0x80, 0x80, 0x80, 0x80,                                                       //o
             -thers
  15          //     0x77,0x7c,0x39,0x5e,0x79,0x71,0x3d,0x76,0x0f,0x0e,0x75,0x38,0x37,0x54,0x5c,0x73,0x67,0x31,0x6d/*s:0
             -x49, 5:0x6d*/,0x78,0x3e,0x1c,0x7e,0x64,0x6e,0x59, //A-Z
  16          //     0x80, 0x80, 0x80, 0x80, 0x80, 0x80,                                                             //o
             -thers
  17          //     0x77,0x7c,0x39,0x5e,0x79,0x71,0x3d,0x76,0x0f,0x0e,0x75,0x38,0x37,0x54,0x5c,0x73,0x67,0x31,0x6d/*s:0
             -x49, 5:0x6d*/,0x78,0x3e,0x1c,0x7e,0x64,0x6e,0x59, //a-z
  18          //     0x80, 0x80, 0x80, 0x80, 0x80                                                                    //o
             -thers
  19          // };
  20          CODE u8 seg_decoder[] = { 
  21              0x3F, 0x06, 0x5B, 0x4F, 0x66, 0x6D, 0x7D, 0x07, // 0-7
  22          //  0(0)  1(1)  2(2)  3(3)  4(4)  5(5)  6(6)  7(7)
  23              0x7F, 0x6F, 0x77, 0x7C, 0x39, 0x5E, 0x79, 0x71, // 8-15
  24          //  8(8)  9(9)  a(10) b(11) c(12) d(13) e(14) f(15)
  25              0xBF, 0x86, 0xDB, 0xcF, 0xE6, 0xED, 0xFD, 0x87, // 16-23
  26          //  0.(16)1.(17)2.(18)3.(19)4.(20)5.(21)6.(22)7.(23)
  27              0xFF, 0xEF, 0x3d, 0x76, 0x0f, 0x0E, 0x75, 0x38, // 24-31
  28          //  8.(24)9.(25)G(26) H(27) I(28) J(29) K(30) L(31)
  29              0x37, 0x54, 0x5c, 0x73, 0x67, 0x31, 0x49, 0x78, // 32-39
  30          //  M(32) N(33) O(34) P(35) Q(36) R(37) S(38) T(39)
  31              0x3e, 0x1c, 0x7e, 0x64, 0x6e, 0x5a, 0x00, 0xFF  // 40-47
  32          //  U(40) V(41) W(42) X(43) Y(44) Z(45) None  ALL
  33          };
  34          
  35          void setSegAdd(u8 weixuan, u8 duanxuan) large reentrant{
  36   1          seg_display_content[weixuan] |= (1<<duanxuan);
  37   1      }
  38          
  39          void setSegDir(u8 s0, u8 s1, u8 s2, u8 s3, u8 s4, u8 s5, u8 s6, u8 s7) large reentrant{
  40   1        seg_display_content[0] = s0;
  41   1        seg_display_content[1] = s1;
  42   1        seg_display_content[2] = s2;
  43   1        seg_display_content[3] = s3;
  44   1        seg_display_content[4] = s4;
  45   1        seg_display_content[5] = s5;
  46   1        seg_display_content[6] = s6;
C51 COMPILER V9.54   SEG_LED                                                               10/26/2025 12:46:09 PAGE 2   

  47   1        seg_display_content[7] = s7;
  48   1      }
  49          
  50          void setSeg(u8 s0, u8 s1, u8 s2, u8 s3, u8 s4, u8 s5, u8 s6, u8 s7) large reentrant
  51          {
  52   1        seg_display_content[0] = seg_decoder[s0];
  53   1        seg_display_content[1] = seg_decoder[s1];
  54   1        seg_display_content[2] = seg_decoder[s2];
  55   1        seg_display_content[3] = seg_decoder[s3];
  56   1        seg_display_content[4] = seg_decoder[s4];
  57   1        seg_display_content[5] = seg_decoder[s5];
  58   1        seg_display_content[6] = seg_decoder[s6];
  59   1        seg_display_content[7] = seg_decoder[s7];
  60   1      }
  61          
  62          void seg_set_str(char* str) large reentrant
  63          {
  64   1        seg_display_content[0] = seg_decoder[str[0]];
  65   1        seg_display_content[1] = seg_decoder[str[1]];
  66   1        seg_display_content[2] = seg_decoder[str[2]];
  67   1        seg_display_content[3] = seg_decoder[str[3]];
  68   1        seg_display_content[4] = seg_decoder[str[4]];
  69   1        seg_display_content[5] = seg_decoder[str[5]];
  70   1        seg_display_content[6] = seg_decoder[str[6]];
  71   1        seg_display_content[7] = seg_decoder[str[7]];
  72   1      }
  73          
  74          void seg_set_number(u32 n) large reentrant
  75          {
  76   1          seg_display_content[7] = seg_decoder[n%10]; n/=10;
  77   1          seg_display_content[6] = seg_decoder[n%10]; n/=10;
  78   1          seg_display_content[5] = seg_decoder[n%10]; n/=10;
  79   1          seg_display_content[4] = seg_decoder[n%10]; n/=10;
  80   1          seg_display_content[3] = seg_decoder[n%10]; n/=10;
  81   1          seg_display_content[2] = seg_decoder[n%10]; n/=10;
  82   1          seg_display_content[1] = seg_decoder[n%10]; n/=10;
  83   1          seg_display_content[0] = seg_decoder[n%10]; n/=10;
  84   1      }
  85          
  86          //this function should be called in system timer ISR
  87          //no reentrancy is supported
  88          void seg_led_scan_next()
  89          {
  90   1          switch(seg_led_current)
  91   1          {
  92   2              case 0: DISP_SEG(0)     seg_led_current++; break;
  93   2              case 1: DISP_SEG(1)     seg_led_current++; break;
  94   2              case 2: DISP_SEG(2)     seg_led_current++; break;
  95   2              case 3: DISP_SEG(3)     seg_led_current++; break;
  96   2              case 4: DISP_SEG(4)     seg_led_current++; break;
  97   2              case 5: DISP_SEG(5)     seg_led_current++; break;
  98   2              case 6: DISP_SEG(6)     seg_led_current++; break;
  99   2              case 7: DISP_SEG(7)     seg_led_current++; break;
 100   2              case 8: DISP_LED()      seg_led_current=0; break;
 101   2          default: seg_led_current = 0;
 102   2          }
 103   1      }


MODULE INFORMATION:   STATIC OVERLAYABLE
   CODE SIZE        =   1789    ----
   CONSTANT SIZE    =     48    ----
C51 COMPILER V9.54   SEG_LED                                                               10/26/2025 12:46:09 PAGE 3   

   XDATA SIZE       =     10    ----
   PDATA SIZE       =   ----    ----
   DATA SIZE        =   ----    ----
   IDATA SIZE       =   ----    ----
   BIT SIZE         =   ----    ----
   EDATA SIZE       =   ----    ----
   HDATA SIZE       =   ----    ----
   XDATA CONST SIZE =   ----    ----
   FAR CONST SIZE   =   ----    ----
END OF MODULE INFORMATION.


C51 COMPILATION COMPLETE.  0 WARNING(S),  0 ERROR(S)
