BL51 BANKED LINKER/LOCATER V6.22                                                        09/18/2025  14:29:35  PAGE 1


BL51 BANKED LINKER/LOCATER V6.22, INVOKED BY:
D:\0_SOFTWARE\KEIL5\C51\BIN\BL51.EXE .\STCBSP_V3.6b.LIB, .\Objects\main.obj TO .\Objects\project PRINT (.\Listings\proje
>> ct.m51) RAMSIZE (256)


MEMORY MODEL: SMALL


INPUT MODULES INCLUDED:
  .\Objects\main.obj (MAIN)
  .\STCBSP_V3.6b.LIB (ADC)
  .\STCBSP_V3.6b.LIB (BEEP)
  .\STCBSP_V3.6b.LIB (DISPLAYER)
  .\STCBSP_V3.6b.LIB (HALL)
  .\STCBSP_V3.6b.LIB (KEY)
  .\STCBSP_V3.6b.LIB (STEPMOTOR)
  .\STCBSP_V3.6b.LIB (SYS)
  .\STCBSP_V3.6b.LIB (VIB)
  .\STCBSP_V3.6b.LIB (MUSIC)
  .\STCBSP_V3.6b.LIB (DS1302)
  .\STCBSP_V3.6b.LIB (M24C02)
  .\STCBSP_V3.6b.LIB (IR)
  .\STCBSP_V3.6b.LIB (UART2)
  .\STCBSP_V3.6b.LIB (UART1)
  D:\0_SOFTWARE\KEIL5\C51\LIB\C51S.LIB (?C_STARTUP)
  D:\0_SOFTWARE\KEIL5\C51\LIB\C51S.LIB (?C?COPY)
  D:\0_SOFTWARE\KEIL5\C51\LIB\C51S.LIB (?C?CLDOPTR)
  D:\0_SOFTWARE\KEIL5\C51\LIB\C51S.LIB (?C?CSTOPTR)
  D:\0_SOFTWARE\KEIL5\C51\LIB\C51S.LIB (?C?IMUL)
  D:\0_SOFTWARE\KEIL5\C51\LIB\C51S.LIB (?C?UIDIV)
  D:\0_SOFTWARE\KEIL5\C51\LIB\C51S.LIB (?C?IILDX)
  D:\0_SOFTWARE\KEIL5\C51\LIB\C51S.LIB (?C?ILDIX)
  D:\0_SOFTWARE\KEIL5\C51\LIB\C51S.LIB (?C?LMUL)
  D:\0_SOFTWARE\KEIL5\C51\LIB\C51S.LIB (?C?ULDIV)
  D:\0_SOFTWARE\KEIL5\C51\LIB\C51S.LIB (?C?SLDIV)
  D:\0_SOFTWARE\KEIL5\C51\LIB\C51S.LIB (?C?ULSHR)
  D:\0_SOFTWARE\KEIL5\C51\LIB\C51S.LIB (?C?SLSHR)
  D:\0_SOFTWARE\KEIL5\C51\LIB\C51S.LIB (?C?LLDCODE)
  D:\0_SOFTWARE\KEIL5\C51\LIB\C51S.LIB (?C?LSTXDATA)
  D:\0_SOFTWARE\KEIL5\C51\LIB\C51S.LIB (?C?OFFXADD)
  D:\0_SOFTWARE\KEIL5\C51\LIB\C51S.LIB (?C?ICALL)
  D:\0_SOFTWARE\KEIL5\C51\LIB\C51S.LIB (?C_IBP)
  D:\0_SOFTWARE\KEIL5\C51\LIB\C51S.LIB (?C_INIT)


LINK MAP OF MODULE:  .\Objects\project (MAIN)


            TYPE    BASE      LENGTH    RELOCATION   SEGMENT NAME
            -----------------------------------------------------

            * * * * * * *   D A T A   M E M O R Y   * * * * * * *
            REG     0000H     0008H     ABSOLUTE     "REG BANK 0"
            DATA    0008H     0011H     UNIT         ?DT?SYS
            DATA    0019H     0006H     UNIT         ?DT?IR
            DATA    001FH     0001H     UNIT         ?DT?HALL
            BIT     0020H.0   0001H.7   UNIT         ?BI?SYS
            BIT     0021H.7   0000H.1   UNIT         ?BI?ADC
BL51 BANKED LINKER/LOCATER V6.22                                                      09/18/2025  14:29:35  PAGE 2


            BIT     0022H.0   0000H.1   UNIT         ?BI?MUSIC
                    0022H.1   0000H.7                *** GAP ***
            DATA    0023H     0031H     UNIT         ?DT?MAIN
            DATA    0054H     000EH     UNIT         _DATA_GROUP_
            DATA    0062H     0008H     UNIT         ?DT?_SEG7SETMODE?DISPLAYER
            DATA    006AH     0008H     UNIT         ?DT?_LEDSETMODE?DISPLAYER
            DATA    0072H     0008H     UNIT         ?DT?_SETMUSIC?MUSIC
            DATA    007AH     0002H     UNIT         ?DT?GETULTRASONIC?SYS
            DATA    007CH     0001H     UNIT         ?DT?_SETSTEPMOTOR?STEPMOTOR
            DATA    007DH     0001H     UNIT         ?DT?UART2
            DATA    007EH     0001H     UNIT         ?C?LIB_DATA
            IDATA   007FH     0001H     UNIT         ?STACK

            * * * * * * *  X D A T A   M E M O R Y  * * * * * * *
            XDATA   0000H     006FH     UNIT         ?XD?SYS
            XDATA   006FH     0020H     UNIT         ?XD?ADC
            XDATA   008FH     001EH     UNIT         ?XD?DISPLAYER
            XDATA   00ADH     0016H     UNIT         ?XD?STEPMOTOR
            XDATA   00C3H     0016H     UNIT         ?XD?UART2
            XDATA   00D9H     0015H     UNIT         ?XD?UART1
            XDATA   00EEH     0010H     UNIT         ?XD?MUSIC
            XDATA   00FEH     000BH     UNIT         ?XD?KEY
            XDATA   0109H     0009H     UNIT         ?XD?DS1302
            XDATA   0112H     0004H     UNIT         ?XD?HALL
            XDATA   0116H     0002H     UNIT         ?XD?VIB

            * * * * * * *   C O D E   M E M O R Y   * * * * * * *
            CODE    0000H     0003H     ABSOLUTE     
            CODE    0003H     0007H     UNIT         ?PR?GETADC?ADC
            CODE    000AH     0001H     UNIT         ?PR?MYUART1CALLBACK?MAIN
            CODE    000BH     0003H     ABSOLUTE     
            CODE    000EH     0015H     UNIT         ?PR?_M24C02_WRITE?M24C02
            CODE    0023H     0003H     ABSOLUTE     
            CODE    0026H     0003H     UNIT         ?PR?_?RET0FUNC?SYS
            CODE    0029H     0001H     UNIT         ?PR?_?NULLFUNC?SYS
            CODE    002AH     0001H     UNIT         ?PR?_?NULLFUNC0?UART2
            CODE    002BH     0003H     ABSOLUTE     
            CODE    002EH     000DH     UNIT         ?PR?STOP?M24C02
            CODE    003BH     0003H     ABSOLUTE     
            CODE    003EH     0003H     UNIT         ?PR?CLRBEEPPIN?SYS
                    0041H     0002H                  *** GAP ***
            CODE    0043H     0003H     ABSOLUTE     
            CODE    0046H     000CH     UNIT         ?PR?GETBEEPSTATUS?BEEP
                    0052H     0001H                  *** GAP ***
            CODE    0053H     0003H     ABSOLUTE     
            CODE    0056H     034AH     UNIT         ?C?LIB_CODE
            CODE    03A0H     0302H     UNIT         ?PR?_?SYS_MUSIC_DRV?MUSIC
            CODE    06A2H     0274H     UNIT         ?PR?_?SYS_STEPMOTOR_DRV?STEPMOTOR
            CODE    0916H     01DBH     UNIT         ?PR?UART2_ISR?UART2
            CODE    0AF1H     01B3H     UNIT         ?PR?_?SYS_ADC_DRV?ADC
            CODE    0CA4H     017BH     UNIT         ?PR?_?SYS_DISPLAY_DRV?DISPLAYER
            CODE    0E1FH     0164H     UNIT         ?C_INITSEG
            CODE    0F83H     015CH     UNIT         ?PR?MYADCCALLBACK?MAIN
            CODE    10DFH     0132H     UNIT         ?PR?UART1_ISR?UART1
            CODE    1211H     0127H     UNIT         ?PR?_?SYS_KEY_DRV?KEY
            CODE    1338H     0126H     UNIT         ?CO?MUSIC
            CODE    145EH     010EH     UNIT         ?PR?MY100MSCALLBACK?MAIN
BL51 BANKED LINKER/LOCATER V6.22                                                      09/18/2025  14:29:35  PAGE 3


            CODE    156CH     00FEH     UNIT         ?PR?DS1302INIT?DS1302
            CODE    166AH     00F1H     UNIT         ?PR?SYS_TASK_1MS?SYS
            CODE    175BH     00ECH     UNIT         ?PR?MAIN?MAIN
            CODE    1847H     00E0H     UNIT         ?PR?MYUART2CALLBACK?MAIN
            CODE    1927H     00BBH     UNIT         ?PR?_UART2INIT?UART2
            CODE    19E2H     00ABH     UNIT         ?PR?_SETSTEPMOTOR?STEPMOTOR
            CODE    1A8DH     00AAH     UNIT         ?PR?_PLAYTONE?MUSIC
            CODE    1B37H     00A8H     UNIT         ?PR?SYS_CCP_ISR?SYS
            CODE    1BDFH     00A5H     UNIT         ?PR?_?SYS_DS1302_DRV?DS1302
            CODE    1C84H     0093H     UNIT         ?PR?SYS_TASK_10MS?SYS
            CODE    1D17H     008FH     UNIT         ?PR?_SEG7SETMODE?DISPLAYER
            CODE    1DA6H     008FH     UNIT         ?PR?_LEDSETMODE?DISPLAYER
            CODE    1E35H     008CH     UNIT         ?C_C51STARTUP
            CODE    1EC1H     008BH     UNIT         ?PR?SYS_TASK_IR?SYS
            CODE    1F4CH     0081H     UNIT         ?PR?_SETMUSIC?MUSIC
            CODE    1FCDH     007DH     UNIT         ?PR?_SETEVENTCALLBACK?SYS
            CODE    204AH     0078H     UNIT         ?PR?_SETBEEP?BEEP
            CODE    20C2H     0077H     UNIT         ?PR?SYS_IRRXD_ISR?IR
            CODE    2139H     0077H     UNIT         ?PR?_UART1INIT?UART1
            CODE    21B0H     0057H     UNIT         ?PR?MYKEYCALLBACK?MAIN
            CODE    2207H     0053H     UNIT         ?PR?GETULTRASONIC?SYS
            CODE    225AH     0052H     UNIT         ?PR?SYS_TIMER0_ISR?SYS
            CODE    22ACH     0048H     UNIT         ?PR?_EMSTOP?STEPMOTOR
            CODE    22F4H     0047H     UNIT         ?PR?SYS_TIMER0_INIT?SYS
            CODE    233BH     0046H     UNIT         ?PR?_GETADCNAVACT?ADC
            CODE    2381H     0044H     UNIT         ?C?LDIV
            CODE    23C5H     0043H     UNIT         ?PR?_?SYS_HALL_DRV?HALL
            CODE    2408H     0040H     UNIT         ?PR?_GETKEYACT?KEY
            CODE    2448H     003FH     UNIT         ?PR?SYS_TASK_100MS?SYS
            CODE    2487H     003FH     UNIT         ?PR?_IRPRINT?IR
            CODE    24C6H     003EH     UNIT         ?PR?MYSTC_OS?SYS
            CODE    2504H     0035H     UNIT         ?CO?MAIN
            CODE    2539H     0033H     UNIT         ?PR?_STEPLEDPRINT?STEPMOTOR
            CODE    256CH     0032H     UNIT         ?PR?_GETSTEPMOTORSTATUS?STEPMOTOR
            CODE    259EH     0031H     UNIT         ?PR?_ADCINIT?ADC
            CODE    25CFH     0031H     UNIT         ?PR?_IRTXDSET?IR
            CODE    2600H     0031H     UNIT         ?PR?_SETUART2RXD?UART2
            CODE    2631H     0031H     UNIT         ?PR?_UART2PRINT?UART2
            CODE    2662H     0031H     UNIT         ?PR?_SETUART1RXD?UART1
            CODE    2693H     002EH     UNIT         ?PR?_DS1302READ?DS1302
            CODE    26C1H     002BH     UNIT         ?PR?SYS_TASK_1S?SYS
            CODE    26ECH     0029H     UNIT         ?PR?_NVM_WRITE?DS1302
            CODE    2715H     0028H     UNIT         ?PR?_?SYS_BEEP_DRV?BEEP
            CODE    273DH     0028H     UNIT         ?PR?_SETPLAYERMODE?MUSIC
            CODE    2765H     0028H     UNIT         ?PR?_UART1PRINT?UART1
            CODE    278DH     0024H     UNIT         ?PR?RESPONS?M24C02
            CODE    27B1H     0024H     UNIT         ?PR?_WRITEBYTE?M24C02
            CODE    27D5H     0023H     UNIT         ?PR?_SEGSET?MAIN
            CODE    27F8H     0022H     UNIT         ?PR?READBYTE?M24C02
            CODE    281AH     0020H     UNIT         ?PR?BEEPINIT?BEEP
            CODE    283AH     0020H     UNIT         ?PR?_SEG7PRINT?DISPLAYER
            CODE    285AH     0020H     UNIT         ?PR?_DS1302WRITE?DS1302
            CODE    287AH     001DH     UNIT         ?PR?HALLINIT?HALL
            CODE    2897H     001DH     UNIT         ?PR?KEYINIT?KEY
            CODE    28B4H     001DH     UNIT         ?PR?VIBINIT?VIB
            CODE    28D1H     001CH     UNIT         ?PR?_M24C02_READ?M24C02
            CODE    28EDH     001CH     UNIT         ?PR?GETIRSTATUS?IR
BL51 BANKED LINKER/LOCATER V6.22                                                      09/18/2025  14:29:35  PAGE 4


            CODE    2909H     001BH     UNIT         ?PR?DISPLAYERINIT?DISPLAYER
            CODE    2924H     0019H     UNIT         ?PR?_DS1302WRITEBYTE?DS1302
            CODE    293DH     0019H     UNIT         ?PR?DS1302READBYTE?DS1302
            CODE    2956H     0019H     UNIT         ?PR?RTC_WRITE?DS1302
            CODE    296FH     0018H     UNIT         ?PR?_DELAY?MAIN
            CODE    2987H     0018H     UNIT         ?PR?SHOWSEG?MAIN
            CODE    299FH     0018H     UNIT         ?PR?STEPMOTORINIT?STEPMOTOR
            CODE    29B7H     0016H     UNIT         ?PR?_UARTBUFSET?MAIN
            CODE    29CDH     0016H     UNIT         ?PR?_IRSET?MAIN
            CODE    29E3H     0012H     UNIT         ?PR?_NVM_READ?DS1302
            CODE    29F5H     0011H     UNIT         ?PR?_SETCCP0?SYS
            CODE    2A06H     0010H     UNIT         ?PR?START?M24C02
            CODE    2A16H     0010H     UNIT         ?PR?_IRINIT?IR
            CODE    2A26H     000FH     UNIT         ?PR?_?SYS_GET_KNEVENT?ADC
            CODE    2A35H     000FH     UNIT         ?PR?_?SYS_GET_EXTADCEVENT?ADC
            CODE    2A44H     000FH     UNIT         ?PR?_?SYS_GET_HALLEVENT?HALL
            CODE    2A53H     000FH     UNIT         ?PR?_?SYS_GET_KEYEVENT?KEY
            CODE    2A62H     000FH     UNIT         ?PR?_?SYS_GET_SVEVENT?VIB
            CODE    2A71H     000FH     UNIT         ?PR?_?GETVIBACT?VIB
            CODE    2A80H     000FH     UNIT         ?PR?MUSICPLAYERINIT?MUSIC
            CODE    2A8FH     000FH     UNIT         ?PR?_?SYS_GET_UART2RXDEVENT?UART2
            CODE    2A9EH     000FH     UNIT         ?PR?_?SYS_GET_UART1RXDEVENT?UART1
            CODE    2AADH     000EH     UNIT         ?PR?_?SYS_SV_DRV?VIB
            CODE    2ABBH     000BH     UNIT         ?PR?GETUART2TXSTATUS?UART2
            CODE    2AC6H     000BH     UNIT         ?PR?GETUART1TXSTATUS?UART1
            CODE    2AD1H     0009H     UNIT         ?CO?ADC
            CODE    2ADAH     0009H     UNIT         ?PR?_SETDISPLAYERAREA?DISPLAYER
            CODE    2AE3H     0009H     UNIT         ?PR?GETBEEPTIMER?SYS
            CODE    2AECH     0009H     UNIT         ?PR?_SETBEEPTIMER?SYS
            CODE    2AF5H     0009H     UNIT         ?PR?_SETIRRXD?IR
            CODE    2AFEH     0007H     UNIT         ?PR?GETSYSPERFORMANCE?SYS
            CODE    2B05H     0007H     UNIT         ?PR?RTC_READ?DS1302
            CODE    2B0CH     0006H     UNIT         ?PR?ADC_ISR?ADC
            CODE    2B12H     0006H     UNIT         ?PR?_LEDPRINT?DISPLAYER
            CODE    2B18H     0006H     UNIT         ?PR?GETHALLACT?HALL
            CODE    2B1EH     0006H     UNIT         ?PR?MYSTC_INIT?SYS
            CODE    2B24H     0006H     UNIT         ?PR?GETPLAYERMODE?MUSIC
            CODE    2B2AH     0003H     UNIT         ?PR?GETIRRXNUM?IR



OVERLAY MAP OF MODULE:   .\Objects\project (MAIN)


SEGMENT                                     DATA_GROUP 
  +--> CALLED SEGMENT                     START    LENGTH
---------------------------------------------------------
?C_C51STARTUP                             -----    -----
  +--> ?PR?MAIN?MAIN
  +--> ?C_INITSEG

?PR?MAIN?MAIN                             -----    -----
  +--> ?PR?MYSTC_INIT?SYS
  +--> ?PR?DISPLAYERINIT?DISPLAYER
  +--> ?PR?BEEPINIT?BEEP
  +--> ?PR?HALLINIT?HALL
  +--> ?PR?KEYINIT?KEY
BL51 BANKED LINKER/LOCATER V6.22                                                      09/18/2025  14:29:35  PAGE 5


  +--> ?PR?_ADCINIT?ADC
  +--> ?PR?MUSICPLAYERINIT?MUSIC
  +--> ?PR?STEPMOTORINIT?STEPMOTOR
  +--> ?PR?VIBINIT?VIB
  +--> ?PR?_IRINIT?IR
  +--> ?PR?DS1302INIT?DS1302
  +--> ?PR?_UART1INIT?UART1
  +--> ?PR?_UART2INIT?UART2
  +--> ?PR?_SETUART1RXD?UART1
  +--> ?PR?_SETUART2RXD?UART2
  +--> ?PR?_SEG7PRINT?DISPLAYER
  +--> ?PR?_LEDPRINT?DISPLAYER
  +--> ?PR?MY100MSCALLBACK?MAIN
  +--> ?PR?_SETEVENTCALLBACK?SYS
  +--> ?PR?MYKEYCALLBACK?MAIN
  +--> ?PR?MYADCCALLBACK?MAIN
  +--> ?PR?MYUART1CALLBACK?MAIN
  +--> ?PR?MYUART2CALLBACK?MAIN
  +--> ?PR?MYSTC_OS?SYS

?PR?MYSTC_INIT?SYS                        -----    -----
  +--> ?PR?SYS_TIMER0_INIT?SYS

?PR?SYS_TIMER0_INIT?SYS                   -----    -----
  +--> ?CO?MAIN

?PR?DISPLAYERINIT?DISPLAYER               -----    -----
  +--> ?PR?_?SYS_DISPLAY_DRV?DISPLAYER

?PR?_?SYS_DISPLAY_DRV?DISPLAYER           -----    -----
  +--> ?CO?MAIN

?PR?BEEPINIT?BEEP                         -----    -----
  +--> ?PR?CLRBEEPPIN?SYS
  +--> ?PR?_?SYS_BEEP_DRV?BEEP

?PR?_?SYS_BEEP_DRV?BEEP                   -----    -----
  +--> ?PR?GETBEEPTIMER?SYS
  +--> ?PR?_SETBEEPTIMER?SYS

?PR?HALLINIT?HALL                         -----    -----
  +--> ?PR?_?SYS_GET_HALLEVENT?HALL
  +--> ?PR?_?SYS_HALL_DRV?HALL

?PR?KEYINIT?KEY                           -----    -----
  +--> ?PR?_?SYS_GET_KEYEVENT?KEY
  +--> ?PR?_?SYS_KEY_DRV?KEY

?PR?_ADCINIT?ADC                          -----    -----
  +--> ?PR?_?SYS_ADC_DRV?ADC
  +--> ?PR?_?SYS_GET_KNEVENT?ADC
  +--> ?PR?_?SYS_GET_EXTADCEVENT?ADC

?PR?_?SYS_ADC_DRV?ADC                     -----    -----
  +--> ?CO?ADC

?PR?MUSICPLAYERINIT?MUSIC                 -----    -----
BL51 BANKED LINKER/LOCATER V6.22                                                      09/18/2025  14:29:35  PAGE 6


  +--> ?PR?_?SYS_MUSIC_DRV?MUSIC

?PR?_?SYS_MUSIC_DRV?MUSIC                 -----    -----
  +--> ?PR?GETBEEPSTATUS?BEEP
  +--> ?PR?_SEG7PRINT?DISPLAYER
  +--> ?PR?_LEDPRINT?DISPLAYER
  +--> ?PR?_PLAYTONE?MUSIC

?PR?GETBEEPSTATUS?BEEP                    -----    -----
  +--> ?PR?GETBEEPTIMER?SYS

?PR?_SEG7PRINT?DISPLAYER                  0058H    0008H

?PR?_PLAYTONE?MUSIC                       0054H    0006H
  +--> ?PR?GETBEEPSTATUS?BEEP
  +--> ?CO?MUSIC
  +--> ?PR?_SETBEEP?BEEP

?PR?_SETBEEP?BEEP                         005AH    0004H
  +--> ?PR?GETBEEPTIMER?SYS
  +--> ?PR?_SETBEEPTIMER?SYS
  +--> ?CO?MAIN
  +--> ?PR?_SETCCP0?SYS
  +--> ?PR?CLRBEEPPIN?SYS

?PR?STEPMOTORINIT?STEPMOTOR               -----    -----
  +--> ?PR?_?SYS_STEPMOTOR_DRV?STEPMOTOR

?PR?_?SYS_STEPMOTOR_DRV?STEPMOTOR         -----    -----
  +--> ?PR?_LEDPRINT?DISPLAYER

?PR?VIBINIT?VIB                           -----    -----
  +--> ?PR?_?SYS_GET_SVEVENT?VIB
  +--> ?PR?_?SYS_SV_DRV?VIB

?PR?DS1302INIT?DS1302                     0054H    0007H
  +--> ?PR?_DS1302READ?DS1302
  +--> ?PR?_DS1302WRITE?DS1302
  +--> ?PR?_NVM_READ?DS1302
  +--> ?PR?RTC_WRITE?DS1302
  +--> ?PR?_NVM_WRITE?DS1302
  +--> ?PR?_?SYS_DS1302_DRV?DS1302

?PR?_DS1302READ?DS1302                    -----    -----
  +--> ?PR?_DS1302WRITEBYTE?DS1302
  +--> ?PR?DS1302READBYTE?DS1302

?PR?_DS1302WRITE?DS1302                   -----    -----
  +--> ?PR?_DS1302WRITEBYTE?DS1302

?PR?_NVM_READ?DS1302                      -----    -----
  +--> ?PR?_DS1302READ?DS1302

?PR?RTC_WRITE?DS1302                      005BH    0007H

?PR?_NVM_WRITE?DS1302                     -----    -----
  +--> ?PR?_DS1302WRITE?DS1302
BL51 BANKED LINKER/LOCATER V6.22                                                      09/18/2025  14:29:35  PAGE 7



?PR?_?SYS_DS1302_DRV?DS1302               -----    -----
  +--> ?PR?_DS1302READ?DS1302
  +--> ?PR?_DS1302WRITE?DS1302

?PR?_UART1INIT?UART1                      0054H    0004H
  +--> ?CO?MAIN
  +--> ?PR?_?SYS_GET_UART1RXDEVENT?UART1

?PR?_UART2INIT?UART2                      0054H    0005H
  +--> ?PR?_?NULLFUNC0?UART2
  +--> ?CO?MAIN
  +--> ?PR?_?SYS_GET_UART2RXDEVENT?UART2

?PR?_SETUART1RXD?UART1                    0054H    000AH

?PR?_SETUART2RXD?UART2                    0054H    000AH

?PR?MY100MSCALLBACK?MAIN                  0054H    0004H
  +--> ?PR?_LEDPRINT?DISPLAYER
  +--> ?PR?_M24C02_READ?M24C02
  +--> ?PR?_SEG7PRINT?DISPLAYER
  +--> ?PR?_SEGSET?MAIN
  +--> ?PR?SHOWSEG?MAIN

?PR?_M24C02_READ?M24C02                   -----    -----
  +--> ?PR?START?M24C02
  +--> ?PR?RESPONS?M24C02
  +--> ?PR?_WRITEBYTE?M24C02
  +--> ?PR?READBYTE?M24C02
  +--> ?PR?STOP?M24C02

?PR?RESPONS?M24C02                        -----    -----
  +--> ?PR?_WRITEBYTE?M24C02

?PR?_SEGSET?MAIN                          0058H    0008H

?PR?SHOWSEG?MAIN                          -----    -----
  +--> ?PR?_SEG7PRINT?DISPLAYER

?PR?_SETEVENTCALLBACK?SYS                 0054H    0003H

?PR?MYKEYCALLBACK?MAIN                    0054H    0001H
  +--> ?PR?_GETKEYACT?KEY
  +--> ?PR?_SEGSET?MAIN
  +--> ?PR?SHOWSEG?MAIN
  +--> ?PR?_IRSET?MAIN
  +--> ?PR?_IRPRINT?IR

?PR?_IRSET?MAIN                           0055H    0008H

?PR?MYADCCALLBACK?MAIN                    0054H    0001H
  +--> ?PR?_GETADCNAVACT?ADC
  +--> ?PR?_UARTBUFSET?MAIN
  +--> ?PR?_UART2PRINT?UART2

?PR?_UARTBUFSET?MAIN                      0055H    0008H
BL51 BANKED LINKER/LOCATER V6.22                                                      09/18/2025  14:29:35  PAGE 8



?PR?MYUART2CALLBACK?MAIN                  0054H    0001H
  +--> ?PR?_SEGSET?MAIN
  +--> ?PR?_M24C02_READ?M24C02
  +--> ?PR?_M24C02_WRITE?M24C02
  +--> ?PR?_DELAY?MAIN
  +--> ?PR?_SETBEEP?BEEP

?PR?_M24C02_WRITE?M24C02                  -----    -----
  +--> ?PR?START?M24C02
  +--> ?PR?_WRITEBYTE?M24C02
  +--> ?PR?RESPONS?M24C02
  +--> ?PR?STOP?M24C02

?PR?_DELAY?MAIN                           0055H    0002H

?PR?MYSTC_OS?SYS                          -----    -----
  +--> ?PR?SYS_TASK_IR?SYS
  +--> ?PR?SYS_TASK_1MS?SYS
  +--> ?PR?SYS_TASK_10MS?SYS
  +--> ?PR?SYS_TASK_100MS?SYS
  +--> ?PR?SYS_TASK_1S?SYS

?C_INITSEG                                -----    -----
  +--> ?PR?_?NULLFUNC?SYS
  +--> ?PR?_?RET0FUNC?SYS



SYMBOL TABLE OF MODULE:  .\Objects\project (MAIN)

  VALUE           TYPE          NAME
  ----------------------------------

  -------         MODULE        MAIN
  C:0000H         SYMBOL        _ICE_DUMMY_
  D:0080H         PUBLIC        P0
  D:0090H         PUBLIC        P1
  D:00A0H         PUBLIC        P2
  D:00B0H         PUBLIC        P3
  D:00C0H         PUBLIC        P4
  D:00C8H         PUBLIC        P5
  D:00E8H         PUBLIC        P6
  D:0023H         PUBLIC        receive_buf
  D:00F8H         PUBLIC        P7
  C:29CDH         PUBLIC        _irSet
  D:00A8H         PUBLIC        IE
  D:00B8H         PUBLIC        IP
  D:00D8H         PUBLIC        CCON
  C:21B0H         PUBLIC        myKeyCallback
  C:175BH         PUBLIC        main
  D:002BH         PUBLIC        mode
  C:29B7H         PUBLIC        _uartbufSet
  D:002CH         PUBLIC        led_vector
  C:2535H         PUBLIC        SysClock
  D:002DH         PUBLIC        uart_head
  D:0098H         PUBLIC        SCON
BL51 BANKED LINKER/LOCATER V6.22                                                      09/18/2025  14:29:35  PAGE 9


  D:0088H         PUBLIC        TCON
  D:002FH         PUBLIC        dis_addr
  D:0030H         PUBLIC        seg
  C:0F83H         PUBLIC        myADCCallback
  C:000AH         PUBLIC        myUart1Callback
  C:1847H         PUBLIC        myUart2Callback
  C:145EH         PUBLIC        my100mSCallback
  D:0038H         PUBLIC        set_state
  D:0039H         PUBLIC        uart_buf
  C:2987H         PUBLIC        showSeg
  D:0041H         PUBLIC        h
  D:0042H         PUBLIC        ds_time
  D:0049H         PUBLIC        m
  C:27E2H         PUBLIC        _segSet
  D:004AH         PUBLIC        NVM_addr
  C:2504H         PUBLIC        DECODE_TABLE
  C:296FH         PUBLIC        _Delay
  D:004BH         PUBLIC        s
  D:004CH         PUBLIC        ir_buf
  D:00D0H         PUBLIC        PSW
  -------         PROC          _DELAY
  D:0007H         SYMBOL        xms
  -------         DO            
  D:0055H         SYMBOL        i
  D:0056H         SYMBOL        j
  -------         ENDDO         
  C:296FH         LINE#         19
  C:296FH         LINE#         20
  C:296FH         LINE#         21
  C:2975H         LINE#         24
  C:2976H         LINE#         25
  C:2977H         LINE#         26
  C:2978H         LINE#         27
  C:297BH         LINE#         28
  C:297EH         LINE#         30
  C:297EH         LINE#         31
  C:2981H         LINE#         32
  C:2984H         LINE#         33
  C:2986H         LINE#         34
  -------         ENDPROC       _DELAY
  -------         PROC          _UARTBUFSET
  D:0007H         SYMBOL        a
  D:0005H         SYMBOL        b
  D:0003H         SYMBOL        c
  D:0058H         SYMBOL        d
  D:0059H         SYMBOL        e
  D:005AH         SYMBOL        f
  D:005BH         SYMBOL        g
  D:005CH         SYMBOL        h
  C:29B7H         LINE#         72
  C:29B7H         LINE#         73
  C:29B9H         LINE#         74
  C:29BBH         LINE#         75
  C:29BDH         LINE#         76
  C:29C0H         LINE#         77
  C:29C3H         LINE#         78
  C:29C6H         LINE#         79
BL51 BANKED LINKER/LOCATER V6.22                                                      09/18/2025  14:29:35  PAGE 10


  C:29C9H         LINE#         80
  C:29CCH         LINE#         81
  -------         ENDPROC       _UARTBUFSET
  -------         PROC          SHOWSEG
  C:2987H         LINE#         83
  C:2987H         LINE#         84
  -------         ENDPROC       SHOWSEG
  -------         PROC          L?0079
  -------         ENDPROC       L?0079
  -------         PROC          _SEGSET
  D:0007H         SYMBOL        a
  D:0005H         SYMBOL        b
  D:0003H         SYMBOL        c
  D:005BH         SYMBOL        d
  D:005CH         SYMBOL        e
  D:005DH         SYMBOL        f
  D:005EH         SYMBOL        g
  D:005FH         SYMBOL        h
  C:27E2H         LINE#         87
  C:27E2H         LINE#         88
  C:27E4H         LINE#         89
  C:27E6H         LINE#         90
  C:27E8H         LINE#         91
  C:27EBH         LINE#         92
  C:27EEH         LINE#         93
  C:27F1H         LINE#         94
  C:27F4H         LINE#         95
  C:27F7H         LINE#         96
  -------         ENDPROC       _SEGSET
  -------         PROC          _IRSET
  D:0007H         SYMBOL        a
  D:0005H         SYMBOL        b
  D:0003H         SYMBOL        c
  D:0058H         SYMBOL        d
  D:0059H         SYMBOL        e
  D:005AH         SYMBOL        f
  D:005BH         SYMBOL        g
  D:005CH         SYMBOL        h
  C:29CDH         LINE#         98
  C:29CDH         LINE#         99
  C:29CFH         LINE#         100
  C:29D1H         LINE#         101
  C:29D3H         LINE#         102
  C:29D6H         LINE#         103
  C:29D9H         LINE#         104
  C:29DCH         LINE#         105
  C:29DFH         LINE#         106
  C:29E2H         LINE#         107
  -------         ENDPROC       _IRSET
  -------         PROC          MY100MSCALLBACK
  -------         DO            
  D:0054H         SYMBOL        addr
  D:0055H         SYMBOL        hour
  D:0056H         SYMBOL        minute
  D:0057H         SYMBOL        second
  -------         ENDDO         
  C:145EH         LINE#         109
BL51 BANKED LINKER/LOCATER V6.22                                                      09/18/2025  14:29:35  PAGE 11


  C:145EH         LINE#         110
  C:1465H         LINE#         111
  C:1469H         LINE#         112
  C:1469H         LINE#         113
  C:146CH         LINE#         114
  C:1472H         LINE#         116
  C:1479H         LINE#         117
  C:1482H         LINE#         118
  C:148CH         LINE#         119
  C:1496H         LINE#         120
  C:14DAH         LINE#         121
  C:14DAH         LINE#         122
  C:14DFH         LINE#         123
  C:1502H         LINE#         124
  C:1502H         LINE#         125
  C:1504H         LINE#         126
  C:150AH         LINE#         127
  C:1543H         LINE#         128
  C:1550H         LINE#         129
  C:155DH         LINE#         130
  C:1568H         LINE#         131
  C:156BH         LINE#         132
  C:156BH         LINE#         133
  -------         ENDPROC       MY100MSCALLBACK
  -------         PROC          MYKEYCALLBACK
  -------         DO            
  D:0054H         SYMBOL        key
  -------         ENDDO         
  C:21B0H         LINE#         135
  C:21B0H         LINE#         137
  C:21B7H         LINE#         138
  C:21BDH         LINE#         139
  C:21C4H         LINE#         140
  C:21C6H         LINE#         141
  C:21C9H         LINE#         142
  C:21CCH         LINE#         143
  C:21CCH         LINE#         144
  C:21D1H         LINE#         145
  C:21D5H         LINE#         146
  C:21D5H         LINE#         147
  C:21D5H         LINE#         149
  C:21DBH         LINE#         150
  C:21E1H         LINE#         151
  C:21E6H         LINE#         152
  C:21FCH         LINE#         153
  C:2206H         LINE#         154
  C:2206H         LINE#         155
  C:2206H         LINE#         156
  -------         ENDPROC       MYKEYCALLBACK
  -------         PROC          MYADCCALLBACK
  -------         DO            
  D:0054H         SYMBOL        key
  -------         ENDDO         
  C:0F83H         LINE#         158
  C:0F83H         LINE#         160
  C:0F89H         LINE#         162
  C:0F90H         LINE#         163
BL51 BANKED LINKER/LOCATER V6.22                                                      09/18/2025  14:29:35  PAGE 12


  C:0F95H         LINE#         164
  C:0F9CH         LINE#         165
  C:0FA2H         LINE#         166
  C:0FA2H         LINE#         167
  C:0FA2H         LINE#         169
  C:0FA9H         LINE#         170
  C:0FAEH         LINE#         171
  C:0FB5H         LINE#         172
  C:0FBBH         LINE#         173
  C:0FBBH         LINE#         174
  C:0FBBH         LINE#         175
  C:0FBBH         LINE#         176
  C:0FC1H         LINE#         177
  C:0FC8H         LINE#         178
  C:0FCDH         LINE#         179
  C:0FD4H         LINE#         180
  C:0FD6H         LINE#         181
  C:0FD6H         LINE#         182
  C:0FD6H         LINE#         183
  C:0FDDH         LINE#         184
  C:0FE2H         LINE#         185
  C:0FE9H         LINE#         186
  C:0FEBH         LINE#         187
  C:0FEBH         LINE#         188
  C:0FEBH         LINE#         189
  C:0FEBH         LINE#         191
  C:0FF4H         LINE#         192
  C:0FFBH         LINE#         193
  C:1000H         LINE#         194
  C:1009H         LINE#         195
  C:1009H         LINE#         196
  C:100CH         LINE#         197
  C:100CH         LINE#         198
  C:100CH         LINE#         199
  C:1013H         LINE#         200
  C:1018H         LINE#         201
  C:1024H         LINE#         202
  C:1024H         LINE#         203
  C:102BH         LINE#         204
  C:1030H         LINE#         205
  C:103CH         LINE#         206
  C:103CH         LINE#         207
  C:1043H         LINE#         208
  C:1048H         LINE#         209
  C:105FH         LINE#         210
  C:106AH         LINE#         211
  C:106AH         LINE#         212
  C:1071H         LINE#         213
  C:1077H         LINE#         214
  C:1087H         LINE#         215
  C:1097H         LINE#         216
  C:10A5H         LINE#         217
  C:10A5H         LINE#         218
  C:10ACH         LINE#         219
  C:10B2H         LINE#         220
  C:10C1H         LINE#         221
  C:10D0H         LINE#         222
BL51 BANKED LINKER/LOCATER V6.22                                                      09/18/2025  14:29:35  PAGE 13


  C:10DEH         LINE#         223
  C:10DEH         LINE#         224
  C:10DEH         LINE#         226
  -------         ENDPROC       MYADCCALLBACK
  -------         PROC          MYUART1CALLBACK
  C:000AH         LINE#         228
  C:000AH         LINE#         230
  -------         ENDPROC       MYUART1CALLBACK
  -------         PROC          MYUART2CALLBACK
  -------         DO            
  D:0054H         SYMBOL        now_addr
  -------         ENDDO         
  C:1847H         LINE#         232
  C:1847H         LINE#         234
  C:184EH         LINE#         235
  C:1856H         LINE#         236
  C:185DH         LINE#         237
  C:18A1H         LINE#         238
  C:18A8H         LINE#         239
  C:18ADH         LINE#         240
  C:18B2H         LINE#         241
  C:18BBH         LINE#         242
  C:18C0H         LINE#         243
  C:18CAH         LINE#         244
  C:18CFH         LINE#         245
  C:18D9H         LINE#         246
  C:18DEH         LINE#         247
  C:18E5H         LINE#         248
  C:18ECH         LINE#         249
  C:18ECH         LINE#         250
  C:18F3H         LINE#         251
  C:18F3H         LINE#         252
  C:18F3H         LINE#         253
  C:18F9H         LINE#         254
  C:1903H         LINE#         255
  C:1926H         LINE#         256
  C:1926H         LINE#         257
  C:1926H         LINE#         258
  C:1926H         LINE#         259
  -------         ENDPROC       MYUART2CALLBACK
  -------         PROC          MAIN
  C:175BH         LINE#         261
  C:175BH         LINE#         262
  C:175EH         LINE#         263
  C:1761H         LINE#         264
  C:1764H         LINE#         265
  C:1767H         LINE#         266
  C:176AH         LINE#         267
  C:176FH         LINE#         268
  C:1772H         LINE#         269
  C:1775H         LINE#         270
  C:1778H         LINE#         271
  C:177DH         LINE#         272
  C:1793H         LINE#         273
  C:179EH         LINE#         274
  C:17ACH         LINE#         275
  C:17C8H         LINE#         276
BL51 BANKED LINKER/LOCATER V6.22                                                      09/18/2025  14:29:35  PAGE 14


  C:17E4H         LINE#         278
  C:17E7H         LINE#         279
  C:17FFH         LINE#         280
  C:1804H         LINE#         281
  C:1807H         LINE#         282
  C:1809H         LINE#         283
  C:180BH         LINE#         285
  C:1816H         LINE#         286
  C:1821H         LINE#         287
  C:182CH         LINE#         288
  C:1837H         LINE#         289
  C:1842H         LINE#         291
  C:1842H         LINE#         292
  C:1845H         LINE#         293
  -------         ENDPROC       MAIN
  -------         ENDMOD        MAIN

  -------         MODULE        ADC
  C:0000H         SYMBOL        _ICE_DUMMY_
  D:0080H         PUBLIC        P0
  D:0090H         PUBLIC        P1
  D:00A0H         PUBLIC        P2
  C:2A26H         PUBLIC        _?sys_get_KNEvent
  X:0071H         PUBLIC        sys_EXTADCEvent
  D:00B0H         PUBLIC        P3
  D:00C0H         PUBLIC        P4
  D:00C8H         PUBLIC        P5
  D:00E8H         PUBLIC        P6
  D:00F8H         PUBLIC        P7
  B:00A8H.5       PUBLIC        EADC
  D:00A8H         PUBLIC        IE
  D:00BDH         PUBLIC        ADC_RES
  D:00B8H         PUBLIC        IP
  D:0097H         PUBLIC        CLK_DIV
  C:259EH         PUBLIC        _AdcInit
  D:00D8H         PUBLIC        CCON
  C:2A35H         PUBLIC        _?sys_get_EXTADCEvent
  X:0072H         PUBLIC        AD_res
  D:00BCH         PUBLIC        ADC_CONTR
  D:0098H         PUBLIC        SCON
  D:0088H         PUBLIC        TCON
  C:0AF1H         PUBLIC        _?sys_ADC_drv
  B:0021H.7       PUBLIC        flag_ADC
  X:007CH         PUBLIC        sys_KN
  D:009DH         PUBLIC        P1ASF
  X:008EH         PUBLIC        sys_KNEvent
  D:00BEH         PUBLIC        ADC_RESL
  C:0003H         PUBLIC        GetADC
  C:233BH         PUBLIC        _GetAdcNavAct
  C:2B0CH         PUBLIC        ADC_isr
  D:00D0H         PUBLIC        PSW
  -------         PROC          ADC_ISR
  C:2B0CH         LINE#         26
  C:2B0CH         LINE#         27
  C:2B0FH         LINE#         28
  C:2B11H         LINE#         29
  -------         ENDPROC       ADC_ISR
BL51 BANKED LINKER/LOCATER V6.22                                                      09/18/2025  14:29:35  PAGE 15


  -------         PROC          _?SYS_ADC_DRV
  -------         DO            
  X:006FH         SYMBOL        pc
  X:0070H         SYMBOL        counter
  i:0000H         SYMBOL        i
  C:2AD1H         SYMBOL        ADC_ch
  -------         ENDDO         
  C:0AF1H         LINE#         31
  C:0AF3H         LINE#         35
  C:0AF9H         LINE#         36
  C:0AFBH         LINE#         37
  C:0B29H         LINE#         38
  C:0B29H         LINE#         39
  C:0B29H         LINE#         40
  C:0B39H         LINE#         41
  C:0B3BH         LINE#         42
  C:0B3BH         LINE#         43
  C:0B3BH         LINE#         44
  C:0B4FH         LINE#         45
  C:0B55H         LINE#         46
  C:0B58H         LINE#         47
  C:0B68H         LINE#         48
  C:0B6AH         LINE#         49
  C:0B7EH         LINE#         50
  C:0B81H         LINE#         51
  C:0B95H         LINE#         52
  C:0BA8H         LINE#         53
  C:0BC0H         LINE#         54
  C:0BCBH         LINE#         55
  C:0BCEH         LINE#         56
  C:0BDEH         LINE#         57
  C:0BF2H         LINE#         58
  C:0C07H         LINE#         59
  C:0C18H         LINE#         60
  C:0C1CH         LINE#         61
  C:0C1CH         LINE#         62
  C:0C1EH         LINE#         64
  C:0C35H         LINE#         65
  C:0C46H         LINE#         66
  C:0C4BH         LINE#         67
  C:0C4BH         LINE#         68
  C:0C4BH         LINE#         69
  C:0C6EH         LINE#         70
  C:0C7FH         LINE#         71
  C:0C83H         LINE#         72
  C:0C83H         LINE#         73
  C:0C83H         LINE#         74
  C:0C89H         LINE#         75
  C:0C89H         LINE#         76
  C:0C89H         LINE#         77
  C:0C95H         LINE#         78
  C:0CA1H         LINE#         79
  C:0CA1H         LINE#         80
  -------         ENDPROC       _?SYS_ADC_DRV
  -------         PROC          _?SYS_GET_KNEVENT
  -------         DO            
  i:0000H         SYMBOL        a
BL51 BANKED LINKER/LOCATER V6.22                                                      09/18/2025  14:29:35  PAGE 16


  -------         ENDDO         
  C:2A26H         LINE#         82
  C:2A28H         LINE#         84
  C:2A30H         LINE#         85
  C:2A32H         LINE#         86
  C:2A32H         LINE#         87
  -------         ENDPROC       _?SYS_GET_KNEVENT
  -------         PROC          _?SYS_GET_EXTADCEVENT
  -------         DO            
  i:0000H         SYMBOL        a
  -------         ENDDO         
  C:2A35H         LINE#         89
  C:2A37H         LINE#         91
  C:2A3FH         LINE#         92
  C:2A41H         LINE#         93
  C:2A41H         LINE#         94
  -------         ENDPROC       _?SYS_GET_EXTADCEVENT
  -------         PROC          _ADCINIT
  D:0007H         SYMBOL        ADCsel
  C:259EH         LINE#         96
  C:259EH         LINE#         97
  C:259EH         LINE#         98
  C:25A0H         LINE#         99
  C:25A3H         LINE#         100
  C:25A6H         LINE#         101
  C:25A8H         LINE#         102
  C:25B6H         LINE#         103
  C:25C2H         LINE#         104
  C:25CEH         LINE#         105
  -------         ENDPROC       _ADCINIT
  -------         PROC          GETADC
  C:0003H         LINE#         107
  C:0003H         LINE#         108
  C:0009H         LINE#         109
  -------         ENDPROC       GETADC
  -------         PROC          _GETADCNAVACT
  D:0007H         SYMBOL        Nav_button
  -------         DO            
  D:0006H         SYMBOL        a
  -------         ENDDO         
  C:233BH         LINE#         111
  C:233BH         LINE#         112
  C:233BH         LINE#         113
  C:234BH         LINE#         114
  C:2366H         LINE#         115
  C:237BH         LINE#         116
  C:237EH         LINE#         117
  C:237EH         LINE#         118
  C:2380H         LINE#         119
  -------         ENDPROC       _GETADCNAVACT
  -------         ENDMOD        ADC

  -------         MODULE        BEEP
  C:0000H         SYMBOL        _ICE_DUMMY_
  D:0080H         PUBLIC        P0
  D:00B2H         PUBLIC        P3M0
  D:0090H         PUBLIC        P1
BL51 BANKED LINKER/LOCATER V6.22                                                      09/18/2025  14:29:35  PAGE 17


  D:00B1H         PUBLIC        P3M1
  D:00A0H         PUBLIC        P2
  D:00B0H         PUBLIC        P3
  D:00C0H         PUBLIC        P4
  D:00C8H         PUBLIC        P5
  D:00E8H         PUBLIC        P6
  D:00F8H         PUBLIC        P7
  D:00F9H         PUBLIC        CH
  C:2715H         PUBLIC        _?sys_beep_drv
  D:00A8H         PUBLIC        IE
  D:00E9H         PUBLIC        CL
  C:281AH         PUBLIC        BeepInit
  B:00D8H.6       PUBLIC        CR
  D:00DAH         PUBLIC        CCAPM0
  D:00B8H         PUBLIC        IP
  D:00D9H         PUBLIC        CMOD
  D:00D8H         PUBLIC        CCON
  C:0046H         PUBLIC        GetBeepStatus
  C:204AH         PUBLIC        _SetBeep
  D:0098H         PUBLIC        SCON
  D:0088H         PUBLIC        TCON
  D:00D0H         PUBLIC        PSW
  B:00D8H.0       PUBLIC        CCF0
  -------         PROC          _?SYS_BEEP_DRV
  -------         DO            
  i:0000H         SYMBOL        a
  -------         ENDDO         
  C:2715H         LINE#         11
  C:2719H         LINE#         13
  C:2723H         LINE#         14
  C:2738H         LINE#         15
  -------         ENDPROC       _?SYS_BEEP_DRV
  -------         PROC          BEEPINIT
  C:281AH         LINE#         17
  C:281AH         LINE#         18
  C:281AH         LINE#         19
  C:281DH         LINE#         20
  C:2820H         LINE#         21
  C:2823H         LINE#         22
  C:2826H         LINE#         23
  C:2829H         LINE#         24
  C:282BH         LINE#         25
  C:2839H         LINE#         26
  -------         ENDPROC       BEEPINIT
  -------         PROC          _SETBEEP
  D:005AH         SYMBOL        Beep_freq
  D:005CH         SYMBOL        Beep_time
  -------         DO            
  D:0002H         SYMBOL        a
  D:0004H         SYMBOL        b
  -------         ENDDO         
  C:204AH         LINE#         28
  C:2052H         LINE#         29
  C:2052H         LINE#         31
  C:2059H         LINE#         32
  C:2060H         LINE#         33
  C:206BH         LINE#         34
BL51 BANKED LINKER/LOCATER V6.22                                                      09/18/2025  14:29:35  PAGE 18


  C:2094H         LINE#         35
  C:20A8H         LINE#         36
  C:20AFH         LINE#         37
  C:20B1H         LINE#         38
  C:20B4H         LINE#         39
  C:20B6H         LINE#         41
  C:20B9H         LINE#         42
  C:20BCH         LINE#         43
  C:20BCH         LINE#         44
  C:20BFH         LINE#         45
  C:20BFH         LINE#         46
  C:20C1H         LINE#         47
  -------         ENDPROC       _SETBEEP
  -------         PROC          GETBEEPSTATUS
  C:0046H         LINE#         49
  C:0046H         LINE#         50
  C:004FH         LINE#         51
  C:0051H         LINE#         52
  -------         ENDPROC       GETBEEPSTATUS
  -------         ENDMOD        BEEP

  -------         MODULE        DISPLAYER
  C:0000H         SYMBOL        _ICE_DUMMY_
  D:0093H         PUBLIC        P0M1
  D:0096H         PUBLIC        P2M0
  D:0080H         PUBLIC        P0
  D:0095H         PUBLIC        P2M1
  D:0090H         PUBLIC        P1
  D:00A0H         PUBLIC        P2
  D:00B0H         PUBLIC        P3
  D:00C0H         PUBLIC        P4
  D:00C8H         PUBLIC        P5
  D:00E8H         PUBLIC        P6
  D:00F8H         PUBLIC        P7
  C:1D17H         PUBLIC        _Seg7SetMode
  D:00A8H         PUBLIC        IE
  D:00B8H         PUBLIC        IP
  D:00D8H         PUBLIC        CCON
  C:2B12H         PUBLIC        _LedPrint
  B:00A0H.0       PUBLIC        P20
  B:00A0H.1       PUBLIC        P21
  D:0098H         PUBLIC        SCON
  B:00A0H.2       PUBLIC        P22
  D:0088H         PUBLIC        TCON
  B:00A0H.3       PUBLIC        P23
  C:2909H         PUBLIC        DisplayerInit
  C:1DA6H         PUBLIC        _LedSetMode
  X:0091H         PUBLIC        sys_Disp
  C:2ADAH         PUBLIC        _SetDisplayerArea
  C:283AH         PUBLIC        _Seg7Print
  C:0CA4H         PUBLIC        _?sys_display_drv
  D:00D0H         PUBLIC        PSW
  D:0094H         PUBLIC        P0M0
  -------         PROC          _?SYS_DISPLAY_DRV
  -------         DO            
  X:008FH         SYMBOL        T1mS
  X:0090H         SYMBOL        T100mS
BL51 BANKED LINKER/LOCATER V6.22                                                      09/18/2025  14:29:35  PAGE 19


  i:0000H         SYMBOL        d
  i:0001H         SYMBOL        i
  -------         ENDDO         
  C:0CA4H         LINE#         18
  C:0CA8H         LINE#         21
  C:0CB5H         LINE#         22
  C:0CB8H         LINE#         23
  C:0CC5H         LINE#         24
  C:0CC5H         LINE#         25
  C:0CC8H         LINE#         26
  C:0CF1H         LINE#         27
  C:0CF7H         LINE#         28
  C:0CFDH         LINE#         29
  C:0D03H         LINE#         30
  C:0D09H         LINE#         31
  C:0D13H         LINE#         32
  C:0D1DH         LINE#         33
  C:0D27H         LINE#         34
  C:0D31H         LINE#         35
  C:0D33H         LINE#         36
  C:0D33H         LINE#         37
  C:0D3BH         LINE#         38
  C:0D60H         LINE#         39
  C:0D80H         LINE#         40
  C:0D80H         LINE#         41
  C:0D82H         LINE#         43
  C:0D8BH         LINE#         44
  C:0D9EH         LINE#         45
  C:0DADH         LINE#         46
  C:0DADH         LINE#         47
  C:0DC9H         LINE#         48
  C:0DDEH         LINE#         49
  C:0DE4H         LINE#         50
  C:0DE9H         LINE#         51
  C:0DEBH         LINE#         52
  C:0DEEH         LINE#         53
  C:0DEEH         LINE#         55
  C:0E05H         LINE#         56
  C:0E12H         LINE#         58
  C:0E1AH         LINE#         59
  -------         ENDPROC       _?SYS_DISPLAY_DRV
  -------         PROC          DISPLAYERINIT
  C:2909H         LINE#         61
  C:2909H         LINE#         62
  C:2909H         LINE#         63
  C:290CH         LINE#         64
  C:290FH         LINE#         65
  C:2912H         LINE#         66
  C:2915H         LINE#         67
  C:2923H         LINE#         68
  -------         ENDPROC       DISPLAYERINIT
  -------         PROC          _SETDISPLAYERAREA
  D:0007H         SYMBOL        Begin_of_scan
  D:0005H         SYMBOL        Ending_of_Scan
  C:2ADAH         LINE#         70
  C:2ADAH         LINE#         71
  C:2ADFH         LINE#         72
BL51 BANKED LINKER/LOCATER V6.22                                                      09/18/2025  14:29:35  PAGE 20


  C:2AE2H         LINE#         73
  -------         ENDPROC       _SETDISPLAYERAREA
  -------         PROC          _SEG7PRINT
  D:0007H         SYMBOL        d0
  D:0005H         SYMBOL        d1
  D:0003H         SYMBOL        d2
  D:005BH         SYMBOL        d3
  D:005CH         SYMBOL        d4
  D:005DH         SYMBOL        d5
  D:005EH         SYMBOL        d6
  D:005FH         SYMBOL        d7
  C:283AH         LINE#         75
  C:283AH         LINE#         76
  C:283FH         LINE#         77
  C:2842H         LINE#         78
  C:2845H         LINE#         79
  C:2849H         LINE#         80
  C:284DH         LINE#         81
  C:2851H         LINE#         82
  C:2855H         LINE#         83
  C:2859H         LINE#         84
  -------         ENDPROC       _SEG7PRINT
  -------         PROC          _LEDPRINT
  D:0007H         SYMBOL        led_val
  C:2B12H         LINE#         86
  C:2B12H         LINE#         87
  C:2B17H         LINE#         88
  -------         ENDPROC       _LEDPRINT
  -------         PROC          _SEG7SETMODE
  D:0007H         SYMBOL        m0
  D:0005H         SYMBOL        m1
  D:0003H         SYMBOL        m2
  D:0065H         SYMBOL        m3
  D:0066H         SYMBOL        m4
  D:0067H         SYMBOL        m5
  D:0068H         SYMBOL        m6
  D:0069H         SYMBOL        m7
  C:1D17H         LINE#         90
  C:1D17H         LINE#         91
  C:1D2BH         LINE#         92
  C:1D3BH         LINE#         93
  C:1D4BH         LINE#         94
  C:1D5DH         LINE#         95
  C:1D6FH         LINE#         96
  C:1D81H         LINE#         97
  C:1D93H         LINE#         98
  C:1DA5H         LINE#         99
  -------         ENDPROC       _SEG7SETMODE
  -------         PROC          _LEDSETMODE
  D:0007H         SYMBOL        m0
  D:0005H         SYMBOL        m1
  D:0003H         SYMBOL        m2
  D:006DH         SYMBOL        m3
  D:006EH         SYMBOL        m4
  D:006FH         SYMBOL        m5
  D:0070H         SYMBOL        m6
  D:0071H         SYMBOL        m7
BL51 BANKED LINKER/LOCATER V6.22                                                      09/18/2025  14:29:35  PAGE 21


  C:1DA6H         LINE#         101
  C:1DA6H         LINE#         102
  C:1DBAH         LINE#         103
  C:1DCAH         LINE#         104
  C:1DDAH         LINE#         105
  C:1DECH         LINE#         106
  C:1DFEH         LINE#         107
  C:1E10H         LINE#         108
  C:1E22H         LINE#         109
  C:1E34H         LINE#         110
  -------         ENDPROC       _LEDSETMODE
  -------         ENDMOD        DISPLAYER

  -------         MODULE        HALL
  C:0000H         SYMBOL        _ICE_DUMMY_
  D:0080H         PUBLIC        P0
  D:0090H         PUBLIC        P1
  D:00A0H         PUBLIC        P2
  D:00B0H         PUBLIC        P3
  D:00C0H         PUBLIC        P4
  D:00C8H         PUBLIC        P5
  D:00E8H         PUBLIC        P6
  D:00F8H         PUBLIC        P7
  D:001FH         PUBLIC        hall_Event
  C:2A44H         PUBLIC        _?sys_get_hallEvent
  D:00A8H         PUBLIC        IE
  C:23C5H         PUBLIC        _?sys_hall_drv
  D:00B8H         PUBLIC        IP
  C:287AH         PUBLIC        HallInit
  B:0090H.2       PUBLIC        IO_hall
  D:00D8H         PUBLIC        CCON
  D:0098H         PUBLIC        SCON
  D:0088H         PUBLIC        TCON
  C:2B18H         PUBLIC        GetHallAct
  X:0115H         PUBLIC        sys_hallEvent
  D:00D0H         PUBLIC        PSW
  -------         PROC          _?SYS_HALL_DRV
  -------         DO            
  X:0112H         SYMBOL        counter
  X:0113H         SYMBOL        hall_count
  X:0114H         SYMBOL        hall_last_count
  -------         ENDDO         
  C:23C5H         LINE#         14
  C:23C5H         LINE#         19
  C:23CEH         LINE#         20
  C:23D6H         LINE#         21
  C:23D9H         LINE#         22
  C:23E1H         LINE#         23
  C:23E7H         LINE#         24
  C:23EAH         LINE#         25
  C:23EAH         LINE#         26
  C:23EAH         LINE#         27
  C:23ECH         LINE#         29
  C:23F5H         LINE#         30
  C:23F8H         LINE#         31
  C:23FCH         LINE#         32
  C:23FCH         LINE#         33
BL51 BANKED LINKER/LOCATER V6.22                                                      09/18/2025  14:29:35  PAGE 22


  C:23FCH         LINE#         34
  C:2401H         LINE#         35
  C:2407H         LINE#         36
  C:2407H         LINE#         37
  -------         ENDPROC       _?SYS_HALL_DRV
  -------         PROC          _?SYS_GET_HALLEVENT
  -------         DO            
  i:0000H         SYMBOL        a
  -------         ENDDO         
  C:2A44H         LINE#         39
  C:2A46H         LINE#         41
  C:2A4EH         LINE#         42
  C:2A50H         LINE#         43
  C:2A50H         LINE#         44
  -------         ENDPROC       _?SYS_GET_HALLEVENT
  -------         PROC          HALLINIT
  C:287AH         LINE#         46
  C:287AH         LINE#         47
  C:287AH         LINE#         48
  C:2888H         LINE#         49
  C:2896H         LINE#         50
  -------         ENDPROC       HALLINIT
  -------         PROC          GETHALLACT
  -------         DO            
  D:0007H         SYMBOL        a
  -------         ENDDO         
  C:2B18H         LINE#         52
  C:2B18H         LINE#         53
  C:2B18H         LINE#         54
  C:2B1AH         LINE#         55
  C:2B1DH         LINE#         56
  C:2B1DH         LINE#         57
  -------         ENDPROC       GETHALLACT
  -------         ENDMOD        HALL

  -------         MODULE        KEY
  C:0000H         SYMBOL        _ICE_DUMMY_
  D:0080H         PUBLIC        P0
  D:0090H         PUBLIC        P1
  D:00A0H         PUBLIC        P2
  D:00B0H         PUBLIC        P3
  D:00C0H         PUBLIC        P4
  D:00C8H         PUBLIC        P5
  D:00E8H         PUBLIC        P6
  D:00F8H         PUBLIC        P7
  D:00A8H         PUBLIC        IE
  X:00FFH         PUBLIC        sys_keyEvent
  D:00B8H         PUBLIC        IP
  D:00D8H         PUBLIC        CCON
  C:2A53H         PUBLIC        _?sys_get_keyEvent
  D:0098H         PUBLIC        SCON
  D:0088H         PUBLIC        TCON
  C:1211H         PUBLIC        _?sys_key_drv
  C:2897H         PUBLIC        KeyInit
  B:00B0H.2       PUBLIC        IO_Key1
  B:00B0H.3       PUBLIC        IO_Key2
  B:0090H.7       PUBLIC        IO_Key3
BL51 BANKED LINKER/LOCATER V6.22                                                      09/18/2025  14:29:35  PAGE 23


  C:2408H         PUBLIC        _GetKeyAct
  X:0100H         PUBLIC        sys_Key
  D:00D0H         PUBLIC        PSW
  -------         PROC          _?SYS_KEY_DRV
  -------         DO            
  i:0000H         SYMBOL        i
  X:00FEH         SYMBOL        counter
  -------         ENDDO         
  C:1211H         LINE#         28
  C:1213H         LINE#         31
  C:121CH         LINE#         32
  C:1225H         LINE#         33
  C:122EH         LINE#         34
  C:1239H         LINE#         35
  C:123CH         LINE#         36
  C:124EH         LINE#         37
  C:126CH         LINE#         38
  C:1285H         LINE#         39
  C:12A1H         LINE#         40
  C:12A5H         LINE#         41
  C:12A5H         LINE#         42
  C:12A7H         LINE#         44
  C:12C8H         LINE#         45
  C:12DEH         LINE#         46
  C:12E3H         LINE#         47
  C:12E3H         LINE#         48
  C:12E3H         LINE#         49
  C:1316H         LINE#         50
  C:1331H         LINE#         51
  C:1335H         LINE#         52
  C:1335H         LINE#         53
  -------         ENDPROC       _?SYS_KEY_DRV
  -------         PROC          _?SYS_GET_KEYEVENT
  -------         DO            
  i:0000H         SYMBOL        a
  -------         ENDDO         
  C:2A53H         LINE#         55
  C:2A55H         LINE#         57
  C:2A5DH         LINE#         58
  C:2A5FH         LINE#         59
  C:2A5FH         LINE#         60
  -------         ENDPROC       _?SYS_GET_KEYEVENT
  -------         PROC          KEYINIT
  C:2897H         LINE#         62
  C:2897H         LINE#         63
  C:2897H         LINE#         66
  C:28A5H         LINE#         67
  C:28B3H         LINE#         68
  -------         ENDPROC       KEYINIT
  -------         PROC          _GETKEYACT
  D:0007H         SYMBOL        Key
  -------         DO            
  D:0006H         SYMBOL        a
  -------         ENDDO         
  C:2408H         LINE#         70
  C:2408H         LINE#         71
  C:2408H         LINE#         72
BL51 BANKED LINKER/LOCATER V6.22                                                      09/18/2025  14:29:35  PAGE 24


  C:2412H         LINE#         73
  C:242DH         LINE#         74
  C:2442H         LINE#         75
  C:2445H         LINE#         76
  C:2445H         LINE#         77
  C:2447H         LINE#         78
  -------         ENDPROC       _GETKEYACT
  -------         ENDMOD        KEY

  -------         MODULE        STEPMOTOR
  C:0000H         SYMBOL        _ICE_DUMMY_
  D:0080H         PUBLIC        P0
  D:0090H         PUBLIC        P1
  D:00B4H         PUBLIC        P4M0
  D:00A0H         PUBLIC        P2
  D:00B3H         PUBLIC        P4M1
  D:00B0H         PUBLIC        P3
  D:00C0H         PUBLIC        P4
  D:00C8H         PUBLIC        P5
  D:00E8H         PUBLIC        P6
  D:00F8H         PUBLIC        P7
  D:00A8H         PUBLIC        IE
  D:00B8H         PUBLIC        IP
  X:00AEH         PUBLIC        SM
  C:06A2H         PUBLIC        _?sys_StepMotor_drv
  D:00D8H         PUBLIC        CCON
  D:0098H         PUBLIC        SCON
  D:0088H         PUBLIC        TCON
  C:2539H         PUBLIC        _StepLedPrint
  C:299FH         PUBLIC        StepMotorInit
  C:22ACH         PUBLIC        _EmStop
  C:256CH         PUBLIC        _GetStepMotorStatus
  C:19E2H         PUBLIC        _SetStepMotor
  B:00C0H.1       PUBLIC        SM1_1
  B:00C0H.2       PUBLIC        SM1_2
  B:00C0H.3       PUBLIC        SM1_3
  B:00C0H.4       PUBLIC        SM1_4
  D:00D0H         PUBLIC        PSW
  -------         PROC          _?SYS_STEPMOTOR_DRV
  -------         DO            
  i:0000H         SYMBOL        i
  X:00ADH         SYMBOL        SM23
  -------         ENDDO         
  C:06A2H         LINE#         20
  C:06A4H         LINE#         23
  C:06B6H         LINE#         24
  C:06F5H         LINE#         25
  C:071DH         LINE#         26
  C:074DH         LINE#         27
  C:0773H         LINE#         28
  C:0795H         LINE#         29
  C:07C7H         LINE#         30
  C:07C9H         LINE#         32
  C:07ECH         LINE#         33
  C:0824H         LINE#         34
  C:0824H         LINE#         35
  C:0854H         LINE#         36
BL51 BANKED LINKER/LOCATER V6.22                                                      09/18/2025  14:29:35  PAGE 25


  C:0862H         LINE#         37
  C:0868H         LINE#         38
  C:0874H         LINE#         39
  C:0880H         LINE#         40
  C:0880H         LINE#         41
  C:0880H         LINE#         42
  C:0880H         LINE#         43
  C:088DH         LINE#         44
  C:0897H         LINE#         45
  C:08A2H         LINE#         46
  C:08ADH         LINE#         47
  C:08ADH         LINE#         48
  C:08ADH         LINE#         49
  C:08ADH         LINE#         50
  C:08BAH         LINE#         51
  C:08C4H         LINE#         52
  C:08CFH         LINE#         53
  C:08DAH         LINE#         54
  C:08DAH         LINE#         55
  C:08DAH         LINE#         56
  C:08DAH         LINE#         57
  C:08E7H         LINE#         58
  C:08F1H         LINE#         59
  C:08FCH         LINE#         60
  C:0905H         LINE#         61
  C:0905H         LINE#         62
  C:0905H         LINE#         63
  C:0905H         LINE#         64
  C:0905H         LINE#         65
  C:0905H         LINE#         66
  C:090DH         LINE#         67
  C:090DH         LINE#         68
  C:090DH         LINE#         69
  C:0913H         LINE#         70
  -------         ENDPROC       _?SYS_STEPMOTOR_DRV
  -------         PROC          STEPMOTORINIT
  C:299FH         LINE#         72
  C:299FH         LINE#         73
  C:299FH         LINE#         74
  C:29A2H         LINE#         75
  C:29A5H         LINE#         76
  C:29A8H         LINE#         77
  C:29B6H         LINE#         78
  -------         ENDPROC       STEPMOTORINIT
  -------         PROC          _SETSTEPMOTOR
  D:007CH         SYMBOL        StepMotor
  D:0005H         SYMBOL        speed
  D:0002H         SYMBOL        steps
  C:19E2H         LINE#         80
  C:19E4H         LINE#         81
  C:1A17H         LINE#         82
  C:1A3FH         LINE#         83
  C:1A6FH         LINE#         84
  C:1A87H         LINE#         85
  C:1A8AH         LINE#         86
  C:1A8AH         LINE#         87
  C:1A8CH         LINE#         88
BL51 BANKED LINKER/LOCATER V6.22                                                      09/18/2025  14:29:35  PAGE 26


  -------         ENDPROC       _SETSTEPMOTOR
  -------         PROC          _EMSTOP
  D:0007H         SYMBOL        StepMotor
  -------         DO            
  D:0002H         SYMBOL        a
  -------         ENDDO         
  C:22ACH         LINE#         90
  C:22ACH         LINE#         91
  C:22ACH         LINE#         92
  C:22B6H         LINE#         93
  C:22D4H         LINE#         94
  C:22EBH         LINE#         95
  C:22F0H         LINE#         96
  C:22F0H         LINE#         97
  C:22F3H         LINE#         98
  -------         ENDPROC       _EMSTOP
  -------         PROC          _GETSTEPMOTORSTATUS
  D:0007H         SYMBOL        StepMotor
  C:256CH         LINE#         100
  C:256CH         LINE#         101
  C:2576H         LINE#         102
  C:2598H         LINE#         103
  C:259BH         LINE#         104
  C:259BH         LINE#         105
  C:259DH         LINE#         106
  -------         ENDPROC       _GETSTEPMOTORSTATUS
  -------         PROC          _STEPLEDPRINT
  D:0007H         SYMBOL        led
  D:0005H         SYMBOL        run
  C:2539H         LINE#         108
  C:2539H         LINE#         109
  C:2548H         LINE#         110
  C:2550H         LINE#         111
  C:2551H         LINE#         112
  C:2559H         LINE#         113
  C:255AH         LINE#         114
  C:2562H         LINE#         115
  C:2563H         LINE#         116
  C:256BH         LINE#         117
  C:256BH         LINE#         118
  C:256BH         LINE#         119
  C:256BH         LINE#         120
  -------         ENDPROC       _STEPLEDPRINT
  -------         ENDMOD        STEPMOTOR

  -------         MODULE        SYS
  C:0000H         SYMBOL        _ICE_DUMMY_
  X:0000H         PUBLIC        count_1mS
  B:00D8H.2       PUBLIC        CCF2
  D:0080H         PUBLIC        P0
  B:0020H.1       PUBLIC        flag_1S
  D:0090H         PUBLIC        P1
  D:00A0H         PUBLIC        P2
  D:00B0H         PUBLIC        P3
  D:00C0H         PUBLIC        P4
  X:0001H         PUBLIC        T1
  D:00C8H         PUBLIC        P5
BL51 BANKED LINKER/LOCATER V6.22                                                      09/18/2025  14:29:35  PAGE 27


  X:0003H         PUBLIC        T2
  B:00A8H.7       PUBLIC        EA
  D:00E8H         PUBLIC        P6
  D:00F8H         PUBLIC        P7
  D:0009H         PUBLIC        IrDatNum
  B:00D8H.7       PUBLIC        CF
  B:0020H.2       PUBLIC        Ir_Coder
  B:0020H.3       PUBLIC        Ir_RxBusy
  D:00A8H         PUBLIC        IE
  B:0020H.4       PUBLIC        Ir_TxBusy
  X:0005H         PUBLIC        userfunccall
  D:00FAH         PUBLIC        CCAP0H
  D:00FBH         PUBLIC        CCAP1H
  C:1EC1H         PUBLIC        sys_task_Ir
  D:000AH         PUBLIC        IrCount_j
  D:000BH         PUBLIC        IrRx_count
  D:000CH         PUBLIC        IrProtocol
  D:00EAH         PUBLIC        CCAP0L
  D:000DH         PUBLIC        IrTx_count
  D:00EBH         PUBLIC        CCAP1L
  D:00DAH         PUBLIC        CCAPM0
  D:00DBH         PUBLIC        CCAPM1
  D:000EH         PUBLIC        MainLoops
  D:00B8H         PUBLIC        IP
  B:00D0H.7       PUBLIC        CY
  B:0020H.5       PUBLIC        flag_10mS
  D:00D8H         PUBLIC        CCON
  C:2AE3H         PUBLIC        GetBeepTimer
  C:225AH         PUBLIC        sys_Timer0_isr
  C:1FCDH         PUBLIC        _SetEventCallBack
  C:2B1EH         PUBLIC        MySTC_Init
  C:2448H         PUBLIC        sys_task_100mS
  X:0029H         PUBLIC        ModBus_interval_time
  C:0026H         PUBLIC        _?ret0func
  C:2207H         PUBLIC        GetUltraSonic
  X:002AH         PUBLIC        count_10mS
  X:002BH         PUBLIC        stcDrivers
  C:2AECH         PUBLIC        _SetBeepTimer
  B:0020H.6       PUBLIC        flag_IrRxFinished
  D:0098H         PUBLIC        SCON
  C:29F5H         PUBLIC        _SetCCP0
  C:24C6H         PUBLIC        MySTC_OS
  D:0089H         PUBLIC        TMOD
  D:0088H         PUBLIC        TCON
  B:0020H.7       PUBLIC        flag_Ir
  B:00B0H.5       PUBLIC        P35
  D:0012H         PUBLIC        IrRxNum
  X:0061H         PUBLIC        SysPerformance
  D:008EH         PUBLIC        AUXR
  C:1B37H         PUBLIC        sys_CCP_isr
  C:166AH         PUBLIC        sys_task_1mS
  B:00A8H.1       PUBLIC        ET0
  C:003EH         PUBLIC        ClrBeepPin
  D:008CH         PUBLIC        TH0
  B:0021H.0       PUBLIC        flag_100mS
  X:0066H         PUBLIC        distance
  D:008AH         PUBLIC        TL0
BL51 BANKED LINKER/LOCATER V6.22                                                      09/18/2025  14:29:35  PAGE 28


  D:0013H         PUBLIC        PollingMisses
  X:0068H         PUBLIC        sys_BP
  B:0088H.4       PUBLIC        TR0
  C:26C1H         PUBLIC        sys_task_1S
  C:2AFEH         PUBLIC        GetSysPerformance
  B:0021H.1       PUBLIC        matchModBus
  X:006EH         PUBLIC        count_100mS
  B:0021H.2       PUBLIC        Ir_BitBusy
  D:0014H         PUBLIC        IrDat_count
  D:0015H         PUBLIC        IrMute_count
  B:0021H.3       PUBLIC        newFrame1
  C:22F4H         PUBLIC        sys_Timer0_Init
  B:0021H.4       PUBLIC        newFrame2
  D:0016H         PUBLIC        IrDataPc
  C:0029H         PUBLIC        _?nullfunc
  B:0021H.5       PUBLIC        flag_1mS
  B:0021H.6       PUBLIC        newUS
  D:008FH         PUBLIC        INT_CLKO
  C:1C84H         PUBLIC        sys_task_10mS
  D:00D0H         PUBLIC        PSW
  B:00D8H.0       PUBLIC        CCF0
  B:00B0H.4       PUBLIC        Beep
  B:00D8H.1       PUBLIC        CCF1
  -------         PROC          _?NULLFUNC
  C:0029H         LINE#         13
  -------         ENDPROC       _?NULLFUNC
  -------         PROC          _?RET0FUNC
  C:0026H         LINE#         14
  -------         ENDPROC       _?RET0FUNC
  -------         PROC          SYS_TIMER0_INIT
  C:22F4H         LINE#         96
  C:22F4H         LINE#         97
  C:22F7H         LINE#         98
  C:22FAH         LINE#         99
  C:2310H         LINE#         100
  C:2336H         LINE#         101
  C:2338H         LINE#         102
  C:233AH         LINE#         103
  -------         ENDPROC       SYS_TIMER0_INIT
  -------         PROC          SYS_TIMER0_ISR
  -------         DO            
  D:0008H         SYMBOL        i
  -------         ENDDO         
  C:225AH         LINE#         105
  C:225EH         LINE#         107
  C:2261H         LINE#         108
  C:2264H         LINE#         109
  C:2269H         LINE#         110
  C:226BH         LINE#         111
  C:226BH         LINE#         112
  C:2271H         LINE#         113
  C:2277H         LINE#         114
  C:227AH         LINE#         115
  C:227CH         LINE#         116
  C:227FH         LINE#         117
  C:2283H         LINE#         118
  C:2285H         LINE#         119
BL51 BANKED LINKER/LOCATER V6.22                                                      09/18/2025  14:29:35  PAGE 29


  C:2288H         LINE#         120
  C:228AH         LINE#         122
  C:228DH         LINE#         123
  C:228FH         LINE#         124
  C:2294H         LINE#         125
  C:2294H         LINE#         126
  C:2296H         LINE#         128
  C:229FH         LINE#         129
  C:22A1H         LINE#         130
  C:22A7H         LINE#         131
  C:22A7H         LINE#         132
  C:22A7H         LINE#         133
  C:22A7H         LINE#         134
  -------         ENDPROC       SYS_TIMER0_ISR
  -------         PROC          GETULTRASONIC
  -------         DO            
  D:007AH         SYMBOL        a
  -------         ENDDO         
  C:2207H         LINE#         138
  C:2207H         LINE#         139
  C:2207H         LINE#         140
  C:220AH         LINE#         141
  C:220CH         LINE#         142
  C:221BH         LINE#         143
  C:2251H         LINE#         144
  C:2251H         LINE#         145
  C:2259H         LINE#         146
  -------         ENDPROC       GETULTRASONIC
  -------         PROC          GETBEEPTIMER
  C:2AE3H         LINE#         148
  C:2AE3H         LINE#         149
  C:2AEBH         LINE#         150
  -------         ENDPROC       GETBEEPTIMER
  -------         PROC          _SETBEEPTIMER
  D:0006H         SYMBOL        a
  C:2AECH         LINE#         152
  C:2AECH         LINE#         153
  C:2AF4H         LINE#         154
  -------         ENDPROC       _SETBEEPTIMER
  -------         PROC          _SETCCP0
  D:0006H         SYMBOL        step
  D:0004H         SYMBOL        next
  C:29F5H         LINE#         156
  C:29F5H         LINE#         157
  C:29FDH         LINE#         158
  C:2A05H         LINE#         159
  -------         ENDPROC       _SETCCP0
  -------         PROC          CLRBEEPPIN
  C:003EH         LINE#         161
  C:003EH         LINE#         162
  C:0040H         LINE#         163
  -------         ENDPROC       CLRBEEPPIN
  -------         PROC          SYS_CCP_ISR
  -------         DO            
  B:0020H.0       SYMBOL        a
  -------         ENDDO         
  C:1B37H         LINE#         165
BL51 BANKED LINKER/LOCATER V6.22                                                      09/18/2025  14:29:35  PAGE 30


  C:1B4AH         LINE#         167
  C:1B51H         LINE#         168
  C:1B58H         LINE#         169
  C:1B5BH         LINE#         170
  C:1B5DH         LINE#         171
  C:1B6DH         LINE#         172
  C:1B74H         LINE#         173
  C:1B77H         LINE#         174
  C:1B79H         LINE#         175
  C:1B7BH         LINE#         177
  C:1B8FH         LINE#         178
  C:1B92H         LINE#         179
  C:1B94H         LINE#         180
  C:1B96H         LINE#         181
  C:1B98H         LINE#         183
  C:1B98H         LINE#         184
  C:1B9BH         LINE#         185
  C:1B9DH         LINE#         186
  C:1BA7H         LINE#         187
  C:1BA9H         LINE#         188
  C:1BB2H         LINE#         189
  C:1BB5H         LINE#         190
  C:1BC7H         LINE#         191
  C:1BC9H         LINE#         193
  C:1BCBH         LINE#         194
  C:1BCEH         LINE#         195
  C:1BCEH         LINE#         196
  C:1BCEH         LINE#         197
  -------         ENDPROC       SYS_CCP_ISR
  -------         PROC          MYSTC_INIT
  C:2B1EH         LINE#         199
  C:2B1EH         LINE#         200
  C:2B21H         LINE#         201
  C:2B23H         LINE#         202
  -------         ENDPROC       MYSTC_INIT
  -------         PROC          SYS_TASK_IR
  -------         DO            
  D:0007H         SYMBOL        a
  -------         ENDDO         
  C:1EC1H         LINE#         204
  C:1EC1H         LINE#         205
  C:1EC1H         LINE#         206
  C:1ED7H         LINE#         207
  C:1EDEH         LINE#         208
  C:1EE1H         LINE#         209
  C:1EE4H         LINE#         210
  C:1EFAH         LINE#         211
  C:1F0AH         LINE#         212
  C:1F12H         LINE#         213
  C:1F15H         LINE#         214
  C:1F17H         LINE#         216
  C:1F2DH         LINE#         217
  C:1F41H         LINE#         218
  C:1F41H         LINE#         219
  C:1F43H         LINE#         220
  C:1F46H         LINE#         222
  C:1F46H         LINE#         224
BL51 BANKED LINKER/LOCATER V6.22                                                      09/18/2025  14:29:35  PAGE 31


  C:1F48H         LINE#         225
  C:1F4BH         LINE#         226
  C:1F4BH         LINE#         227
  -------         ENDPROC       SYS_TASK_IR
  -------         PROC          SYS_TASK_1MS
  C:166AH         LINE#         229
  C:166AH         LINE#         230
  C:1672H         LINE#         231
  C:1675H         LINE#         232
  C:1677H         LINE#         233
  C:167FH         LINE#         234
  C:1682H         LINE#         235
  C:1684H         LINE#         236
  C:168CH         LINE#         237
  C:168FH         LINE#         238
  C:1691H         LINE#         239
  C:1691H         LINE#         240
  C:1691H         LINE#         241
  C:1691H         LINE#         242
  C:169DH         LINE#         243
  C:16A9H         LINE#         244
  C:16B5H         LINE#         245
  C:16C1H         LINE#         246
  C:16CDH         LINE#         247
  C:16D9H         LINE#         248
  C:16F4H         LINE#         249
  C:1703H         LINE#         250
  C:170FH         LINE#         251
  C:1711H         LINE#         252
  C:1711H         LINE#         253
  C:171AH         LINE#         254
  C:171FH         LINE#         255
  C:172EH         LINE#         256
  C:1730H         LINE#         257
  C:1730H         LINE#         258
  C:1732H         LINE#         260
  C:1741H         LINE#         261
  C:174DH         LINE#         262
  C:174FH         LINE#         263
  C:174FH         LINE#         264
  C:174FH         LINE#         265
  -------         ENDPROC       SYS_TASK_1MS
  -------         PROC          SYS_TASK_10MS
  C:1C84H         LINE#         268
  C:1C84H         LINE#         269
  C:1C90H         LINE#         270
  C:1C9CH         LINE#         271
  C:1CA8H         LINE#         272
  C:1CB4H         LINE#         273
  C:1CCFH         LINE#         274
  C:1CEAH         LINE#         275
  C:1D05H         LINE#         276
  C:1D08H         LINE#         277
  C:1D0AH         LINE#         278
  C:1D16H         LINE#         279
  C:1D16H         LINE#         280
  -------         ENDPROC       SYS_TASK_10MS
BL51 BANKED LINKER/LOCATER V6.22                                                      09/18/2025  14:29:35  PAGE 32


  -------         PROC          SYS_TASK_100MS
  C:2448H         LINE#         282
  C:2448H         LINE#         283
  C:2454H         LINE#         284
  C:246FH         LINE#         285
  C:247BH         LINE#         286
  -------         ENDPROC       SYS_TASK_100MS
  -------         PROC          SYS_TASK_1S
  C:26C1H         LINE#         289
  C:26C1H         LINE#         290
  C:26CFH         LINE#         291
  C:26D5H         LINE#         292
  C:26DEH         LINE#         293
  C:26E0H         LINE#         294
  -------         ENDPROC       SYS_TASK_1S
  -------         PROC          MYSTC_OS
  C:24C6H         LINE#         297
  C:24C6H         LINE#         298
  C:24CEH         LINE#         299
  C:24D6H         LINE#         300
  C:24DEH         LINE#         301
  C:24E6H         LINE#         302
  C:24EEH         LINE#         303
  C:2503H         LINE#         306
  -------         ENDPROC       MYSTC_OS
  -------         PROC          _SETEVENTCALLBACK
  D:0007H         SYMBOL        event
  D:0054H         SYMBOL        user_callback
  C:1FCDH         LINE#         308
  C:1FD3H         LINE#         309
  C:2004H         LINE#         310
  C:2007H         LINE#         311
  C:2009H         LINE#         312
  C:200CH         LINE#         313
  C:200EH         LINE#         314
  C:2011H         LINE#         315
  C:2013H         LINE#         316
  C:2016H         LINE#         317
  C:2018H         LINE#         318
  C:201BH         LINE#         319
  C:201DH         LINE#         320
  C:2020H         LINE#         321
  C:2022H         LINE#         322
  C:2025H         LINE#         323
  C:2027H         LINE#         324
  C:202AH         LINE#         325
  C:202CH         LINE#         326
  C:202FH         LINE#         327
  C:2031H         LINE#         328
  C:2034H         LINE#         329
  C:2036H         LINE#         330
  C:2039H         LINE#         331
  C:203BH         LINE#         332
  C:2049H         LINE#         333
  C:2049H         LINE#         334
  C:2049H         LINE#         335
  C:2049H         LINE#         336
BL51 BANKED LINKER/LOCATER V6.22                                                      09/18/2025  14:29:35  PAGE 33


  -------         ENDPROC       _SETEVENTCALLBACK
  -------         PROC          GETSYSPERFORMANCE
  C:2AFEH         LINE#         338
  C:2AFEH         LINE#         339
  C:2B04H         LINE#         340
  -------         ENDPROC       GETSYSPERFORMANCE
  -------         ENDMOD        SYS

  -------         MODULE        VIB
  C:0000H         SYMBOL        _ICE_DUMMY_
  D:0080H         PUBLIC        P0
  D:0090H         PUBLIC        P1
  D:00A0H         PUBLIC        P2
  D:00B0H         PUBLIC        P3
  D:00C0H         PUBLIC        P4
  D:00C8H         PUBLIC        P5
  D:00E8H         PUBLIC        P6
  D:00F8H         PUBLIC        P7
  D:00A8H         PUBLIC        IE
  X:0116H         PUBLIC        SV_Event
  C:2A62H         PUBLIC        _?sys_get_SVEvent
  C:2AADH         PUBLIC        _?sys_SV_drv
  D:00B8H         PUBLIC        IP
  B:00A0H.4       PUBLIC        IO_SV
  D:00D8H         PUBLIC        CCON
  D:0098H         PUBLIC        SCON
  D:0088H         PUBLIC        TCON
  C:28B4H         PUBLIC        VibInit
  C:2A71H         PUBLIC        _?GetVibAct
  X:0117H         PUBLIC        sys_SVEvent
  D:00D0H         PUBLIC        PSW
  -------         PROC          _?SYS_SV_DRV
  C:2AADH         LINE#         14
  C:2AADH         LINE#         15
  C:2AB0H         LINE#         16
  C:2AB6H         LINE#         17
  C:2ABAH         LINE#         18
  C:2ABAH         LINE#         19
  -------         ENDPROC       _?SYS_SV_DRV
  -------         PROC          _?SYS_GET_SVEVENT
  -------         DO            
  i:0000H         SYMBOL        a
  -------         ENDDO         
  C:2A62H         LINE#         21
  C:2A64H         LINE#         23
  C:2A6CH         LINE#         24
  C:2A6EH         LINE#         25
  C:2A6EH         LINE#         26
  -------         ENDPROC       _?SYS_GET_SVEVENT
  -------         PROC          VIBINIT
  C:28B4H         LINE#         28
  C:28B4H         LINE#         29
  C:28B4H         LINE#         30
  C:28C2H         LINE#         31
  C:28D0H         LINE#         32
  -------         ENDPROC       VIBINIT
  -------         PROC          _?GETVIBACT
BL51 BANKED LINKER/LOCATER V6.22                                                      09/18/2025  14:29:35  PAGE 34


  -------         DO            
  i:0000H         SYMBOL        a
  -------         ENDDO         
  C:2A71H         LINE#         34
  C:2A73H         LINE#         36
  C:2A7BH         LINE#         37
  C:2A7DH         LINE#         38
  C:2A7DH         LINE#         39
  -------         ENDPROC       _?GETVIBACT
  -------         ENDMOD        VIB

  -------         MODULE        MUSIC
  C:0000H         SYMBOL        _ICE_DUMMY_
  D:0080H         PUBLIC        P0
  D:0090H         PUBLIC        P1
  D:00A0H         PUBLIC        P2
  D:00B0H         PUBLIC        P3
  D:00C0H         PUBLIC        P4
  D:00C8H         PUBLIC        P5
  D:00E8H         PUBLIC        P6
  D:00F8H         PUBLIC        P7
  C:2A80H         PUBLIC        MusicPlayerInit
  D:00A8H         PUBLIC        IE
  C:03A0H         PUBLIC        _?sys_music_drv
  D:00B8H         PUBLIC        IP
  C:2B24H         PUBLIC        GetPlayerMode
  X:00F1H         PUBLIC        music
[...]
  -------         PROC          _IRINIT
  D:0007H         SYMBOL        Protocol
  C:2A16H         LINE#         19
  C:2A16H         LINE#         20
  C:2A19H         LINE#         21
  C:2A1CH         LINE#         22
  C:2A1EH         LINE#         23
  C:2A20H         LINE#         24
  C:2A22H         LINE#         25
  C:2A25H         LINE#         26
  -------         ENDPROC       _IRINIT
  -------         PROC          SYS_IRRXD_ISR
  -------         DO            
  D:0019H         SYMBOL        a
  D:001AH         SYMBOL        BitRxCount
  -------         ENDDO         
  C:20C2H         LINE#         28
  C:20D5H         LINE#         31
  C:20D8H         LINE#         32
  C:20DAH         LINE#         33
  C:20DDH         LINE#         34
  C:20E0H         LINE#         35
  C:20E3H         LINE#         36
  C:20E9H         LINE#         37
  C:20EBH         LINE#         39
  C:20F2H         LINE#         40
  C:20F8H         LINE#         41
  C:2101H         LINE#         42
  C:2104H         LINE#         43
  C:210BH         LINE#         44
  C:210EH         LINE#         45
  C:211FH         LINE#         46
  C:2121H         LINE#         47
  C:2121H         LINE#         48
  C:2123H         LINE#         49
  C:2125H         LINE#         50
  C:2125H         LINE#         51
  C:2128H         LINE#         52
  -------         ENDPROC       SYS_IRRXD_ISR
  -------         PROC          _SETIRRXD
  D:0001H         SYMBOL        RxdPt
  D:0005H         SYMBOL        RxdNmax
  C:2AF5H         LINE#         54
  C:2AF5H         LINE#         55
  C:2AFBH         LINE#         56
  C:2AFDH         LINE#         57
  -------         ENDPROC       _SETIRRXD
  -------         PROC          GETIRRXNUM
  C:2B2AH         LINE#         59
  C:2B2AH         LINE#         60
  C:2B2CH         LINE#         61
  -------         ENDPROC       GETIRRXNUM
BL51 BANKED LINKER/LOCATER V6.22                                                      09/18/2025  14:29:35  PAGE 45


  -------         PROC          _IRTXDSET
  D:0001H         SYMBOL        pt
  D:0005H         SYMBOL        num
  C:25CFH         LINE#         63
  C:25CFH         LINE#         64
  C:25E5H         LINE#         65
  C:25EBH         LINE#         66
  C:25F0H         LINE#         67
  C:25F2H         LINE#         68
  C:25F5H         LINE#         69
  C:25F8H         LINE#         70
  C:25FAH         LINE#         71
  C:25FDH         LINE#         72
  C:25FDH         LINE#         73
  C:25FFH         LINE#         74
  -------         ENDPROC       _IRTXDSET
  -------         PROC          _IRPRINT
  D:0001H         SYMBOL        pt
  D:0005H         SYMBOL        num
  C:2487H         LINE#         76
  C:2487H         LINE#         77
  C:249DH         LINE#         78
  C:24A0H         LINE#         79
  C:24A3H         LINE#         80
  C:24A6H         LINE#         81
  C:24A8H         LINE#         82
  C:24ABH         LINE#         83
  C:24B1H         LINE#         84
  C:24B9H         LINE#         85
  C:24BBH         LINE#         86
  C:24BEH         LINE#         87
  C:24C0H         LINE#         88
  C:24C3H         LINE#         89
  C:24C3H         LINE#         90
  C:24C5H         LINE#         91
  -------         ENDPROC       _IRPRINT
  -------         PROC          GETIRSTATUS
  C:28EDH         LINE#         93
  C:28EDH         LINE#         94
  C:2906H         LINE#         95
  C:2908H         LINE#         96
  -------         ENDPROC       GETIRSTATUS
  -------         ENDMOD        IR

  -------         MODULE        UART2
  C:0000H         SYMBOL        _ICE_DUMMY_
  D:007DH         PUBLIC        ModBus_Interval_Min
  D:0080H         PUBLIC        P0
  C:0916H         PUBLIC        Uart2_isr
  D:0090H         PUBLIC        P1
  D:00A0H         PUBLIC        P2
  D:00B0H         PUBLIC        P3
  D:00C0H         PUBLIC        P4
  D:00C8H         PUBLIC        P5
  D:00E8H         PUBLIC        P6
  D:00F8H         PUBLIC        P7
  D:00BAH         PUBLIC        P_SW2
BL51 BANKED LINKER/LOCATER V6.22                                                      09/18/2025  14:29:35  PAGE 46


  D:00A8H         PUBLIC        IE
  D:00DBH         PUBLIC        CCAPM1
  D:00B8H         PUBLIC        IP
  C:002AH         PUBLIC        _?nullfunc0
  D:00D8H         PUBLIC        CCON
  C:2600H         PUBLIC        _SetUart2Rxd
  B:0090H.0       PUBLIC        P10
  B:0090H.1       PUBLIC        P11
  D:0098H         PUBLIC        SCON
  D:0088H         PUBLIC        TCON
  D:00AFH         PUBLIC        IE2
  D:008EH         PUBLIC        AUXR
  C:2ABBH         PUBLIC        GetUart2TxStatus
  D:00D6H         PUBLIC        T2H
  B:00B0H.7       PUBLIC        M485_TxEn
  D:00D7H         PUBLIC        T2L
  C:2631H         PUBLIC        _Uart2Print
  D:009BH         PUBLIC        S2BUF
  D:009AH         PUBLIC        S2CON
  C:1927H         PUBLIC        _Uart2Init
  X:00C3H         PUBLIC        Uart2usage
  C:2A8FH         PUBLIC        _?sys_get_Uart2RxdEvent
  X:00C4H         PUBLIC        com2
  D:00D0H         PUBLIC        PSW
  -------         PROC          UART2_ISR
  C:0916H         LINE#         19
  C:0933H         LINE#         20
  C:0938H         LINE#         21
  C:093BH         LINE#         22
  C:096FH         LINE#         24
  C:0974H         LINE#         25
  C:097CH         LINE#         26
  C:097CH         LINE#         27
  C:097CH         LINE#         29
  C:0984H         LINE#         30
  C:0987H         LINE#         31
  C:098AH         LINE#         32
  C:098CH         LINE#         33
  C:0993H         LINE#         34
  C:0995H         LINE#         35
  C:0995H         LINE#         36
  C:09A0H         LINE#         37
  C:09B4H         LINE#         38
  C:09C8H         LINE#         39
  C:09D7H         LINE#         40
  C:09E5H         LINE#         41
  C:0A17H         LINE#         42
  C:0A25H         LINE#         43
  C:0A25H         LINE#         44
  C:0A2BH         LINE#         45
  C:0A2EH         LINE#         47
  C:0A42H         LINE#         48
  C:0A56H         LINE#         49
  C:0A65H         LINE#         50
  C:0A73H         LINE#         51
  C:0AABH         LINE#         52
  C:0AB9H         LINE#         53
BL51 BANKED LINKER/LOCATER V6.22                                                      09/18/2025  14:29:35  PAGE 47


  C:0AB9H         LINE#         55
  C:0ACEH         LINE#         56
  C:0AD4H         LINE#         57
  C:0AD6H         LINE#         58
  C:0AD6H         LINE#         59
  C:0AD6H         LINE#         60
  C:0AD6H         LINE#         61
  -------         ENDPROC       UART2_ISR
  -------         PROC          _?SYS_GET_UART2RXDEVENT
  -------         DO            
  i:0000H         SYMBOL        a
  -------         ENDDO         
  C:2A8FH         LINE#         63
  C:2A91H         LINE#         65
  C:2A99H         LINE#         66
  C:2A9BH         LINE#         67
  C:2A9BH         LINE#         68
  -------         ENDPROC       _?SYS_GET_UART2RXDEVENT
  -------         PROC          _?NULLFUNC0
  C:002AH         LINE#         70
  -------         ENDPROC       _?NULLFUNC0
  -------         PROC          _UART2INIT
  D:0054H         SYMBOL        band
  D:0058H         SYMBOL        Uart2mode
  C:1927H         LINE#         72
  C:192FH         LINE#         73
  C:192FH         LINE#         76
  C:1935H         LINE#         77
  C:1939H         LINE#         78
  C:193CH         LINE#         79
  C:1942H         LINE#         80
  C:1950H         LINE#         81
  C:1953H         LINE#         82
  C:1955H         LINE#         83
  C:1957H         LINE#         84
  C:1959H         LINE#         86
  C:195BH         LINE#         87
  C:196FH         LINE#         88
  C:1976H         LINE#         89
  C:197CH         LINE#         90
  C:197CH         LINE#         92
  C:197FH         LINE#         93
  C:199EH         LINE#         94
  C:19CDH         LINE#         95
  C:19D0H         LINE#         96
  C:19D3H         LINE#         97
  C:19E1H         LINE#         98
  -------         ENDPROC       _UART2INIT
  -------         PROC          _SETUART2RXD
  D:0001H         SYMBOL        RxdPt
  D:0004H         SYMBOL        Nmax
  D:0059H         SYMBOL        matchhead
  D:005CH         SYMBOL        matchheadsize
  C:2600H         LINE#         100
  C:2600H         LINE#         101
  C:260BH         LINE#         102
  C:2611H         LINE#         103
BL51 BANKED LINKER/LOCATER V6.22                                                      09/18/2025  14:29:35  PAGE 48


  C:261BH         LINE#         104
  C:2629H         LINE#         105
  C:262BH         LINE#         106
  C:2630H         LINE#         107
  -------         ENDPROC       _SETUART2RXD
  -------         PROC          _UART2PRINT
  D:0001H         SYMBOL        pt
  D:0004H         SYMBOL        num
  C:2631H         LINE#         109
  C:2631H         LINE#         110
  C:2637H         LINE#         111
  C:2637H         LINE#         112
  C:263FH         LINE#         114
  C:264AH         LINE#         115
  C:264FH         LINE#         116
  C:2655H         LINE#         117
  C:2659H         LINE#         119
  C:265CH         LINE#         120
  C:265FH         LINE#         121
  C:265FH         LINE#         122
  C:2661H         LINE#         123
  -------         ENDPROC       _UART2PRINT
  -------         PROC          GETUART2TXSTATUS
  C:2ABBH         LINE#         125
  C:2ABBH         LINE#         126
  C:2AC3H         LINE#         127
  C:2AC5H         LINE#         128
  -------         ENDPROC       GETUART2TXSTATUS
  -------         ENDMOD        UART2

  -------         MODULE        UART1
  C:0000H         SYMBOL        _ICE_DUMMY_
  C:10DFH         PUBLIC        Uart1_isr
  D:0080H         PUBLIC        P0
  D:0090H         PUBLIC        P1
  D:00A0H         PUBLIC        P2
  D:00B0H         PUBLIC        P3
  D:00C0H         PUBLIC        P4
  D:00C8H         PUBLIC        P5
  D:00E8H         PUBLIC        P6
  D:00F8H         PUBLIC        P7
  D:00A8H         PUBLIC        IE
  B:00A8H.4       PUBLIC        ES
  D:00B8H         PUBLIC        IP
  B:0098H.0       PUBLIC        RI
  B:0098H.1       PUBLIC        TI
  D:00D8H         PUBLIC        CCON
  C:2662H         PUBLIC        _SetUart1Rxd
  D:0099H         PUBLIC        SBUF
  D:0098H         PUBLIC        SCON
  D:0089H         PUBLIC        TMOD
  D:0088H         PUBLIC        TCON
  D:008EH         PUBLIC        AUXR
  C:2AC6H         PUBLIC        GetUart1TxStatus
  B:00A8H.3       PUBLIC        ET1
  D:008DH         PUBLIC        TH1
  D:008BH         PUBLIC        TL1
BL51 BANKED LINKER/LOCATER V6.22                                                      09/18/2025  14:29:35  PAGE 49


  B:0088H.6       PUBLIC        TR1
  C:2765H         PUBLIC        _Uart1Print
  C:2139H         PUBLIC        _Uart1Init
  C:2A9EH         PUBLIC        _?sys_get_Uart1RxdEvent
  X:00D9H         PUBLIC        com1
  D:00D0H         PUBLIC        PSW
  -------         PROC          UART1_ISR
  C:10DFH         LINE#         10
  C:10FCH         LINE#         11
  C:10FFH         LINE#         12
  C:1101H         LINE#         13
  C:1135H         LINE#         14
  C:113AH         LINE#         15
  C:113AH         LINE#         16
  C:1140H         LINE#         17
  C:1142H         LINE#         18
  C:1145H         LINE#         19
  C:1147H         LINE#         20
  C:114EH         LINE#         21
  C:114EH         LINE#         22
  C:1162H         LINE#         23
  C:1176H         LINE#         24
  C:1185H         LINE#         25
  C:1193H         LINE#         26
  C:11CBH         LINE#         27
  C:11D9H         LINE#         28
  C:11D9H         LINE#         30
  C:11EEH         LINE#         31
  C:11F4H         LINE#         32
  C:11F6H         LINE#         33
  C:11F6H         LINE#         34
  C:11F6H         LINE#         35
  -------         ENDPROC       UART1_ISR
  -------         PROC          _?SYS_GET_UART1RXDEVENT
  -------         DO            
  i:0000H         SYMBOL        a
  -------         ENDDO         
  C:2A9EH         LINE#         37
  C:2AA0H         LINE#         39
  C:2AA8H         LINE#         40
  C:2AAAH         LINE#         41
  C:2AAAH         LINE#         42
  -------         ENDPROC       _?SYS_GET_UART1RXDEVENT
  -------         PROC          _UART1INIT
  D:0054H         SYMBOL        band
  C:2139H         LINE#         44
  C:2141H         LINE#         45
  C:2141H         LINE#         47
  C:2144H         LINE#         48
  C:2147H         LINE#         49
  C:214AH         LINE#         50
  C:214DH         LINE#         51
  C:216CH         LINE#         52
  C:219BH         LINE#         53
  C:219DH         LINE#         54
  C:219FH         LINE#         55
  C:21A1H         LINE#         56
BL51 BANKED LINKER/LOCATER V6.22                                                      09/18/2025  14:29:35  PAGE 50


  C:21AFH         LINE#         57
  -------         ENDPROC       _UART1INIT
  -------         PROC          _SETUART1RXD
  D:0001H         SYMBOL        RxdPt
  D:0004H         SYMBOL        Nmax
  D:0059H         SYMBOL        matchhead
  D:005CH         SYMBOL        matchheadsize
  C:2662H         LINE#         59
  C:2662H         LINE#         60
  C:266DH         LINE#         61
  C:2673H         LINE#         62
  C:267DH         LINE#         63
  C:268BH         LINE#         64
  C:268DH         LINE#         65
  C:2692H         LINE#         66
  -------         ENDPROC       _SETUART1RXD
  -------         PROC          _UART1PRINT
  D:0001H         SYMBOL        pt
  D:0004H         SYMBOL        num
  C:2765H         LINE#         68
  C:2765H         LINE#         69
  C:276BH         LINE#         70
  C:2776H         LINE#         71
  C:277BH         LINE#         72
  C:2781H         LINE#         73
  C:2785H         LINE#         74
  C:2787H         LINE#         75
  C:278AH         LINE#         76
  C:278AH         LINE#         77
  C:278CH         LINE#         78
  -------         ENDPROC       _UART1PRINT
  -------         PROC          GETUART1TXSTATUS
  C:2AC6H         LINE#         80
  C:2AC6H         LINE#         81
  C:2ACEH         LINE#         82
  C:2AD0H         LINE#         83
  -------         ENDPROC       GETUART1TXSTATUS
  -------         ENDMOD        UART1

  -------         MODULE        ?C?COPY
  C:0126H         PUBLIC        ?C?COPY
  -------         ENDMOD        ?C?COPY

  -------         MODULE        ?C?CLDOPTR
  C:014CH         PUBLIC        ?C?CLDOPTR
  -------         ENDMOD        ?C?CLDOPTR

  -------         MODULE        ?C?CSTOPTR
  C:0179H         PUBLIC        ?C?CSTOPTR
  -------         ENDMOD        ?C?CSTOPTR

  -------         MODULE        ?C?IMUL
  C:019BH         PUBLIC        ?C?IMUL
  -------         ENDMOD        ?C?IMUL

  -------         MODULE        ?C?UIDIV
  C:01ADH         PUBLIC        ?C?UIDIV
BL51 BANKED LINKER/LOCATER V6.22                                                      09/18/2025  14:29:35  PAGE 51


  -------         ENDMOD        ?C?UIDIV

  -------         MODULE        ?C?IILDX
  C:0202H         PUBLIC        ?C?IILDX
  -------         ENDMOD        ?C?IILDX

  -------         MODULE        ?C?ILDIX
  C:0218H         PUBLIC        ?C?ILDIX
  -------         ENDMOD        ?C?ILDIX

  -------         MODULE        ?C?LMUL
  C:022EH         PUBLIC        ?C?LMUL
  -------         ENDMOD        ?C?LMUL

  -------         MODULE        ?C?ULDIV
  C:02B9H         PUBLIC        ?C?ULDIV
  -------         ENDMOD        ?C?ULDIV

  -------         MODULE        ?C?SLDIV
  C:2381H         PUBLIC        ?C?SLDIV
  -------         ENDMOD        ?C?SLDIV

  -------         MODULE        ?C?ULSHR
  C:034BH         PUBLIC        ?C?ULSHR
  -------         ENDMOD        ?C?ULSHR

  -------         MODULE        ?C?SLSHR
  C:035EH         PUBLIC        ?C?SLSHR
  -------         ENDMOD        ?C?SLSHR

  -------         MODULE        ?C?LLDCODE
  C:0372H         PUBLIC        ?C?LLDCODE
  -------         ENDMOD        ?C?LLDCODE

  -------         MODULE        ?C?LSTXDATA
  C:0382H         PUBLIC        ?C?LSTXDATA
  -------         ENDMOD        ?C?LSTXDATA

  -------         MODULE        ?C?OFFXADD
  C:038EH         PUBLIC        ?C?OFFXADD
  -------         ENDMOD        ?C?OFFXADD

  -------         MODULE        ?C?ICALL
  C:039AH         PUBLIC        ?C?ICALL
  C:039EH         PUBLIC        ?C?ICALL2
  -------         ENDMOD        ?C?ICALL

  -------         MODULE        ?C_IBP
  D:007EH         PUBLIC        ?C_IBP
  -------         ENDMOD        ?C_IBP

*** WARNING L16: UNCALLED SEGMENT, IGNORED FOR OVERLAY PROCESS
    SEGMENT: ?PR?GETADC?ADC

*** WARNING L16: UNCALLED SEGMENT, IGNORED FOR OVERLAY PROCESS
    SEGMENT: ?PR?_SETDISPLAYERAREA?DISPLAYER

BL51 BANKED LINKER/LOCATER V6.22                                                      09/18/2025  14:29:35  PAGE 52


*** WARNING L16: UNCALLED SEGMENT, IGNORED FOR OVERLAY PROCESS
    SEGMENT: ?PR?_SEG7SETMODE?DISPLAYER

*** WARNING L16: UNCALLED SEGMENT, IGNORED FOR OVERLAY PROCESS
    SEGMENT: ?PR?_LEDSETMODE?DISPLAYER

*** WARNING L16: UNCALLED SEGMENT, IGNORED FOR OVERLAY PROCESS
    SEGMENT: ?PR?GETHALLACT?HALL

*** WARNING L16: UNCALLED SEGMENT, IGNORED FOR OVERLAY PROCESS
    SEGMENT: ?PR?_SETSTEPMOTOR?STEPMOTOR

*** WARNING L16: UNCALLED SEGMENT, IGNORED FOR OVERLAY PROCESS
    SEGMENT: ?PR?_EMSTOP?STEPMOTOR

*** WARNING L16: UNCALLED SEGMENT, IGNORED FOR OVERLAY PROCESS
    SEGMENT: ?PR?_GETSTEPMOTORSTATUS?STEPMOTOR

*** WARNING L16: UNCALLED SEGMENT, IGNORED FOR OVERLAY PROCESS
    SEGMENT: ?PR?_STEPLEDPRINT?STEPMOTOR

*** WARNING L16: UNCALLED SEGMENT, IGNORED FOR OVERLAY PROCESS
    SEGMENT: ?PR?GETULTRASONIC?SYS

*** WARNING L16: UNCALLED SEGMENT, IGNORED FOR OVERLAY PROCESS
    SEGMENT: ?PR?GETSYSPERFORMANCE?SYS

*** WARNING L16: UNCALLED SEGMENT, IGNORED FOR OVERLAY PROCESS
    SEGMENT: ?PR?_?GETVIBACT?VIB

*** WARNING L16: UNCALLED SEGMENT, IGNORED FOR OVERLAY PROCESS
    SEGMENT: ?PR?_SETMUSIC?MUSIC

*** WARNING L16: UNCALLED SEGMENT, IGNORED FOR OVERLAY PROCESS
    SEGMENT: ?PR?_SETPLAYERMODE?MUSIC

*** WARNING L16: UNCALLED SEGMENT, IGNORED FOR OVERLAY PROCESS
    SEGMENT: ?PR?GETPLAYERMODE?MUSIC

*** WARNING L16: UNCALLED SEGMENT, IGNORED FOR OVERLAY PROCESS
    SEGMENT: ?PR?RTC_READ?DS1302

*** WARNING L16: UNCALLED SEGMENT, IGNORED FOR OVERLAY PROCESS
    SEGMENT: ?PR?_SETIRRXD?IR

*** WARNING L16: UNCALLED SEGMENT, IGNORED FOR OVERLAY PROCESS
    SEGMENT: ?PR?GETIRRXNUM?IR

*** WARNING L16: UNCALLED SEGMENT, IGNORED FOR OVERLAY PROCESS
    SEGMENT: ?PR?_IRTXDSET?IR

*** WARNING L16: UNCALLED SEGMENT, IGNORED FOR OVERLAY PROCESS
    SEGMENT: ?PR?GETIRSTATUS?IR

*** WARNING L16: UNCALLED SEGMENT, IGNORED FOR OVERLAY PROCESS
    SEGMENT: ?PR?GETUART2TXSTATUS?UART2

BL51 BANKED LINKER/LOCATER V6.22                                                      09/18/2025  14:29:35  PAGE 53


*** WARNING L16: UNCALLED SEGMENT, IGNORED FOR OVERLAY PROCESS
    SEGMENT: ?PR?_UART1PRINT?UART1

*** WARNING L16: UNCALLED SEGMENT, IGNORED FOR OVERLAY PROCESS
    SEGMENT: ?PR?GETUART1TXSTATUS?UART1

Program Size: data=127.1 xdata=280 code=11050
LINK/LOCATE RUN COMPLETE.  23 WARNING(S),  0 ERROR(S)
