BL51 BANKED LINKER/LOCATER V6.22                                                        09/18/2025  14:45:59  PAGE 1


BL51 BANKED LINKER/LOCATER V6.22, INVOKED BY:
D:\0_SOFTWARE\KEIL5\C51\BIN\BL51.EXE .\Objects\main.obj, .\STCBSP_V3.6b.LIB TO .\Objects\project PRINT (.\Listings\proje
>> ct.m51) RAMSIZE (256)


MEMORY MODEL: SMALL


INPUT MODULES INCLUDED:
  .\Objects\main.obj (MAIN)
  .\STCBSP_V3.6b.LIB (ADC)
  .\STCBSP_V3.6b.LIB (BEEP)
  .\STCBSP_V3.6b.LIB (DISPLAYER)
  .\STCBSP_V3.6b.LIB (KEY)
  .\STCBSP_V3.6b.LIB (SYS)
  .\STCBSP_V3.6b.LIB (DS1302)
  .\STCBSP_V3.6b.LIB (FM_RADIO)
  .\STCBSP_V3.6b.LIB (IR)
  .\STCBSP_V3.6b.LIB (UART2)
  .\STCBSP_V3.6b.LIB (UART1)
  D:\0_SOFTWARE\KEIL5\C51\LIB\C51S.LIB (?C_STARTUP)
  D:\0_SOFTWARE\KEIL5\C51\LIB\C51S.LIB (?C?COPY)
  D:\0_SOFTWARE\KEIL5\C51\LIB\C51S.LIB (?C?CLDPTR)
  D:\0_SOFTWARE\KEIL5\C51\LIB\C51S.LIB (?C?CLDOPTR)
  D:\0_SOFTWARE\KEIL5\C51\LIB\C51S.LIB (?C?CSTOPTR)
  D:\0_SOFTWARE\KEIL5\C51\LIB\C51S.LIB (?C?UIDIV)
  D:\0_SOFTWARE\KEIL5\C51\LIB\C51S.LIB (?C?ILDIX)
  D:\0_SOFTWARE\KEIL5\C51\LIB\C51S.LIB (?C?ILDPTR)
  D:\0_SOFTWARE\KEIL5\C51\LIB\C51S.LIB (?C?LMUL)
  D:\0_SOFTWARE\KEIL5\C51\LIB\C51S.LIB (?C?ULDIV)
  D:\0_SOFTWARE\KEIL5\C51\LIB\C51S.LIB (?C?SLDIV)
  D:\0_SOFTWARE\KEIL5\C51\LIB\C51S.LIB (?C?ULSHR)
  D:\0_SOFTWARE\KEIL5\C51\LIB\C51S.LIB (?C?SLSHR)
  D:\0_SOFTWARE\KEIL5\C51\LIB\C51S.LIB (?C?LLDCODE)
  D:\0_SOFTWARE\KEIL5\C51\LIB\C51S.LIB (?C?LSTXDATA)
  D:\0_SOFTWARE\KEIL5\C51\LIB\C51S.LIB (?C?OFFXADD)
  D:\0_SOFTWARE\KEIL5\C51\LIB\C51S.LIB (?C?ICALL)
  D:\0_SOFTWARE\KEIL5\C51\LIB\C51S.LIB (?C_IBP)
  D:\0_SOFTWARE\KEIL5\C51\LIB\C51S.LIB (?C_INIT)


LINK MAP OF MODULE:  .\Objects\project (MAIN)


            TYPE    BASE      LENGTH    RELOCATION   SEGMENT NAME
            -----------------------------------------------------

            * * * * * * *   D A T A   M E M O R Y   * * * * * * *
            REG     0000H     0008H     ABSOLUTE     "REG BANK 0"
            DATA    0008H     0012H     UNIT         _DATA_GROUP_
            DATA    001AH     0006H     UNIT         ?DT?IR
            BIT     0020H.0   0001H.7   UNIT         ?BI?SYS
            BIT     0021H.7   0000H.1   UNIT         ?BI?ADC
            DATA    0022H     0034H     UNIT         ?DT?MAIN
            DATA    0056H     0011H     UNIT         ?DT?SYS
            DATA    0067H     0008H     UNIT         ?DT?_SEG7SETMODE?DISPLAYER
            DATA    006FH     0008H     UNIT         ?DT?_LEDSETMODE?DISPLAYER
            DATA    0077H     0002H     UNIT         ?DT?_MYDELAY?MAIN
BL51 BANKED LINKER/LOCATER V6.22                                                      09/18/2025  14:45:59  PAGE 2


            DATA    0079H     0002H     UNIT         ?DT?GETULTRASONIC?SYS
            DATA    007BH     0001H     UNIT         ?DT?UART2
            DATA    007CH     0001H     UNIT         ?C?LIB_DATA
            IDATA   007DH     0001H     UNIT         ?STACK

            * * * * * * *  X D A T A   M E M O R Y  * * * * * * *
            XDATA   0000H     006FH     UNIT         ?XD?SYS
            XDATA   006FH     0020H     UNIT         ?XD?ADC
            XDATA   008FH     001EH     UNIT         ?XD?DISPLAYER
            XDATA   00ADH     0018H     UNIT         ?XD?MAIN
            XDATA   00C5H     0016H     UNIT         ?XD?UART2
            XDATA   00DBH     0015H     UNIT         ?XD?UART1
            XDATA   00F0H     000BH     UNIT         ?XD?KEY
            XDATA   00FBH     0009H     UNIT         ?XD?DS1302
            XDATA   0104H     0009H     UNIT         ?XD?FM_RADIO

            * * * * * * *   C O D E   M E M O R Y   * * * * * * *
            CODE    0000H     0003H     ABSOLUTE     
            CODE    0003H     0007H     UNIT         ?PR?GETADC?ADC
            CODE    000AH     0001H     UNIT         ?PR?_?NULLFUNC?SYS
            CODE    000BH     0003H     ABSOLUTE     
            CODE    000EH     0015H     UNIT         ?PR?MYUART2CALLBACK?MAIN
            CODE    0023H     0003H     ABSOLUTE     
            CODE    0026H     0003H     UNIT         ?PR?_?RET0FUNC?SYS
            CODE    0029H     0001H     UNIT         ?PR?_?NULLFUNC0?UART2
                    002AH     0001H                  *** GAP ***
            CODE    002BH     0003H     ABSOLUTE     
            CODE    002EH     000CH     UNIT         ?PR?GETBEEPSTATUS?BEEP
                    003AH     0001H                  *** GAP ***
            CODE    003BH     0003H     ABSOLUTE     
            CODE    003EH     0003H     UNIT         ?PR?CLRBEEPPIN?SYS
                    0041H     0002H                  *** GAP ***
            CODE    0043H     0003H     ABSOLUTE     
            CODE    0046H     000CH     UNIT         ?PR?IIC_RADIO_STOP?FM_RADIO
                    0052H     0001H                  *** GAP ***
            CODE    0053H     0003H     ABSOLUTE     
            CODE    0056H     0366H     UNIT         ?C?LIB_CODE
            CODE    03BCH     01DBH     UNIT         ?PR?UART2_ISR?UART2
            CODE    0597H     01B3H     UNIT         ?PR?_?SYS_ADC_DRV?ADC
            CODE    074AH     0199H     UNIT         ?PR?MY100MSCALLBACK?MAIN
            CODE    08E3H     017BH     UNIT         ?PR?_?SYS_DISPLAY_DRV?DISPLAYER
            CODE    0A5EH     0169H     UNIT         ?PR?MYUART1CALLBACK?MAIN
            CODE    0BC7H     014CH     UNIT         ?C_INITSEG
            CODE    0D13H     013CH     UNIT         ?PR?MYADCCALLBACK?MAIN
            CODE    0E4FH     0132H     UNIT         ?PR?UART1_ISR?UART1
            CODE    0F81H     0127H     UNIT         ?PR?_?SYS_KEY_DRV?KEY
            CODE    10A8H     010DH     UNIT         ?PR?MAIN?MAIN
            CODE    11B5H     00FEH     UNIT         ?PR?DS1302INIT?DS1302
            CODE    12B3H     00F1H     UNIT         ?PR?SYS_TASK_1MS?SYS
            CODE    13A4H     00C6H     UNIT         ?PR?MYKEYCALLBACK?MAIN
            CODE    146AH     00BBH     UNIT         ?PR?_UART2INIT?UART2
            CODE    1525H     00B6H     UNIT         ?PR?SETFMRADIO?FM_RADIO
            CODE    15DBH     00A8H     UNIT         ?PR?SYS_CCP_ISR?SYS
            CODE    1683H     00A5H     UNIT         ?PR?_?SYS_DS1302_DRV?DS1302
            CODE    1728H     0093H     UNIT         ?PR?SYS_TASK_10MS?SYS
            CODE    17BBH     008FH     UNIT         ?PR?_SEG7SETMODE?DISPLAYER
            CODE    184AH     008FH     UNIT         ?PR?_LEDSETMODE?DISPLAYER
BL51 BANKED LINKER/LOCATER V6.22                                                      09/18/2025  14:45:59  PAGE 3


            CODE    18D9H     008CH     UNIT         ?C_C51STARTUP
            CODE    1965H     008BH     UNIT         ?PR?SYS_TASK_IR?SYS
            CODE    19F0H     007DH     UNIT         ?PR?_SETEVENTCALLBACK?SYS
            CODE    1A6DH     0078H     UNIT         ?PR?_SETBEEP?BEEP
            CODE    1AE5H     0077H     UNIT         ?PR?SYS_IRRXD_ISR?IR
            CODE    1B5CH     0077H     UNIT         ?PR?_UART1INIT?UART1
            CODE    1BD3H     005CH     UNIT         ?PR?GETFMRADIO?FM_RADIO
            CODE    1C2FH     0053H     UNIT         ?PR?MY1SCALLBACK?MAIN
            CODE    1C82H     0053H     UNIT         ?PR?GETULTRASONIC?SYS
            CODE    1CD5H     0052H     UNIT         ?PR?SYS_TIMER0_ISR?SYS
            CODE    1D27H     0047H     UNIT         ?PR?SYS_TIMER0_INIT?SYS
            CODE    1D6EH     0046H     UNIT         ?PR?_GETADCNAVACT?ADC
            CODE    1DB4H     0044H     UNIT         ?PR?_?SYS_FMRADIO_DRV?FM_RADIO
            CODE    1DF8H     0044H     UNIT         ?C?LDIV
            CODE    1E3CH     0040H     UNIT         ?PR?_GETKEYACT?KEY
            CODE    1E7CH     003FH     UNIT         ?PR?SYS_TASK_100MS?SYS
            CODE    1EBBH     003FH     UNIT         ?PR?_IRPRINT?IR
            CODE    1EFAH     003EH     UNIT         ?PR?MYSTC_OS?SYS
            CODE    1F38H     0037H     UNIT         ?PR?MYIRCALLBACK?MAIN
            CODE    1F6FH     0037H     UNIT         ?CO?MAIN
            CODE    1FA6H     0034H     UNIT         ?PR?_UARTBUFSET?MAIN
            CODE    1FDAH     0031H     UNIT         ?PR?_ADCINIT?ADC
            CODE    200BH     0031H     UNIT         ?PR?_IRTXDSET?IR
            CODE    203CH     0031H     UNIT         ?PR?_SETUART2RXD?UART2
            CODE    206DH     0031H     UNIT         ?PR?_UART2PRINT?UART2
            CODE    209EH     0031H     UNIT         ?PR?_SETUART1RXD?UART1
            CODE    20CFH     002EH     UNIT         ?PR?_DS1302READ?DS1302
            CODE    20FDH     002BH     UNIT         ?PR?SYS_TASK_1S?SYS
            CODE    2128H     0029H     UNIT         ?PR?_NVM_WRITE?DS1302
            CODE    2151H     0028H     UNIT         ?PR?_?SYS_BEEP_DRV?BEEP
            CODE    2179H     0028H     UNIT         ?PR?_IIC_RADIO_WRITEBYTE?FM_RADIO
            CODE    21A1H     0028H     UNIT         ?PR?_UART1PRINT?UART1
            CODE    21C9H     0025H     UNIT         ?PR?FMRADIOINIT?FM_RADIO
            CODE    21EEH     0022H     UNIT         ?PR?SHOWSEG?MAIN
            CODE    2210H     0020H     UNIT         ?PR?_SEGSET?MAIN
            CODE    2230H     0020H     UNIT         ?PR?BEEPINIT?BEEP
            CODE    2250H     0020H     UNIT         ?PR?_SEG7PRINT?DISPLAYER
            CODE    2270H     0020H     UNIT         ?PR?_DS1302WRITE?DS1302
            CODE    2290H     001DH     UNIT         ?PR?KEYINIT?KEY
            CODE    22ADH     001CH     UNIT         ?PR?IIC_RADIO_ACK?FM_RADIO
            CODE    22C9H     001CH     UNIT         ?PR?GETIRSTATUS?IR
            CODE    22E5H     001BH     UNIT         ?PR?DISPLAYERINIT?DISPLAYER
            CODE    2300H     0019H     UNIT         ?PR?_DS1302WRITEBYTE?DS1302
            CODE    2319H     0019H     UNIT         ?PR?DS1302READBYTE?DS1302
            CODE    2332H     0019H     UNIT         ?PR?RTC_WRITE?DS1302
            CODE    234BH     0018H     UNIT         ?PR?_MYDELAY?MAIN
            CODE    2363H     0016H     UNIT         ?PR?_ADCBUFSET?MAIN
            CODE    2379H     0013H     UNIT         ?PR?_DELAY?FM_RADIO
            CODE    238CH     0013H     UNIT         ?PR?IIC_RADIO_START?FM_RADIO
            CODE    239FH     0012H     UNIT         ?PR?_NVM_READ?DS1302
            CODE    23B1H     0011H     UNIT         ?PR?_SETCCP0?SYS
            CODE    23C2H     0010H     UNIT         ?PR?_IRINIT?IR
            CODE    23D2H     000FH     UNIT         ?PR?_?SYS_GET_KNEVENT?ADC
            CODE    23E1H     000FH     UNIT         ?PR?_?SYS_GET_EXTADCEVENT?ADC
            CODE    23F0H     000FH     UNIT         ?PR?_?SYS_GET_KEYEVENT?KEY
            CODE    23FFH     000FH     UNIT         ?PR?_?SYS_GET_UART2RXDEVENT?UART2
            CODE    240EH     000FH     UNIT         ?PR?_?SYS_GET_UART1RXDEVENT?UART1
BL51 BANKED LINKER/LOCATER V6.22                                                      09/18/2025  14:45:59  PAGE 4


            CODE    241DH     000BH     UNIT         ?PR?GETUART2TXSTATUS?UART2
            CODE    2428H     000BH     UNIT         ?PR?GETUART1TXSTATUS?UART1
            CODE    2433H     0009H     UNIT         ?CO?ADC
            CODE    243CH     0009H     UNIT         ?PR?_SETDISPLAYERAREA?DISPLAYER
            CODE    2445H     0009H     UNIT         ?PR?GETBEEPTIMER?SYS
            CODE    244EH     0009H     UNIT         ?PR?_SETBEEPTIMER?SYS
            CODE    2457H     0009H     UNIT         ?PR?_SETIRRXD?IR
            CODE    2460H     0007H     UNIT         ?PR?GETSYSPERFORMANCE?SYS
            CODE    2467H     0007H     UNIT         ?PR?RTC_READ?DS1302
            CODE    246EH     0006H     UNIT         ?PR?ADC_ISR?ADC
            CODE    2474H     0006H     UNIT         ?PR?_LEDPRINT?DISPLAYER
            CODE    247AH     0006H     UNIT         ?PR?MYSTC_INIT?SYS
            CODE    2480H     0003H     UNIT         ?PR?GETIRRXNUM?IR



OVERLAY MAP OF MODULE:   .\Objects\project (MAIN)


SEGMENT                                     DATA_GROUP 
  +--> CALLED SEGMENT                     START    LENGTH
---------------------------------------------------------
?C_C51STARTUP                             -----    -----
  +--> ?PR?MAIN?MAIN
  +--> ?C_INITSEG

?PR?MAIN?MAIN                             -----    -----
  +--> ?PR?MYSTC_INIT?SYS
  +--> ?PR?DISPLAYERINIT?DISPLAYER
  +--> ?PR?BEEPINIT?BEEP
  +--> ?PR?KEYINIT?KEY
  +--> ?PR?_ADCINIT?ADC
  +--> ?PR?_IRINIT?IR
  +--> ?PR?_UART1INIT?UART1
  +--> ?PR?_UART2INIT?UART2
  +--> ?PR?DS1302INIT?DS1302
  +--> ?PR?FMRADIOINIT?FM_RADIO
  +--> ?CO?MAIN
  +--> ?PR?_SETUART1RXD?UART1
  +--> ?PR?_SETUART2RXD?UART2
  +--> ?PR?_SETIRRXD?IR
  +--> ?PR?_SEG7PRINT?DISPLAYER
  +--> ?PR?_LEDPRINT?DISPLAYER
  +--> ?PR?MY100MSCALLBACK?MAIN
  +--> ?PR?_SETEVENTCALLBACK?SYS
  +--> ?PR?MYKEYCALLBACK?MAIN
  +--> ?PR?MYADCCALLBACK?MAIN
  +--> ?PR?MYUART1CALLBACK?MAIN
  +--> ?PR?MYUART2CALLBACK?MAIN
  +--> ?PR?MYIRCALLBACK?MAIN
  +--> ?PR?MY1SCALLBACK?MAIN
  +--> ?PR?MYSTC_OS?SYS

?PR?MYSTC_INIT?SYS                        -----    -----
  +--> ?PR?SYS_TIMER0_INIT?SYS

?PR?SYS_TIMER0_INIT?SYS                   -----    -----
BL51 BANKED LINKER/LOCATER V6.22                                                      09/18/2025  14:45:59  PAGE 5


  +--> ?CO?MAIN

?PR?DISPLAYERINIT?DISPLAYER               -----    -----
  +--> ?PR?_?SYS_DISPLAY_DRV?DISPLAYER

?PR?_?SYS_DISPLAY_DRV?DISPLAYER           -----    -----
  +--> ?CO?MAIN

?PR?BEEPINIT?BEEP                         -----    -----
  +--> ?PR?CLRBEEPPIN?SYS
  +--> ?PR?_?SYS_BEEP_DRV?BEEP

?PR?_?SYS_BEEP_DRV?BEEP                   -----    -----
  +--> ?PR?GETBEEPTIMER?SYS
  +--> ?PR?_SETBEEPTIMER?SYS

?PR?KEYINIT?KEY                           -----    -----
  +--> ?PR?_?SYS_GET_KEYEVENT?KEY
  +--> ?PR?_?SYS_KEY_DRV?KEY

?PR?_ADCINIT?ADC                          -----    -----
  +--> ?PR?_?SYS_ADC_DRV?ADC
  +--> ?PR?_?SYS_GET_KNEVENT?ADC
  +--> ?PR?_?SYS_GET_EXTADCEVENT?ADC

?PR?_?SYS_ADC_DRV?ADC                     -----    -----
  +--> ?CO?ADC

?PR?_UART1INIT?UART1                      0008H    0004H
  +--> ?CO?MAIN
  +--> ?PR?_?SYS_GET_UART1RXDEVENT?UART1

?PR?_UART2INIT?UART2                      0008H    0005H
  +--> ?PR?_?NULLFUNC0?UART2
  +--> ?CO?MAIN
  +--> ?PR?_?SYS_GET_UART2RXDEVENT?UART2

?PR?DS1302INIT?DS1302                     0008H    0007H
  +--> ?PR?_DS1302READ?DS1302
  +--> ?PR?_DS1302WRITE?DS1302
  +--> ?PR?_NVM_READ?DS1302
  +--> ?PR?RTC_WRITE?DS1302
  +--> ?PR?_NVM_WRITE?DS1302
  +--> ?PR?_?SYS_DS1302_DRV?DS1302

?PR?_DS1302READ?DS1302                    -----    -----
  +--> ?PR?_DS1302WRITEBYTE?DS1302
  +--> ?PR?DS1302READBYTE?DS1302

?PR?_DS1302WRITE?DS1302                   -----    -----
  +--> ?PR?_DS1302WRITEBYTE?DS1302

?PR?_NVM_READ?DS1302                      -----    -----
  +--> ?PR?_DS1302READ?DS1302

?PR?RTC_WRITE?DS1302                      000FH    0007H

BL51 BANKED LINKER/LOCATER V6.22                                                      09/18/2025  14:45:59  PAGE 6


?PR?_NVM_WRITE?DS1302                     -----    -----
  +--> ?PR?_DS1302WRITE?DS1302

?PR?_?SYS_DS1302_DRV?DS1302               -----    -----
  +--> ?PR?_DS1302READ?DS1302
  +--> ?PR?_DS1302WRITE?DS1302

?PR?FMRADIOINIT?FM_RADIO                  0008H    0006H
  +--> ?PR?SETFMRADIO?FM_RADIO
  +--> ?PR?_?SYS_FMRADIO_DRV?FM_RADIO

?PR?SETFMRADIO?FM_RADIO                   000EH    0006H
  +--> ?PR?GETFMRADIO?FM_RADIO

?PR?GETFMRADIO?FM_RADIO                   0014H    0006H

?PR?_?SYS_FMRADIO_DRV?FM_RADIO            -----    -----
  +--> ?PR?IIC_RADIO_START?FM_RADIO
  +--> ?PR?_IIC_RADIO_WRITEBYTE?FM_RADIO
  +--> ?PR?IIC_RADIO_ACK?FM_RADIO
  +--> ?PR?IIC_RADIO_STOP?FM_RADIO

?PR?IIC_RADIO_START?FM_RADIO              -----    -----
  +--> ?PR?_DELAY?FM_RADIO

?PR?_IIC_RADIO_WRITEBYTE?FM_RADIO         -----    -----
  +--> ?PR?_DELAY?FM_RADIO

?PR?IIC_RADIO_ACK?FM_RADIO                -----    -----
  +--> ?PR?_DELAY?FM_RADIO

?PR?IIC_RADIO_STOP?FM_RADIO               -----    -----
  +--> ?PR?_DELAY?FM_RADIO

?PR?_SETUART1RXD?UART1                    0008H    000AH

?PR?_SETUART2RXD?UART2                    0008H    000AH

?PR?_SEG7PRINT?DISPLAYER                  0008H    0008H

?PR?MY100MSCALLBACK?MAIN                  -----    -----
  +--> ?PR?_LEDPRINT?DISPLAYER
  +--> ?PR?_SEGSET?MAIN
  +--> ?PR?_UARTBUFSET?MAIN
  +--> ?PR?_UART1PRINT?UART1
  +--> ?PR?RTC_READ?DS1302
  +--> ?PR?SHOWSEG?MAIN

?PR?_SEGSET?MAIN                          0008H    0008H

?PR?_UARTBUFSET?MAIN                      0009H    0008H

?PR?SHOWSEG?MAIN                          -----    -----
  +--> ?PR?_SEG7PRINT?DISPLAYER

?PR?_SETEVENTCALLBACK?SYS                 0008H    0003H

BL51 BANKED LINKER/LOCATER V6.22                                                      09/18/2025  14:45:59  PAGE 7


?PR?MYKEYCALLBACK?MAIN                    0008H    0001H
  +--> ?PR?_GETKEYACT?KEY
  +--> ?PR?_UARTBUFSET?MAIN
  +--> ?PR?_UART1PRINT?UART1
  +--> ?PR?_SETBEEP?BEEP

?PR?_SETBEEP?BEEP                         0009H    0004H
  +--> ?PR?GETBEEPTIMER?SYS
  +--> ?PR?_SETBEEPTIMER?SYS
  +--> ?CO?MAIN
  +--> ?PR?_SETCCP0?SYS
  +--> ?PR?CLRBEEPPIN?SYS

?PR?MYADCCALLBACK?MAIN                    0008H    0001H
  +--> ?PR?_GETADCNAVACT?ADC
  +--> ?PR?_UARTBUFSET?MAIN
  +--> ?PR?_UART1PRINT?UART1
  +--> ?PR?_SETBEEP?BEEP
  +--> ?PR?SETFMRADIO?FM_RADIO

?PR?MYUART1CALLBACK?MAIN                  -----    -----
  +--> ?PR?_LEDPRINT?DISPLAYER
  +--> ?PR?_UARTBUFSET?MAIN
  +--> ?PR?_UART2PRINT?UART2
  +--> ?PR?_SETBEEP?BEEP
  +--> ?PR?GETUART2TXSTATUS?UART2
  +--> ?PR?RTC_READ?DS1302
  +--> ?PR?RTC_WRITE?DS1302

?PR?MYUART2CALLBACK?MAIN                  -----    -----
  +--> ?PR?_UART1PRINT?UART1

?PR?MYIRCALLBACK?MAIN                     -----    -----
  +--> ?PR?_UARTBUFSET?MAIN
  +--> ?PR?_UART1PRINT?UART1

?PR?MY1SCALLBACK?MAIN                     -----    -----
  +--> ?PR?GETADC?ADC
  +--> ?PR?_ADCBUFSET?MAIN
  +--> ?PR?_UART1PRINT?UART1

?PR?_ADCBUFSET?MAIN                       0008H    0008H

?PR?MYSTC_OS?SYS                          -----    -----
  +--> ?PR?SYS_TASK_IR?SYS
  +--> ?PR?SYS_TASK_1MS?SYS
  +--> ?PR?SYS_TASK_10MS?SYS
  +--> ?PR?SYS_TASK_100MS?SYS
  +--> ?PR?SYS_TASK_1S?SYS

?C_INITSEG                                -----    -----
  +--> ?PR?_?NULLFUNC?SYS
  +--> ?PR?_?RET0FUNC?SYS



SYMBOL TABLE OF MODULE:  .\Objects\project (MAIN)
BL51 BANKED LINKER/LOCATER V6.22                                                      09/18/2025  14:45:59  PAGE 8



  VALUE           TYPE          NAME
  ----------------------------------

  -------         MODULE        MAIN
  C:0000H         SYMBOL        _ICE_DUMMY_
  C:1C2FH         PUBLIC        my1SCallback
  D:0080H         PUBLIC        P0
  D:0090H         PUBLIC        P1
  D:00A0H         PUBLIC        P2
  D:00B0H         PUBLIC        P3
  D:00C0H         PUBLIC        P4
  D:00C8H         PUBLIC        P5
  D:00E8H         PUBLIC        P6
  D:0022H         PUBLIC        receive_buf
  D:00F8H         PUBLIC        P7
  D:002AH         PUBLIC        local_addr
  D:00A8H         PUBLIC        IE
  C:1F38H         PUBLIC        myIRCallback
  C:2363H         PUBLIC        _adcbufSet
  D:00B8H         PUBLIC        IP
  D:00D8H         PUBLIC        CCON
  C:13A4H         PUBLIC        myKeyCallback
  C:10A8H         PUBLIC        main
  D:002BH         PUBLIC        mode
  D:002CH         PUBLIC        adc
  C:1FC4H         PUBLIC        _uartbufSet
  C:1FA0H         PUBLIC        SysClock
  C:1FA4H         PUBLIC        uart_head
  D:0098H         PUBLIC        SCON
  D:0088H         PUBLIC        TCON
  X:00ADH         PUBLIC        receive2_buf
  D:0036H         PUBLIC        clk
  X:00B5H         PUBLIC        seg
  C:0D13H         PUBLIC        myADCCallback
  D:003DH         PUBLIC        clk_mode
  D:003EH         PUBLIC        adc_buf
  C:0A5EH         PUBLIC        myUart1Callback
  C:000EH         PUBLIC        myUart2Callback
  C:074AH         PUBLIC        my100mSCallback
  X:00BDH         PUBLIC        fm
  X:00C3H         PUBLIC        adc_turn
  X:00C4H         PUBLIC        fm_state
  C:234BH         PUBLIC        _myDelay
  D:0046H         PUBLIC        uart_buf
  C:21EEH         PUBLIC        showSeg
  C:2210H         PUBLIC        _segSet
  C:1F6FH         PUBLIC        DECODE_TABLE
  D:004EH         PUBLIC        ir_buf
  D:00D0H         PUBLIC        PSW
  -------         PROC          SHOWSEG
  C:21EEH         LINE#         95
  C:21EEH         LINE#         96
  -------         ENDPROC       SHOWSEG
  C:1FC0H         SYMBOL        L?0101
  -------         PROC          L?0100
  -------         ENDPROC       L?0100
BL51 BANKED LINKER/LOCATER V6.22                                                      09/18/2025  14:45:59  PAGE 9


  C:1FC0H         SYMBOL        L?0101
  -------         PROC          _UARTBUFSET
  D:0007H         SYMBOL        a
  D:0005H         SYMBOL        b
  D:0003H         SYMBOL        c
  D:000CH         SYMBOL        d
  D:000DH         SYMBOL        e
  D:000EH         SYMBOL        f
  D:000FH         SYMBOL        g
  D:0010H         SYMBOL        h
  C:1FC4H         LINE#         99
  C:1FC4H         LINE#         100
  C:1FC6H         LINE#         101
  C:1FC8H         LINE#         102
  C:1FCAH         LINE#         103
  C:1FCDH         LINE#         104
  C:1FD0H         LINE#         105
  C:1FD3H         LINE#         106
  C:1FD6H         LINE#         107
  C:1FD9H         LINE#         108
  -------         ENDPROC       _UARTBUFSET
  -------         PROC          _ADCBUFSET
  D:0007H         SYMBOL        a
  D:0005H         SYMBOL        b
  D:0003H         SYMBOL        c
  D:000BH         SYMBOL        d
  D:000CH         SYMBOL        e
  D:000DH         SYMBOL        f
  D:000EH         SYMBOL        g
  D:000FH         SYMBOL        h
  C:2363H         LINE#         110
  C:2363H         LINE#         111
  C:2365H         LINE#         112
  C:2367H         LINE#         113
  C:2369H         LINE#         114
  C:236CH         LINE#         115
  C:236FH         LINE#         116
  C:2372H         LINE#         117
  C:2375H         LINE#         118
  C:2378H         LINE#         119
  -------         ENDPROC       _ADCBUFSET
  -------         PROC          _SEGSET
  D:0007H         SYMBOL        a
  D:0005H         SYMBOL        b
  D:0003H         SYMBOL        c
  D:000BH         SYMBOL        d
  D:000CH         SYMBOL        e
  D:000DH         SYMBOL        f
  D:000EH         SYMBOL        g
  D:000FH         SYMBOL        h
  C:2210H         LINE#         121
  C:2210H         LINE#         122
  C:2215H         LINE#         123
  C:2218H         LINE#         124
  C:221BH         LINE#         125
  C:221FH         LINE#         126
  C:2223H         LINE#         127
BL51 BANKED LINKER/LOCATER V6.22                                                      09/18/2025  14:45:59  PAGE 10


  C:2227H         LINE#         128
  C:222BH         LINE#         129
  C:222FH         LINE#         130
  -------         ENDPROC       _SEGSET
  -------         PROC          _MYDELAY
  D:0007H         SYMBOL        xms
  -------         DO            
  D:0077H         SYMBOL        i
  D:0078H         SYMBOL        j
  -------         ENDDO         
  C:234BH         LINE#         132
  C:234BH         LINE#         133
  C:234BH         LINE#         134
  C:2351H         LINE#         137
  C:2352H         LINE#         138
  C:2353H         LINE#         139
  C:2354H         LINE#         140
  C:2357H         LINE#         141
  C:235AH         LINE#         143
  C:235AH         LINE#         144
  C:235DH         LINE#         145
  C:2360H         LINE#         146
  C:2362H         LINE#         147
  -------         ENDPROC       _MYDELAY
  -------         PROC          MY100MSCALLBACK
  C:074AH         LINE#         149
  C:074AH         LINE#         150
  C:0751H         LINE#         151
  C:0758H         LINE#         152
  C:075CH         LINE#         153
  C:077AH         LINE#         156
  C:077CH         LINE#         157
  C:0781H         LINE#         158
  C:0785H         LINE#         159
  C:07BEH         LINE#         160
  C:07C0H         LINE#         161
  C:07C5H         LINE#         162
  C:07D6H         LINE#         163
  C:07E1H         LINE#         164
  C:07E1H         LINE#         165
  C:07E1H         LINE#         166
  C:07E1H         LINE#         168
  C:07EAH         LINE#         169
  C:07FAH         LINE#         170
  C:07FEH         LINE#         171
  C:0822H         LINE#         172
  C:0822H         LINE#         173
  C:0824H         LINE#         174
  C:082AH         LINE#         175
  C:0854H         LINE#         176
  C:0854H         LINE#         177
  C:0856H         LINE#         178
  C:085BH         LINE#         179
  C:087AH         LINE#         180
  C:087DH         LINE#         181
  C:087DH         LINE#         182
  C:087DH         LINE#         184
BL51 BANKED LINKER/LOCATER V6.22                                                      09/18/2025  14:45:59  PAGE 11


  C:0883H         LINE#         185
  C:08DDH         LINE#         186
  C:08E0H         LINE#         187
  C:08E0H         LINE#         189
  -------         ENDPROC       MY100MSCALLBACK
  -------         PROC          MYKEYCALLBACK
  -------         DO            
  D:0008H         SYMBOL        key
  -------         ENDDO         
  C:13A4H         LINE#         192
  C:13A4H         LINE#         195
  C:13ABH         LINE#         196
  C:13B1H         LINE#         197
  C:13C2H         LINE#         200
  C:13C7H         LINE#         201
  C:13CAH         LINE#         202
  C:13CAH         LINE#         204
  C:13CEH         LINE#         206
  C:13D0H         LINE#         207
  C:13D4H         LINE#         208
  C:13D4H         LINE#         209
  C:13D4H         LINE#         211
  C:13D8H         LINE#         212
  C:13DCH         LINE#         213
  C:13E2H         LINE#         214
  C:13E7H         LINE#         215
  C:13F7H         LINE#         216
  C:1401H         LINE#         217
  C:1401H         LINE#         218
  C:1401H         LINE#         219
  C:1401H         LINE#         221
  C:1406H         LINE#         222
  C:140DH         LINE#         223
  C:1412H         LINE#         224
  C:1423H         LINE#         225
  C:1423H         LINE#         226
  C:1423H         LINE#         228
  C:1429H         LINE#         229
  C:142FH         LINE#         230
  C:1435H         LINE#         231
  C:143FH         LINE#         232
  C:1446H         LINE#         233
  C:144EH         LINE#         234
  C:1450H         LINE#         235
  C:1450H         LINE#         236
  C:1453H         LINE#         237
  C:145EH         LINE#         238
  C:1469H         LINE#         239
  C:1469H         LINE#         240
  C:1469H         LINE#         241
  C:1469H         LINE#         242
  -------         ENDPROC       MYKEYCALLBACK
  -------         PROC          MYADCCALLBACK
  -------         DO            
  D:0008H         SYMBOL        key
  -------         ENDDO         
  C:0D13H         LINE#         244
BL51 BANKED LINKER/LOCATER V6.22                                                      09/18/2025  14:45:59  PAGE 12


  C:0D13H         LINE#         246
  C:0D17H         LINE#         247
  C:0D1BH         LINE#         248
  C:0D21H         LINE#         249
  C:0D26H         LINE#         250
  C:0D36H         LINE#         251
  C:0D40H         LINE#         252
  C:0D40H         LINE#         253
  C:0D47H         LINE#         254
  C:0D4CH         LINE#         255
  C:0D4EH         LINE#         256
  C:0D4EH         LINE#         257
  C:0D55H         LINE#         258
  C:0D5AH         LINE#         259
  C:0D5CH         LINE#         260
  C:0D5CH         LINE#         261
  C:0D63H         LINE#         262
  C:0D68H         LINE#         263
  C:0D6BH         LINE#         264
  C:0D6BH         LINE#         265
  C:0D6BH         LINE#         266
  C:0D6BH         LINE#         268
  C:0D74H         LINE#         269
  C:0D7AH         LINE#         270
  C:0D80H         LINE#         271
  C:0D8AH         LINE#         272
  C:0D91H         LINE#         273
  C:0D99H         LINE#         274
  C:0D9BH         LINE#         275
  C:0D9BH         LINE#         276
  C:0D9EH         LINE#         277
  C:0DA9H         LINE#         278
  C:0DB4H         LINE#         279
  C:0DB4H         LINE#         280
  C:0DB4H         LINE#         282
  C:0DBBH         LINE#         283
  C:0DC1H         LINE#         284
  C:0DC9H         LINE#         285
  C:0DD5H         LINE#         286
  C:0DD7H         LINE#         287
  C:0DDBH         LINE#         288
  C:0DF6H         LINE#         289
  C:0DF6H         LINE#         290
  C:0DF6H         LINE#         292
  C:0DFDH         LINE#         293
  C:0E03H         LINE#         294
  C:0E0BH         LINE#         295
  C:0E17H         LINE#         296
  C:0E19H         LINE#         297
  C:0E1DH         LINE#         298
  C:0E38H         LINE#         299
  C:0E38H         LINE#         300
  C:0E38H         LINE#         301
  C:0E4EH         LINE#         302
  C:0E4EH         LINE#         304
  -------         ENDPROC       MYADCCALLBACK
  -------         PROC          MYUART1CALLBACK
BL51 BANKED LINKER/LOCATER V6.22                                                      09/18/2025  14:45:59  PAGE 13


  -------         DO            
  D:0007H         SYMBOL        state
  -------         ENDDO         
  C:0A5EH         LINE#         306
  C:0A5EH         LINE#         308
  C:0A61H         LINE#         309
  C:0A66H         LINE#         312
  C:0A6AH         LINE#         313
  C:0A70H         LINE#         315
  C:0A83H         LINE#         316
  C:0A8EH         LINE#         317
  C:0A90H         LINE#         318
  C:0A96H         LINE#         319
  C:0AA0H         LINE#         320
  C:0AB2H         LINE#         321
  C:0ABDH         LINE#         322
  C:0AC0H         LINE#         323
  C:0AC3H         LINE#         324
  C:0AC5H         LINE#         325
  C:0AC5H         LINE#         326
  C:0AC5H         LINE#         327
  C:0AC5H         LINE#         329
  C:0ACEH         LINE#         330
  C:0AD7H         LINE#         331
  C:0ADBH         LINE#         332
  C:0AEBH         LINE#         333
  C:0B00H         LINE#         334
  C:0B15H         LINE#         335
  C:0B2AH         LINE#         336
  C:0B2AH         LINE#         337
  C:0B2DH         LINE#         338
  C:0B33H         LINE#         339
  C:0B43H         LINE#         340
  C:0B58H         LINE#         341
  C:0B6DH         LINE#         342
  C:0B82H         LINE#         343
  C:0B82H         LINE#         344
  C:0B84H         LINE#         345
  C:0B8AH         LINE#         346
  C:0B9AH         LINE#         347
  C:0BB0H         LINE#         348
  C:0BC6H         LINE#         349
  C:0BC6H         LINE#         350
  C:0BC6H         LINE#         351
  C:0BC6H         LINE#         353
  -------         ENDPROC       MYUART1CALLBACK
  -------         PROC          MYUART2CALLBACK
  C:000EH         LINE#         355
  C:000EH         LINE#         356
  C:0015H         LINE#         357
  C:0022H         LINE#         358
  C:0022H         LINE#         359
  -------         ENDPROC       MYUART2CALLBACK
  -------         PROC          MYIRCALLBACK
  C:1F38H         LINE#         361
  C:1F38H         LINE#         362
  C:1F44H         LINE#         363
BL51 BANKED LINKER/LOCATER V6.22                                                      09/18/2025  14:45:59  PAGE 14


  C:1F4FH         LINE#         364
  C:1F54H         LINE#         365
  C:1F64H         LINE#         366
  C:1F6EH         LINE#         367
  C:1F6EH         LINE#         368
  C:1F6EH         LINE#         369
  C:1F6EH         LINE#         370
  -------         ENDPROC       MYIRCALLBACK
  -------         PROC          MY1SCALLBACK
  C:1C2FH         LINE#         373
  C:1C2FH         LINE#         376
  C:1C3FH         LINE#         377
  C:1C45H         LINE#         378
  C:1C50H         LINE#         379
  C:1C50H         LINE#         380
  C:1C52H         LINE#         381
  C:1C52H         LINE#         382
  C:1C6CH         LINE#         383
  C:1C77H         LINE#         384
  C:1C77H         LINE#         385
  C:1C81H         LINE#         387
  -------         ENDPROC       MY1SCALLBACK
  -------         PROC          MAIN
  C:10A8H         LINE#         389
  C:10A8H         LINE#         390
  C:10ABH         LINE#         391
  C:10AEH         LINE#         392
  C:10B1H         LINE#         393
  C:10B4H         LINE#         394
  C:10B9H         LINE#         395
  C:10BEH         LINE#         396
  C:10C9H         LINE#         397
  C:10D7H         LINE#         398
  C:10EDH         LINE#         399
  C:1103H         LINE#         401
  C:111FH         LINE#         402
  C:113BH         LINE#         403
  C:1146H         LINE#         404
  C:115EH         LINE#         405
  C:1163H         LINE#         407
  C:116EH         LINE#         408
  C:1179H         LINE#         409
  C:1184H         LINE#         410
  C:118FH         LINE#         411
  C:119AH         LINE#         412
  C:11A5H         LINE#         413
  C:11B0H         LINE#         414
  C:11B0H         LINE#         415
  C:11B3H         LINE#         416
  -------         ENDPROC       MAIN
  -------         ENDMOD        MAIN

  -------         MODULE        ADC
  C:0000H         SYMBOL        _ICE_DUMMY_
  D:0080H         PUBLIC        P0
  D:0090H         PUBLIC        P1
  D:00A0H         PUBLIC        P2
BL51 BANKED LINKER/LOCATER V6.22                                                      09/18/2025  14:45:59  PAGE 15


  C:23D2H         PUBLIC        _?sys_get_KNEvent
  X:0071H         PUBLIC        sys_EXTADCEvent
  D:00B0H         PUBLIC        P3
  D:00C0H         PUBLIC        P4
  D:00C8H         PUBLIC        P5
  D:00E8H         PUBLIC        P6
  D:00F8H         PUBLIC        P7
  B:00A8H.5       PUBLIC        EADC
  D:00A8H         PUBLIC        IE
  D:00BDH         PUBLIC        ADC_RES
  D:00B8H         PUBLIC        IP
  D:0097H         PUBLIC        CLK_DIV
  C:1FDAH         PUBLIC        _AdcInit
  D:00D8H         PUBLIC        CCON
  C:23E1H         PUBLIC        _?sys_get_EXTADCEvent
  X:0072H         PUBLIC        AD_res
  D:00BCH         PUBLIC        ADC_CONTR
  D:0098H         PUBLIC        SCON
  D:0088H         PUBLIC        TCON
  C:0597H         PUBLIC        _?sys_ADC_drv
  B:0021H.7       PUBLIC        flag_ADC
  X:007CH         PUBLIC        sys_KN
  D:009DH         PUBLIC        P1ASF
  X:008EH         PUBLIC        sys_KNEvent
  D:00BEH         PUBLIC        ADC_RESL
  C:0003H         PUBLIC        GetADC
  C:1D6EH         PUBLIC        _GetAdcNavAct
  C:246EH         PUBLIC        ADC_isr
  D:00D0H         PUBLIC        PSW
  -------         PROC          ADC_ISR
  C:246EH         LINE#         26
  C:246EH         LINE#         27
  C:2471H         LINE#         28
  C:2473H         LINE#         29
  -------         ENDPROC       ADC_ISR
  -------         PROC          _?SYS_ADC_DRV
  -------         DO            
  X:006FH         SYMBOL        pc
  X:0070H         SYMBOL        counter
  i:0000H         SYMBOL        i
  C:2433H         SYMBOL        ADC_ch
  -------         ENDDO         
  C:0597H         LINE#         31
  C:0599H         LINE#         35
  C:059FH         LINE#         36
  C:05A1H         LINE#         37
  C:05CFH         LINE#         38
  C:05CFH         LINE#         39
  C:05CFH         LINE#         40
  C:05DFH         LINE#         41
  C:05E1H         LINE#         42
  C:05E1H         LINE#         43
  C:05E1H         LINE#         44
  C:05F5H         LINE#         45
  C:05FBH         LINE#         46
  C:05FEH         LINE#         47
  C:060EH         LINE#         48
BL51 BANKED LINKER/LOCATER V6.22                                                      09/18/2025  14:45:59  PAGE 16


  C:0610H         LINE#         49
  C:0624H         LINE#         50
  C:0627H         LINE#         51
  C:063BH         LINE#         52
  C:064EH         LINE#         53
  C:0666H         LINE#         54
  C:0671H         LINE#         55
  C:0674H         LINE#         56
  C:0684H         LINE#         57
  C:0698H         LINE#         58
  C:06ADH         LINE#         59
  C:06BEH         LINE#         60
  C:06C2H         LINE#         61
  C:06C2H         LINE#         62
  C:06C4H         LINE#         64
  C:06DBH         LINE#         65
  C:06ECH         LINE#         66
  C:06F1H         LINE#         67
  C:06F1H         LINE#         68
  C:06F1H         LINE#         69
  C:0714H         LINE#         70
  C:0725H         LINE#         71
  C:0729H         LINE#         72
  C:0729H         LINE#         73
  C:0729H         LINE#         74
  C:072FH         LINE#         75
  C:072FH         LINE#         76
  C:072FH         LINE#         77
  C:073BH         LINE#         78
  C:0747H         LINE#         79
  C:0747H         LINE#         80
  -------         ENDPROC       _?SYS_ADC_DRV
  -------         PROC          _?SYS_GET_KNEVENT
  -------         DO            
  i:0000H         SYMBOL        a
  -------         ENDDO         
  C:23D2H         LINE#         82
  C:23D4H         LINE#         84
  C:23DCH         LINE#         85
  C:23DEH         LINE#         86
  C:23DEH         LINE#         87
  -------         ENDPROC       _?SYS_GET_KNEVENT
  -------         PROC          _?SYS_GET_EXTADCEVENT
  -------         DO            
  i:0000H         SYMBOL        a
  -------         ENDDO         
  C:23E1H         LINE#         89
  C:23E3H         LINE#         91
  C:23EBH         LINE#         92
  C:23EDH         LINE#         93
  C:23EDH         LINE#         94
  -------         ENDPROC       _?SYS_GET_EXTADCEVENT
  -------         PROC          _ADCINIT
  D:0007H         SYMBOL        ADCsel
  C:1FDAH         LINE#         96
  C:1FDAH         LINE#         97
  C:1FDAH         LINE#         98
BL51 BANKED LINKER/LOCATER V6.22                                                      09/18/2025  14:45:59  PAGE 17


  C:1FDCH         LINE#         99
  C:1FDFH         LINE#         100
  C:1FE2H         LINE#         101
  C:1FE4H         LINE#         102
  C:1FF2H         LINE#         103
  C:1FFEH         LINE#         104
  C:200AH         LINE#         105
  -------         ENDPROC       _ADCINIT
  -------         PROC          GETADC
  C:0003H         LINE#         107
  C:0003H         LINE#         108
  C:0009H         LINE#         109
  -------         ENDPROC       GETADC
  -------         PROC          _GETADCNAVACT
  D:0007H         SYMBOL        Nav_button
  -------         DO            
  D:0006H         SYMBOL        a
  -------         ENDDO         
  C:1D6EH         LINE#         111
  C:1D6EH         LINE#         112
  C:1D6EH         LINE#         113
  C:1D7EH         LINE#         114
  C:1D99H         LINE#         115
  C:1DAEH         LINE#         116
  C:1DB1H         LINE#         117
  C:1DB1H         LINE#         118
  C:1DB3H         LINE#         119
  -------         ENDPROC       _GETADCNAVACT
  -------         ENDMOD        ADC

  -------         MODULE        BEEP
  C:0000H         SYMBOL        _ICE_DUMMY_
  D:0080H         PUBLIC        P0
  D:00B2H         PUBLIC        P3M0
  D:0090H         PUBLIC        P1
  D:00B1H         PUBLIC        P3M1
  D:00A0H         PUBLIC        P2
  D:00B0H         PUBLIC        P3
  D:00C0H         PUBLIC        P4
  D:00C8H         PUBLIC        P5
  D:00E8H         PUBLIC        P6
  D:00F8H         PUBLIC        P7
  D:00F9H         PUBLIC        CH
  C:2151H         PUBLIC        _?sys_beep_drv
  D:00A8H         PUBLIC        IE
  D:00E9H         PUBLIC        CL
  C:2230H         PUBLIC        BeepInit
  B:00D8H.6       PUBLIC        CR
  D:00DAH         PUBLIC        CCAPM0
  D:00B8H         PUBLIC        IP
  D:00D9H         PUBLIC        CMOD
  D:00D8H         PUBLIC        CCON
  C:002EH         PUBLIC        GetBeepStatus
  C:1A6DH         PUBLIC        _SetBeep
  D:0098H         PUBLIC        SCON
  D:0088H         PUBLIC        TCON
  D:00D0H         PUBLIC        PSW
BL51 BANKED LINKER/LOCATER V6.22                                                      09/18/2025  14:45:59  PAGE 18


  B:00D8H.0       PUBLIC        CCF0
  -------         PROC          _?SYS_BEEP_DRV
  -------         DO            
  i:0000H         SYMBOL        a
  -------         ENDDO         
  C:2151H         LINE#         11
  C:2155H         LINE#         13
  C:215FH         LINE#         14
  C:2174H         LINE#         15
  -------         ENDPROC       _?SYS_BEEP_DRV
  -------         PROC          BEEPINIT
  C:2230H         LINE#         17
  C:2230H         LINE#         18
  C:2230H         LINE#         19
  C:2233H         LINE#         20
  C:2236H         LINE#         21
  C:2239H         LINE#         22
  C:223CH         LINE#         23
  C:223FH         LINE#         24
  C:2241H         LINE#         25
  C:224FH         LINE#         26
  -------         ENDPROC       BEEPINIT
  -------         PROC          _SETBEEP
  D:0009H         SYMBOL        Beep_freq
  D:000BH         SYMBOL        Beep_time
  -------         DO            
  D:0002H         SYMBOL        a
  D:0004H         SYMBOL        b
  -------         ENDDO         
  C:1A6DH         LINE#         28
  C:1A75H         LINE#         29
  C:1A75H         LINE#         31
  C:1A7CH         LINE#         32
  C:1A83H         LINE#         33
  C:1A8EH         LINE#         34
  C:1AB7H         LINE#         35
  C:1ACBH         LINE#         36
  C:1AD2H         LINE#         37
  C:1AD4H         LINE#         38
  C:1AD7H         LINE#         39
  C:1AD9H         LINE#         41
  C:1ADCH         LINE#         42
  C:1ADFH         LINE#         43
  C:1ADFH         LINE#         44
  C:1AE2H         LINE#         45
  C:1AE2H         LINE#         46
  C:1AE4H         LINE#         47
  -------         ENDPROC       _SETBEEP
  -------         PROC          GETBEEPSTATUS
  C:002EH         LINE#         49
  C:002EH         LINE#         50
  C:0037H         LINE#         51
  C:0039H         LINE#         52
  -------         ENDPROC       GETBEEPSTATUS
  -------         ENDMOD        BEEP

  -------         MODULE        DISPLAYER
BL51 BANKED LINKER/LOCATER V6.22                                                      09/18/2025  14:45:59  PAGE 19


  C:0000H         SYMBOL        _ICE_DUMMY_
  D:0093H         PUBLIC        P0M1
  D:0096H         PUBLIC        P2M0
  D:0080H         PUBLIC        P0
  D:0095H         PUBLIC        P2M1
  D:0090H         PUBLIC        P1
  D:00A0H         PUBLIC        P2
  D:00B0H         PUBLIC        P3
  D:00C0H         PUBLIC        P4
  D:00C8H         PUBLIC        P5
  D:00E8H         PUBLIC        P6
  D:00F8H         PUBLIC        P7
  C:17BBH         PUBLIC        _Seg7SetMode
  D:00A8H         PUBLIC        IE
  D:00B8H         PUBLIC        IP
  D:00D8H         PUBLIC        CCON
  C:2474H         PUBLIC        _LedPrint
  B:00A0H.0       PUBLIC        P20
  B:00A0H.1       PUBLIC        P21
  D:0098H         PUBLIC        SCON
  B:00A0H.2       PUBLIC        P22
  D:0088H         PUBLIC        TCON
  B:00A0H.3       PUBLIC        P23
  C:22E5H         PUBLIC        DisplayerInit
  C:184AH         PUBLIC        _LedSetMode
  X:0091H         PUBLIC        sys_Disp
  C:243CH         PUBLIC        _SetDisplayerArea
  C:2250H         PUBLIC        _Seg7Print
  C:08E3H         PUBLIC        _?sys_display_drv
  D:00D0H         PUBLIC        PSW
  D:0094H         PUBLIC        P0M0
  -------         PROC          _?SYS_DISPLAY_DRV
  -------         DO            
  X:008FH         SYMBOL        T1mS
  X:0090H         SYMBOL        T100mS
  i:0000H         SYMBOL        d
  i:0001H         SYMBOL        i
  -------         ENDDO         
  C:08E3H         LINE#         18
  C:08E7H         LINE#         21
  C:08F4H         LINE#         22
  C:08F7H         LINE#         23
  C:0904H         LINE#         24
  C:0904H         LINE#         25
  C:0907H         LINE#         26
  C:0930H         LINE#         27
  C:0936H         LINE#         28
  C:093CH         LINE#         29
  C:0942H         LINE#         30
  C:0948H         LINE#         31
  C:0952H         LINE#         32
  C:095CH         LINE#         33
  C:0966H         LINE#         34
  C:0970H         LINE#         35
  C:0972H         LINE#         36
  C:0972H         LINE#         37
  C:097AH         LINE#         38
BL51 BANKED LINKER/LOCATER V6.22                                                      09/18/2025  14:45:59  PAGE 20


  C:099FH         LINE#         39
  C:09BFH         LINE#         40
  C:09BFH         LINE#         41
  C:09C1H         LINE#         43
  C:09CAH         LINE#         44
  C:09DDH         LINE#         45
  C:09ECH         LINE#         46
  C:09ECH         LINE#         47
  C:0A08H         LINE#         48
  C:0A1DH         LINE#         49
  C:0A23H         LINE#         50
  C:0A28H         LINE#         51
  C:0A2AH         LINE#         52
  C:0A2DH         LINE#         53
  C:0A2DH         LINE#         55
  C:0A44H         LINE#         56
  C:0A51H         LINE#         58
  C:0A59H         LINE#         59
  -------         ENDPROC       _?SYS_DISPLAY_DRV
  -------         PROC          DISPLAYERINIT
  C:22E5H         LINE#         61
  C:22E5H         LINE#         62
  C:22E5H         LINE#         63
  C:22E8H         LINE#         64
  C:22EBH         LINE#         65
  C:22EEH         LINE#         66
  C:22F1H         LINE#         67
  C:22FFH         LINE#         68
  -------         ENDPROC       DISPLAYERINIT
  -------         PROC          _SETDISPLAYERAREA
  D:0007H         SYMBOL        Begin_of_scan
  D:0005H         SYMBOL        Ending_of_Scan
  C:243CH         LINE#         70
  C:243CH         LINE#         71
  C:2441H         LINE#         72
  C:2444H         LINE#         73
  -------         ENDPROC       _SETDISPLAYERAREA
  -------         PROC          _SEG7PRINT
  D:0007H         SYMBOL        d0
  D:0005H         SYMBOL        d1
  D:0003H         SYMBOL        d2
  D:000BH         SYMBOL        d3
  D:000CH         SYMBOL        d4
  D:000DH         SYMBOL        d5
  D:000EH         SYMBOL        d6
  D:000FH         SYMBOL        d7
  C:2250H         LINE#         75
  C:2250H         LINE#         76
  C:2255H         LINE#         77
  C:2258H         LINE#         78
  C:225BH         LINE#         79
  C:225FH         LINE#         80
  C:2263H         LINE#         81
  C:2267H         LINE#         82
  C:226BH         LINE#         83
  C:226FH         LINE#         84
  -------         ENDPROC       _SEG7PRINT
BL51 BANKED LINKER/LOCATER V6.22                                                      09/18/2025  14:45:59  PAGE 21


  -------         PROC          _LEDPRINT
  D:0007H         SYMBOL        led_val
  C:2474H         LINE#         86
  C:2474H         LINE#         87
  C:2479H         LINE#         88
  -------         ENDPROC       _LEDPRINT
  -------         PROC          _SEG7SETMODE
  D:0007H         SYMBOL        m0
  D:0005H         SYMBOL        m1
  D:0003H         SYMBOL        m2
  D:006AH         SYMBOL        m3
  D:006BH         SYMBOL        m4
  D:006CH         SYMBOL        m5
  D:006DH         SYMBOL        m6
  D:006EH         SYMBOL        m7
  C:17BBH         LINE#         90
  C:17BBH         LINE#         91
  C:17CFH         LINE#         92
  C:17DFH         LINE#         93
  C:17EFH         LINE#         94
  C:1801H         LINE#         95
  C:1813H         LINE#         96
  C:1825H         LINE#         97
  C:1837H         LINE#         98
  C:1849H         LINE#         99
  -------         ENDPROC       _SEG7SETMODE
  -------         PROC          _LEDSETMODE
  D:0007H         SYMBOL        m0
  D:0005H         SYMBOL        m1
  D:0003H         SYMBOL        m2
  D:0072H         SYMBOL        m3
  D:0073H         SYMBOL        m4
  D:0074H         SYMBOL        m5
  D:0075H         SYMBOL        m6
  D:0076H         SYMBOL        m7
  C:184AH         LINE#         101
  C:184AH         LINE#         102
  C:185EH         LINE#         103
  C:186EH         LINE#         104
  C:187EH         LINE#         105
  C:1890H         LINE#         106
  C:18A2H         LINE#         107
  C:18B4H         LINE#         108
  C:18C6H         LINE#         109
  C:18D8H         LINE#         110
  -------         ENDPROC       _LEDSETMODE
  -------         ENDMOD        DISPLAYER

  -------         MODULE        KEY
  C:0000H         SYMBOL        _ICE_DUMMY_
  D:0080H         PUBLIC        P0
  D:0090H         PUBLIC        P1
  D:00A0H         PUBLIC        P2
  D:00B0H         PUBLIC        P3
  D:00C0H         PUBLIC        P4
  D:00C8H         PUBLIC        P5
  D:00E8H         PUBLIC        P6
BL51 BANKED LINKER/LOCATER V6.22                                                      09/18/2025  14:45:59  PAGE 22


  D:00F8H         PUBLIC        P7
  D:00A8H         PUBLIC        IE
  X:00F1H         PUBLIC        sys_keyEvent
  D:00B8H         PUBLIC        IP
  D:00D8H         PUBLIC        CCON
  C:23F0H         PUBLIC        _?sys_get_keyEvent
  D:0098H         PUBLIC        SCON
  D:0088H         PUBLIC        TCON
  C:0F81H         PUBLIC        _?sys_key_drv
  C:2290H         PUBLIC        KeyInit
  B:00B0H.2       PUBLIC        IO_Key1
  B:00B0H.3       PUBLIC        IO_Key2
  B:0090H.7       PUBLIC        IO_Key3
  C:1E3CH         PUBLIC        _GetKeyAct
  X:00F2H         PUBLIC        sys_Key
  D:00D0H         PUBLIC        PSW
  -------         PROC          _?SYS_KEY_DRV
  -------         DO            
  i:0000H         SYMBOL        i
  X:00F0H         SYMBOL        counter
  -------         ENDDO         
  C:0F81H         LINE#         28
  C:0F83H         LINE#         31
  C:0F8CH         LINE#         32
  C:0F95H         LINE#         33
  C:0F9EH         LINE#         34
  C:0FA9H         LINE#         35
  C:0FACH         LINE#         36
  C:0FBEH         LINE#         37
  C:0FDCH         LINE#         38
  C:0FF5H         LINE#         39
  C:1011H         LINE#         40
  C:1015H         LINE#         41
  C:1015H         LINE#         42
  C:1017H         LINE#         44
  C:1038H         LINE#         45
  C:104EH         LINE#         46
  C:1053H         LINE#         47
  C:1053H         LINE#         48
  C:1053H         LINE#         49
  C:1086H         LINE#         50
  C:10A1H         LINE#         51
  C:10A5H         LINE#         52
  C:10A5H         LINE#         53
  -------         ENDPROC       _?SYS_KEY_DRV
  -------         PROC          _?SYS_GET_KEYEVENT
  -------         DO            
  i:0000H         SYMBOL        a
  -------         ENDDO         
  C:23F0H         LINE#         55
  C:23F2H         LINE#         57
  C:23FAH         LINE#         58
  C:23FCH         LINE#         59
  C:23FCH         LINE#         60
  -------         ENDPROC       _?SYS_GET_KEYEVENT
  -------         PROC          KEYINIT
  C:2290H         LINE#         62
BL51 BANKED LINKER/LOCATER V6.22                                                      09/18/2025  14:45:59  PAGE 23


  C:2290H         LINE#         63
  C:2290H         LINE#         66
  C:229EH         LINE#         67
  C:22ACH         LINE#         68
  -------         ENDPROC       KEYINIT
  -------         PROC          _GETKEYACT
  D:0007H         SYMBOL        Key
  -------         DO            
  D:0006H         SYMBOL        a
  -------         ENDDO         
  C:1E3CH         LINE#         70
  C:1E3CH         LINE#         71
  C:1E3CH         LINE#         72
  C:1E46H         LINE#         73
  C:1E61H         LINE#         74
  C:1E76H         LINE#         75
  C:1E79H         LINE#         76
  C:1E79H         LINE#         77
  C:1E7BH         LINE#         78
  -------         ENDPROC       _GETKEYACT
  -------         ENDMOD        KEY

  -------         MODULE        SYS
  C:0000H         SYMBOL        _ICE_DUMMY_
  X:0000H         PUBLIC        count_1mS
  B:00D8H.2       PUBLIC        CCF2
  D:0080H         PUBLIC        P0
  B:0020H.1       PUBLIC        flag_1S
  D:0090H         PUBLIC        P1
  D:00A0H         PUBLIC        P2
  D:00B0H         PUBLIC        P3
  D:00C0H         PUBLIC        P4
  X:0001H         PUBLIC        T1
  D:00C8H         PUBLIC        P5
  X:0003H         PUBLIC        T2
  B:00A8H.7       PUBLIC        EA
  D:00E8H         PUBLIC        P6
  D:00F8H         PUBLIC        P7
  D:0057H         PUBLIC        IrDatNum
  B:00D8H.7       PUBLIC        CF
  B:0020H.2       PUBLIC        Ir_Coder
  B:0020H.3       PUBLIC        Ir_RxBusy
  D:00A8H         PUBLIC        IE
  B:0020H.4       PUBLIC        Ir_TxBusy
  X:0005H         PUBLIC        userfunccall
  D:00FAH         PUBLIC        CCAP0H
  D:00FBH         PUBLIC        CCAP1H
  C:1965H         PUBLIC        sys_task_Ir
  D:0058H         PUBLIC        IrCount_j
  D:0059H         PUBLIC        IrRx_count
  D:005AH         PUBLIC        IrProtocol
  D:00EAH         PUBLIC        CCAP0L
  D:005BH         PUBLIC        IrTx_count
  D:00EBH         PUBLIC        CCAP1L
  D:00DAH         PUBLIC        CCAPM0
  D:00DBH         PUBLIC        CCAPM1
  D:005CH         PUBLIC        MainLoops
BL51 BANKED LINKER/LOCATER V6.22                                                      09/18/2025  14:45:59  PAGE 24


  D:00B8H         PUBLIC        IP
  B:00D0H.7       PUBLIC        CY
  B:0020H.5       PUBLIC        flag_10mS
  D:00D8H         PUBLIC        CCON
  C:2445H         PUBLIC        GetBeepTimer
  C:1CD5H         PUBLIC        sys_Timer0_isr
  C:19F0H         PUBLIC        _SetEventCallBack
  C:247AH         PUBLIC        MySTC_Init
  C:1E7CH         PUBLIC        sys_task_100mS
  X:0029H         PUBLIC        ModBus_interval_time
  C:0026H         PUBLIC        _?ret0func
  C:1C82H         PUBLIC        GetUltraSonic
  X:002AH         PUBLIC        count_10mS
  X:002BH         PUBLIC        stcDrivers
  C:244EH         PUBLIC        _SetBeepTimer
  B:0020H.6       PUBLIC        flag_IrRxFinished
  D:0098H         PUBLIC        SCON
  C:23B1H         PUBLIC        _SetCCP0
  C:1EFAH         PUBLIC        MySTC_OS
  D:0089H         PUBLIC        TMOD
  D:0088H         PUBLIC        TCON
  B:0020H.7       PUBLIC        flag_Ir
  B:00B0H.5       PUBLIC        P35
  D:0060H         PUBLIC        IrRxNum
  X:0061H         PUBLIC        SysPerformance
  D:008EH         PUBLIC        AUXR
  C:15DBH         PUBLIC        sys_CCP_isr
  C:12B3H         PUBLIC        sys_task_1mS
  B:00A8H.1       PUBLIC        ET0
  C:003EH         PUBLIC        ClrBeepPin
  D:008CH         PUBLIC        TH0
  B:0021H.0       PUBLIC        flag_100mS
  X:0066H         PUBLIC        distance
  D:008AH         PUBLIC        TL0
  D:0061H         PUBLIC        PollingMisses
  X:0068H         PUBLIC        sys_BP
  B:0088H.4       PUBLIC        TR0
  C:20FDH         PUBLIC        sys_task_1S
  C:2460H         PUBLIC        GetSysPerformance
  B:0021H.1       PUBLIC        matchModBus
  X:006EH         PUBLIC        count_100mS
  B:0021H.2       PUBLIC        Ir_BitBusy
  D:0062H         PUBLIC        IrDat_count
  D:0063H         PUBLIC        IrMute_count
  B:0021H.3       PUBLIC        newFrame1
  C:1D27H         PUBLIC        sys_Timer0_Init
  B:0021H.4       PUBLIC        newFrame2
  D:0064H         PUBLIC        IrDataPc
  C:000AH         PUBLIC        _?nullfunc
  B:0021H.5       PUBLIC        flag_1mS
  B:0021H.6       PUBLIC        newUS
  D:008FH         PUBLIC        INT_CLKO
  C:1728H         PUBLIC        sys_task_10mS
  D:00D0H         PUBLIC        PSW
  B:00D8H.0       PUBLIC        CCF0
  B:00B0H.4       PUBLIC        Beep
  B:00D8H.1       PUBLIC        CCF1
BL51 BANKED LINKER/LOCATER V6.22                                                      09/18/2025  14:45:59  PAGE 25


  -------         PROC          _?NULLFUNC
  C:000AH         LINE#         13
  -------         ENDPROC       _?NULLFUNC
  -------         PROC          _?RET0FUNC
  C:0026H         LINE#         14
  -------         ENDPROC       _?RET0FUNC
  -------         PROC          SYS_TIMER0_INIT
  C:1D27H         LINE#         96
  C:1D27H         LINE#         97
  C:1D2AH         LINE#         98
  C:1D2DH         LINE#         99
  C:1D43H         LINE#         100
  C:1D69H         LINE#         101
  C:1D6BH         LINE#         102
  C:1D6DH         LINE#         103
  -------         ENDPROC       SYS_TIMER0_INIT
  -------         PROC          SYS_TIMER0_ISR
  -------         DO            
  D:0056H         SYMBOL        i
  -------         ENDDO         
  C:1CD5H         LINE#         105
  C:1CD9H         LINE#         107
  C:1CDCH         LINE#         108
  C:1CDFH         LINE#         109
  C:1CE4H         LINE#         110
  C:1CE6H         LINE#         111
  C:1CE6H         LINE#         112
  C:1CECH         LINE#         113
  C:1CF2H         LINE#         114
  C:1CF5H         LINE#         115
  C:1CF7H         LINE#         116
  C:1CFAH         LINE#         117
  C:1CFEH         LINE#         118
  C:1D00H         LINE#         119
  C:1D03H         LINE#         120
  C:1D05H         LINE#         122
  C:1D08H         LINE#         123
  C:1D0AH         LINE#         124
  C:1D0FH         LINE#         125
  C:1D0FH         LINE#         126
  C:1D11H         LINE#         128
  C:1D1AH         LINE#         129
  C:1D1CH         LINE#         130
  C:1D22H         LINE#         131
  C:1D22H         LINE#         132
  C:1D22H         LINE#         133
  C:1D22H         LINE#         134
  -------         ENDPROC       SYS_TIMER0_ISR
  -------         PROC          GETULTRASONIC
  -------         DO            
  D:0079H         SYMBOL        a
  -------         ENDDO         
  C:1C82H         LINE#         138
  C:1C82H         LINE#         139
  C:1C82H         LINE#         140
  C:1C85H         LINE#         141
  C:1C87H         LINE#         142
BL51 BANKED LINKER/LOCATER V6.22                                                      09/18/2025  14:45:59  PAGE 26


  C:1C96H         LINE#         143
  C:1CCCH         LINE#         144
  C:1CCCH         LINE#         145
  C:1CD4H         LINE#         146
  -------         ENDPROC       GETULTRASONIC
  -------         PROC          GETBEEPTIMER
  C:2445H         LINE#         148
  C:2445H         LINE#         149
  C:244DH         LINE#         150
  -------         ENDPROC       GETBEEPTIMER
  -------         PROC          _SETBEEPTIMER
  D:0006H         SYMBOL        a
  C:244EH         LINE#         152
  C:244EH         LINE#         153
  C:2456H         LINE#         154
  -------         ENDPROC       _SETBEEPTIMER
  -------         PROC          _SETCCP0
  D:0006H         SYMBOL        step
  D:0004H         SYMBOL        next
  C:23B1H         LINE#         156
  C:23B1H         LINE#         157
  C:23B9H         LINE#         158
  C:23C1H         LINE#         159
  -------         ENDPROC       _SETCCP0
  -------         PROC          CLRBEEPPIN
  C:003EH         LINE#         161
  C:003EH         LINE#         162
  C:0040H         LINE#         163
  -------         ENDPROC       CLRBEEPPIN
  -------         PROC          SYS_CCP_ISR
  -------         DO            
  B:0020H.0       SYMBOL        a
  -------         ENDDO         
  C:15DBH         LINE#         165
  C:15EEH         LINE#         167
  C:15F5H         LINE#         168
  C:15FCH         LINE#         169
  C:15FFH         LINE#         170
  C:1601H         LINE#         171
  C:1611H         LINE#         172
  C:1618H         LINE#         173
  C:161BH         LINE#         174
  C:161DH         LINE#         175
  C:161FH         LINE#         177
  C:1633H         LINE#         178
  C:1636H         LINE#         179
  C:1638H         LINE#         180
  C:163AH         LINE#         181
  C:163CH         LINE#         183
  C:163CH         LINE#         184
  C:163FH         LINE#         185
  C:1641H         LINE#         186
  C:164BH         LINE#         187
  C:164DH         LINE#         188
  C:1656H         LINE#         189
  C:1659H         LINE#         190
  C:166BH         LINE#         191
BL51 BANKED LINKER/LOCATER V6.22                                                      09/18/2025  14:45:59  PAGE 27


  C:166DH         LINE#         193
  C:166FH         LINE#         194
  C:1672H         LINE#         195
  C:1672H         LINE#         196
  C:1672H         LINE#         197
  -------         ENDPROC       SYS_CCP_ISR
  -------         PROC          MYSTC_INIT
  C:247AH         LINE#         199
  C:247AH         LINE#         200
  C:247DH         LINE#         201
  C:247FH         LINE#         202
  -------         ENDPROC       MYSTC_INIT
  -------         PROC          SYS_TASK_IR
  -------         DO            
  D:0007H         SYMBOL        a
  -------         ENDDO         
  C:1965H         LINE#         204
  C:1965H         LINE#         205
  C:1965H         LINE#         206
  C:197BH         LINE#         207
  C:1982H         LINE#         208
  C:1985H         LINE#         209
  C:1988H         LINE#         210
  C:199EH         LINE#         211
  C:19AEH         LINE#         212
  C:19B6H         LINE#         213
  C:19B9H         LINE#         214
  C:19BBH         LINE#         216
  C:19D1H         LINE#         217
  C:19E5H         LINE#         218
  C:19E5H         LINE#         219
  C:19E7H         LINE#         220
  C:19EAH         LINE#         222
  C:19EAH         LINE#         224
  C:19ECH         LINE#         225
  C:19EFH         LINE#         226
  C:19EFH         LINE#         227
  -------         ENDPROC       SYS_TASK_IR
  -------         PROC          SYS_TASK_1MS
  C:12B3H         LINE#         229
  C:12B3H         LINE#         230
  C:12BBH         LINE#         231
  C:12BEH         LINE#         232
  C:12C0H         LINE#         233
  C:12C8H         LINE#         234
  C:12CBH         LINE#         235
  C:12CDH         LINE#         236
  C:12D5H         LINE#         237
  C:12D8H         LINE#         238
  C:12DAH         LINE#         239
  C:12DAH         LINE#         240
  C:12DAH         LINE#         241
  C:12DAH         LINE#         242
  C:12E6H         LINE#         243
  C:12F2H         LINE#         244
  C:12FEH         LINE#         245
  C:130AH         LINE#         246
BL51 BANKED LINKER/LOCATER V6.22                                                      09/18/2025  14:45:59  PAGE 28


  C:1316H         LINE#         247
  C:1322H         LINE#         248
  C:133DH         LINE#         249
  C:134CH         LINE#         250
  C:1358H         LINE#         251
  C:135AH         LINE#         252
  C:135AH         LINE#         253
  C:1363H         LINE#         254
  C:1368H         LINE#         255
  C:1377H         LINE#         256
  C:1379H         LINE#         257
  C:1379H         LINE#         258
  C:137BH         LINE#         260
  C:138AH         LINE#         261
  C:1396H         LINE#         262
  C:1398H         LINE#         263
  C:1398H         LINE#         264
  C:1398H         LINE#         265
  -------         ENDPROC       SYS_TASK_1MS
  -------         PROC          SYS_TASK_10MS
  C:1728H         LINE#         268
  C:1728H         LINE#         269
  C:1734H         LINE#         270
  C:1740H         LINE#         271
  C:174CH         LINE#         272
  C:1758H         LINE#         273
  C:1773H         LINE#         274
  C:178EH         LINE#         275
  C:17A9H         LINE#         276
  C:17ACH         LINE#         277
  C:17AEH         LINE#         278
  C:17BAH         LINE#         279
  C:17BAH         LINE#         280
  -------         ENDPROC       SYS_TASK_10MS
  -------         PROC          SYS_TASK_100MS
  C:1E7CH         LINE#         282
  C:1E7CH         LINE#         283
  C:1E88H         LINE#         284
  C:1EA3H         LINE#         285
  C:1EAFH         LINE#         286
  -------         ENDPROC       SYS_TASK_100MS
  -------         PROC          SYS_TASK_1S
  C:20FDH         LINE#         289
  C:20FDH         LINE#         290
  C:210BH         LINE#         291
  C:2111H         LINE#         292
  C:211AH         LINE#         293
  C:211CH         LINE#         294
  -------         ENDPROC       SYS_TASK_1S
  -------         PROC          MYSTC_OS
  C:1EFAH         LINE#         297
  C:1EFAH         LINE#         298
  C:1F02H         LINE#         299
  C:1F0AH         LINE#         300
  C:1F12H         LINE#         301
  C:1F1AH         LINE#         302
  C:1F22H         LINE#         303
BL51 BANKED LINKER/LOCATER V6.22                                                      09/18/2025  14:45:59  PAGE 29


  C:1F37H         LINE#         306
  -------         ENDPROC       MYSTC_OS
  -------         PROC          _SETEVENTCALLBACK
  D:0007H         SYMBOL        event
  D:0008H         SYMBOL        user_callback
  C:19F0H         LINE#         308
  C:19F6H         LINE#         309
  C:1A27H         LINE#         310
  C:1A2AH         LINE#         311
  C:1A2CH         LINE#         312
  C:1A2FH         LINE#         313
  C:1A31H         LINE#         314
  C:1A34H         LINE#         315
  C:1A36H         LINE#         316
  C:1A39H         LINE#         317
  C:1A3BH         LINE#         318
  C:1A3EH         LINE#         319
  C:1A40H         LINE#         320
  C:1A43H         LINE#         321
  C:1A45H         LINE#         322
  C:1A48H         LINE#         323
  C:1A4AH         LINE#         324
  C:1A4DH         LINE#         325
  C:1A4FH         LINE#         326
  C:1A52H         LINE#         327
  C:1A54H         LINE#         328
  C:1A57H         LINE#         329
  C:1A59H         LINE#         330
  C:1A5CH         LINE#         331
  C:1A5EH         LINE#         332
  C:1A6CH         LINE#         333
  C:1A6CH         LINE#         334
  C:1A6CH         LINE#         335
  C:1A6CH         LINE#         336
  -------         ENDPROC       _SETEVENTCALLBACK
  -------         PROC          GETSYSPERFORMANCE
  C:2460H         LINE#         338
  C:2460H         LINE#         339
  C:2466H         LINE#         340
  -------         ENDPROC       GETSYSPERFORMANCE
  -------         ENDMOD        SYS

  -------         MODULE        DS1302
  C:0000H         SYMBOL        _ICE_DUMMY_
  D:0080H         PUBLIC        P0
  D:0090H         PUBLIC        P1
  D:00A0H         PUBLIC        P2
  D:00B0H         PUBLIC        P3
  D:00C0H         PUBLIC        P4
  C:2300H         PUBLIC        _DS1302WriteByte
  D:00C8H         PUBLIC        P5
  D:00E8H         PUBLIC        P6
  D:00F8H         PUBLIC        P7
  D:00A8H         PUBLIC        IE
  D:00B8H         PUBLIC        IP
  X:00FCH         PUBLIC        RTCtime
  B:00C8H.4       PUBLIC        RTC_io
BL51 BANKED LINKER/LOCATER V6.22                                                      09/18/2025  14:45:59  PAGE 30


  D:00D8H         PUBLIC        CCON
  B:0090H.6       PUBLIC        RTC_rst
  X:0103H         PUBLIC        flag_newRTC
  D:0098H         PUBLIC        SCON
  D:0088H         PUBLIC        TCON
  C:2467H         PUBLIC        RTC_Read
  C:1683H         PUBLIC        _?sys_DS1302_drv
  C:239FH         PUBLIC        _NVM_Read
  C:2332H         PUBLIC        RTC_Write
  C:20E2H         PUBLIC        _DS1302Read
  C:2128H         PUBLIC        _NVM_Write
  C:2273H         PUBLIC        _DS1302Write
  C:2319H         PUBLIC        DS1302ReadByte
  C:11B5H         PUBLIC        DS1302Init
  B:0090H.5       PUBLIC        RTC_sclk
  D:00D0H         PUBLIC        PSW
  -------         PROC          _DS1302WRITEBYTE
  D:0007H         SYMBOL        dat
  -------         DO            
  D:0006H         SYMBOL        i
  -------         ENDDO         
  C:2300H         LINE#         52
  C:2300H         LINE#         53
  C:2300H         LINE#         54
  C:2302H         LINE#         55
  C:2304H         LINE#         56
  C:2308H         LINE#         57
  C:2309H         LINE#         58
  C:230AH         LINE#         59
  C:230BH         LINE#         60
  C:230DH         LINE#         61
  C:230EH         LINE#         62
  C:2312H         LINE#         63
  C:2314H         LINE#         64
  C:2318H         LINE#         65
  -------         ENDPROC       _DS1302WRITEBYTE
  -------         PROC          DS1302READBYTE
  -------         DO            
  D:0006H         SYMBOL        i
  D:0007H         SYMBOL        dat
  -------         ENDDO         
  C:2319H         LINE#         67
  C:2319H         LINE#         68
  C:2319H         LINE#         69
  C:231BH         LINE#         70
  C:231CH         LINE#         71
  C:2320H         LINE#         72
  C:2326H         LINE#         73
  C:2328H         LINE#         74
  C:2329H         LINE#         75
  C:232AH         LINE#         76
  C:232BH         LINE#         77
  C:232DH         LINE#         78
  C:2331H         LINE#         79
  C:2331H         LINE#         80
  -------         ENDPROC       DS1302READBYTE
  -------         PROC          L?0042
BL51 BANKED LINKER/LOCATER V6.22                                                      09/18/2025  14:45:59  PAGE 31


  -------         ENDPROC       L?0042
  -------         PROC          _DS1302READ
  D:0007H         SYMBOL        cmd
  -------         DO            
  D:0007H         SYMBOL        dat
  -------         ENDDO         
  C:20E2H         LINE#         82
  C:20E2H         LINE#         83
  C:20E2H         LINE#         85
  C:20E4H         LINE#         86
  C:20E5H         LINE#         87
  C:20E6H         LINE#         88
  C:20E7H         LINE#         89
  C:20E9H         LINE#         90
  C:20EAH         LINE#         91
  C:20EBH         LINE#         92
  C:20ECH         LINE#         93
  C:20EEH         LINE#         94
  C:20EFH         LINE#         95
  C:20F2H         LINE#         96
  C:20F5H         LINE#         97
  C:20F7H         LINE#         98
  C:20F8H         LINE#         99
  C:20F9H         LINE#         100
  C:20FAH         LINE#         101
  C:20FCH         LINE#         102
  C:20FCH         LINE#         103
  -------         ENDPROC       _DS1302READ
  -------         PROC          L?0043
  -------         ENDPROC       L?0043
  -------         PROC          _DS1302WRITE
  D:0007H         SYMBOL        cmd
  D:0005H         SYMBOL        dat
  C:2273H         LINE#         105
  C:2273H         LINE#         106
  C:2275H         LINE#         107
  C:2276H         LINE#         108
  C:2277H         LINE#         109
  C:2278H         LINE#         110
  C:227AH         LINE#         111
  C:227BH         LINE#         112
  C:227CH         LINE#         113
  C:227DH         LINE#         114
  C:227FH         LINE#         115
  C:2280H         LINE#         116
  C:2283H         LINE#         117
  C:2288H         LINE#         118
  C:228AH         LINE#         119
  C:228BH         LINE#         120
  C:228CH         LINE#         121
  C:228DH         LINE#         122
  C:228FH         LINE#         123
  -------         ENDPROC       _DS1302WRITE
  -------         PROC          RTC_READ
  C:2467H         LINE#         125
  C:2467H         LINE#         126
  C:246DH         LINE#         127
BL51 BANKED LINKER/LOCATER V6.22                                                      09/18/2025  14:45:59  PAGE 32


  -------         ENDPROC       RTC_READ
  -------         PROC          RTC_WRITE
  D:000FH         SYMBOL        t
  C:2332H         LINE#         129
  C:2332H         LINE#         130
  C:2345H         LINE#         131
  C:234AH         LINE#         132
  -------         ENDPROC       RTC_WRITE
  -------         PROC          _NVM_READ
  D:0007H         SYMBOL        NVM_addr
  C:239FH         LINE#         134
  C:239FH         LINE#         135
  C:23AEH         LINE#         136
  C:23B0H         LINE#         137
  -------         ENDPROC       _NVM_READ
  -------         PROC          _NVM_WRITE
  D:0004H         SYMBOL        NVM_addr
  D:0003H         SYMBOL        NVM_data
  C:2128H         LINE#         139
  C:212CH         LINE#         140
  C:2132H         LINE#         141
  C:2139H         LINE#         142
  C:2144H         LINE#         143
  C:214BH         LINE#         144
  C:214EH         LINE#         145
  C:214EH         LINE#         146
  C:2150H         LINE#         147
  -------         ENDPROC       _NVM_WRITE
  -------         PROC          _?SYS_DS1302_DRV
  -------         DO            
  X:00FBH         SYMBOL        count100mS
  i:0000H         SYMBOL        a
  -------         ENDDO         
  C:1683H         LINE#         149
  C:1685H         LINE#         152
  C:168BH         LINE#         153
  C:1694H         LINE#         154
  C:169EH         LINE#         155
  C:16A2H         LINE#         156
  C:16ABH         LINE#         157
  C:16B0H         LINE#         158
  C:16B3H         LINE#         159
  C:16B3H         LINE#         160
  C:16B3H         LINE#         161
  C:16B9H         LINE#         162
  C:16C3H         LINE#         163
  C:16CDH         LINE#         164
  C:16CDH         LINE#         165
  C:16CDH         LINE#         166
  C:16CFH         LINE#         167
  C:16DCH         LINE#         168
  C:16DEH         LINE#         169
  C:16E3H         LINE#         170
  C:16EAH         LINE#         171
  C:16F4H         LINE#         172
  C:16F9H         LINE#         173
  C:16FEH         LINE#         174
BL51 BANKED LINKER/LOCATER V6.22                                                      09/18/2025  14:45:59  PAGE 33


  C:1706H         LINE#         175
  C:170EH         LINE#         176
  C:1716H         LINE#         177
  C:171EH         LINE#         178
  C:1725H         LINE#         179
  C:1725H         LINE#         180
  -------         ENDPROC       _?SYS_DS1302_DRV
  -------         PROC          DS1302INIT
  D:0008H         SYMBOL        t
  C:11B5H         LINE#         182
  C:11B5H         LINE#         183
  C:11B5H         LINE#         184
  C:11BFH         LINE#         185
  C:11C6H         LINE#         186
  C:11C6H         LINE#         187
  C:11C6H         LINE#         188
  C:11CCH         LINE#         189
  C:11D4H         LINE#         190
  C:11DCH         LINE#         192
  C:11E3H         LINE#         194
  C:1266H         LINE#         202
  C:127CH         LINE#         203
  C:1283H         LINE#         204
  C:1296H         LINE#         205
  C:1296H         LINE#         206
  C:129DH         LINE#         207
  C:12A4H         LINE#         208
  C:12B2H         LINE#         209
  -------         ENDPROC       DS1302INIT
  -------         ENDMOD        DS1302

  -------         MODULE        FM_RADIO
  C:0000H         SYMBOL        _ICE_DUMMY_
  D:0080H         PUBLIC        P0
  D:0090H         PUBLIC        P1
  D:00A0H         PUBLIC        P2
  D:00B0H         PUBLIC        P3
  D:00C0H         PUBLIC        P4
  D:00C8H         PUBLIC        P5
  D:00E8H         PUBLIC        P6
  D:00F8H         PUBLIC        P7
  D:00A8H         PUBLIC        IE
  B:00A0H.7       PUBLIC        FM_DATA
  C:2382H         PUBLIC        _delay
  D:00B8H         PUBLIC        IP
  C:238CH         PUBLIC        IIC_Radio_Start
  C:21C9H         PUBLIC        FMRadioInit
  D:00D8H         PUBLIC        CCON
  C:1BD3H         PUBLIC        GetFMRadio
  C:2179H         PUBLIC        _IIC_Radio_WriteByte
  C:0046H         PUBLIC        IIC_Radio_Stop
  C:1525H         PUBLIC        SetFMRadio
  D:0098H         PUBLIC        SCON
  D:0088H         PUBLIC        TCON
  X:0104H         PUBLIC        Radio_Write_Data
  X:010CH         PUBLIC        flag_SetFM
  C:22ADH         PUBLIC        IIC_Radio_ACK
BL51 BANKED LINKER/LOCATER V6.22                                                      09/18/2025  14:45:59  PAGE 34


  B:00C0H.5       PUBLIC        FM_CLOCK
  C:1DB4H         PUBLIC        _?sys_FMRadio_drv
  D:00D0H         PUBLIC        PSW
  C:2379H         SYMBOL        L?0043
  -------         PROC          L?0042
  -------         ENDPROC       L?0042
  C:2379H         SYMBOL        L?0043
  -------         PROC          _DELAY
  D:0007H         SYMBOL        i
  C:2382H         LINE#         22
  C:2382H         LINE#         23
  C:2388H         LINE#         24
  C:238BH         LINE#         25
  -------         ENDPROC       _DELAY
  -------         PROC          IIC_RADIO_START
  C:238CH         LINE#         28
  C:238CH         LINE#         29
  C:238EH         LINE#         30
  C:238EH         LINE#         31
  C:238EH         LINE#         32
  C:2391H         LINE#         33
  C:2393H         LINE#         34
  C:2398H         LINE#         35
  C:239AH         LINE#         36
  -------         ENDPROC       IIC_RADIO_START
  -------         PROC          IIC_RADIO_STOP
  C:0046H         LINE#         39
  C:0046H         LINE#         40
  C:0048H         LINE#         41
  C:0048H         LINE#         42
  C:0048H         LINE#         43
  C:004BH         LINE#         44
  C:004DH         LINE#         45
  -------         ENDPROC       IIC_RADIO_STOP
  -------         PROC          IIC_RADIO_ACK
  -------         DO            
  D:0007H         SYMBOL        i
  -------         ENDDO         
  C:22ADH         LINE#         48
[...]

  -------         MODULE        IR
  C:0000H         SYMBOL        _ICE_DUMMY_
  D:0080H         PUBLIC        P0
  D:00B2H         PUBLIC        P3M0
  D:0090H         PUBLIC        P1
  D:00B1H         PUBLIC        P3M1
  D:00A0H         PUBLIC        P2
  D:00B0H         PUBLIC        P3
  D:00C0H         PUBLIC        P4
  D:00C8H         PUBLIC        P5
  D:00E8H         PUBLIC        P6
  D:00F8H         PUBLIC        P7
  D:00A8H         PUBLIC        IE
  D:00B8H         PUBLIC        IP
  C:2457H         PUBLIC        _SetIrRxd
  C:200BH         PUBLIC        _IrTxdSet
  D:001CH         PUBLIC        IrRxNmax
  D:00D8H         PUBLIC        CCON
  D:001DH         PUBLIC        IrRxd_pt
  D:0098H         PUBLIC        SCON
  D:0088H         PUBLIC        TCON
  B:00B0H.5       PUBLIC        P35
  C:1EBBH         PUBLIC        _IrPrint
  C:23C2H         PUBLIC        _IrInit
  C:2480H         PUBLIC        GetIrRxNum
  C:1AE5H         PUBLIC        sys_IrRxd_isr
  C:22C9H         PUBLIC        GetIrStatus
  D:008FH         PUBLIC        INT_CLKO
  D:00D0H         PUBLIC        PSW
  -------         PROC          _IRINIT
  D:0007H         SYMBOL        Protocol
  C:23C2H         LINE#         19
BL51 BANKED LINKER/LOCATER V6.22                                                      09/18/2025  14:45:59  PAGE 37


  C:23C2H         LINE#         20
  C:23C5H         LINE#         21
  C:23C8H         LINE#         22
  C:23CAH         LINE#         23
  C:23CCH         LINE#         24
  C:23CEH         LINE#         25
  C:23D1H         LINE#         26
  -------         ENDPROC       _IRINIT
  -------         PROC          SYS_IRRXD_ISR
  -------         DO            
  D:001AH         SYMBOL        a
  D:001BH         SYMBOL        BitRxCount
  -------         ENDDO         
  C:1AE5H         LINE#         28
  C:1AF8H         LINE#         31
  C:1AFBH         LINE#         32
  C:1AFDH         LINE#         33
  C:1B00H         LINE#         34
  C:1B03H         LINE#         35
  C:1B06H         LINE#         36
  C:1B0CH         LINE#         37
  C:1B0EH         LINE#         39
  C:1B15H         LINE#         40
  C:1B1BH         LINE#         41
  C:1B24H         LINE#         42
  C:1B27H         LINE#         43
  C:1B2EH         LINE#         44
  C:1B31H         LINE#         45
  C:1B42H         LINE#         46
  C:1B44H         LINE#         47
  C:1B44H         LINE#         48
  C:1B46H         LINE#         49
  C:1B48H         LINE#         50
  C:1B48H         LINE#         51
  C:1B4BH         LINE#         52
  -------         ENDPROC       SYS_IRRXD_ISR
  -------         PROC          _SETIRRXD
  D:0001H         SYMBOL        RxdPt
  D:0005H         SYMBOL        RxdNmax
  C:2457H         LINE#         54
  C:2457H         LINE#         55
  C:245DH         LINE#         56
  C:245FH         LINE#         57
  -------         ENDPROC       _SETIRRXD
  -------         PROC          GETIRRXNUM
  C:2480H         LINE#         59
  C:2480H         LINE#         60
  C:2482H         LINE#         61
  -------         ENDPROC       GETIRRXNUM
  -------         PROC          _IRTXDSET
  D:0001H         SYMBOL        pt
  D:0005H         SYMBOL        num
  C:200BH         LINE#         63
  C:200BH         LINE#         64
  C:2021H         LINE#         65
  C:2027H         LINE#         66
  C:202CH         LINE#         67
BL51 BANKED LINKER/LOCATER V6.22                                                      09/18/2025  14:45:59  PAGE 38


  C:202EH         LINE#         68
  C:2031H         LINE#         69
  C:2034H         LINE#         70
  C:2036H         LINE#         71
  C:2039H         LINE#         72
  C:2039H         LINE#         73
  C:203BH         LINE#         74
  -------         ENDPROC       _IRTXDSET
  -------         PROC          _IRPRINT
  D:0001H         SYMBOL        pt
  D:0005H         SYMBOL        num
  C:1EBBH         LINE#         76
  C:1EBBH         LINE#         77
  C:1ED1H         LINE#         78
  C:1ED4H         LINE#         79
  C:1ED7H         LINE#         80
  C:1EDAH         LINE#         81
  C:1EDCH         LINE#         82
  C:1EDFH         LINE#         83
  C:1EE5H         LINE#         84
  C:1EEDH         LINE#         85
  C:1EEFH         LINE#         86
  C:1EF2H         LINE#         87
  C:1EF4H         LINE#         88
  C:1EF7H         LINE#         89
  C:1EF7H         LINE#         90
  C:1EF9H         LINE#         91
  -------         ENDPROC       _IRPRINT
  -------         PROC          GETIRSTATUS
  C:22C9H         LINE#         93
  C:22C9H         LINE#         94
  C:22E2H         LINE#         95
  C:22E4H         LINE#         96
  -------         ENDPROC       GETIRSTATUS
  -------         ENDMOD        IR

  -------         MODULE        UART2
  C:0000H         SYMBOL        _ICE_DUMMY_
  D:007BH         PUBLIC        ModBus_Interval_Min
  D:0080H         PUBLIC        P0
  C:03BCH         PUBLIC        Uart2_isr
  D:0090H         PUBLIC        P1
  D:00A0H         PUBLIC        P2
  D:00B0H         PUBLIC        P3
  D:00C0H         PUBLIC        P4
  D:00C8H         PUBLIC        P5
  D:00E8H         PUBLIC        P6
  D:00F8H         PUBLIC        P7
  D:00BAH         PUBLIC        P_SW2
  D:00A8H         PUBLIC        IE
  D:00DBH         PUBLIC        CCAPM1
  D:00B8H         PUBLIC        IP
  C:0029H         PUBLIC        _?nullfunc0
  D:00D8H         PUBLIC        CCON
  C:203CH         PUBLIC        _SetUart2Rxd
  B:0090H.0       PUBLIC        P10
  B:0090H.1       PUBLIC        P11
BL51 BANKED LINKER/LOCATER V6.22                                                      09/18/2025  14:45:59  PAGE 39


  D:0098H         PUBLIC        SCON
  D:0088H         PUBLIC        TCON
  D:00AFH         PUBLIC        IE2
  D:008EH         PUBLIC        AUXR
  C:241DH         PUBLIC        GetUart2TxStatus
  D:00D6H         PUBLIC        T2H
  B:00B0H.7       PUBLIC        M485_TxEn
  D:00D7H         PUBLIC        T2L
  C:206DH         PUBLIC        _Uart2Print
  D:009BH         PUBLIC        S2BUF
  D:009AH         PUBLIC        S2CON
  C:146AH         PUBLIC        _Uart2Init
  X:00C5H         PUBLIC        Uart2usage
  C:23FFH         PUBLIC        _?sys_get_Uart2RxdEvent
  X:00C6H         PUBLIC        com2
  D:00D0H         PUBLIC        PSW
  -------         PROC          UART2_ISR
  C:03BCH         LINE#         19
  C:03D9H         LINE#         20
  C:03DEH         LINE#         21
  C:03E1H         LINE#         22
  C:0415H         LINE#         24
  C:041AH         LINE#         25
  C:0422H         LINE#         26
  C:0422H         LINE#         27
  C:0422H         LINE#         29
  C:042AH         LINE#         30
  C:042DH         LINE#         31
  C:0430H         LINE#         32
  C:0432H         LINE#         33
  C:0439H         LINE#         34
  C:043BH         LINE#         35
  C:043BH         LINE#         36
  C:0446H         LINE#         37
  C:045AH         LINE#         38
  C:046EH         LINE#         39
  C:047DH         LINE#         40
  C:048BH         LINE#         41
  C:04BDH         LINE#         42
  C:04CBH         LINE#         43
  C:04CBH         LINE#         44
  C:04D1H         LINE#         45
  C:04D4H         LINE#         47
  C:04E8H         LINE#         48
  C:04FCH         LINE#         49
  C:050BH         LINE#         50
  C:0519H         LINE#         51
  C:0551H         LINE#         52
  C:055FH         LINE#         53
  C:055FH         LINE#         55
  C:0574H         LINE#         56
  C:057AH         LINE#         57
  C:057CH         LINE#         58
  C:057CH         LINE#         59
  C:057CH         LINE#         60
  C:057CH         LINE#         61
  -------         ENDPROC       UART2_ISR
BL51 BANKED LINKER/LOCATER V6.22                                                      09/18/2025  14:45:59  PAGE 40


  -------         PROC          _?SYS_GET_UART2RXDEVENT
  -------         DO            
  i:0000H         SYMBOL        a
  -------         ENDDO         
  C:23FFH         LINE#         63
  C:2401H         LINE#         65
  C:2409H         LINE#         66
  C:240BH         LINE#         67
  C:240BH         LINE#         68
  -------         ENDPROC       _?SYS_GET_UART2RXDEVENT
  -------         PROC          _?NULLFUNC0
  C:0029H         LINE#         70
  -------         ENDPROC       _?NULLFUNC0
  -------         PROC          _UART2INIT
  D:0008H         SYMBOL        band
  D:000CH         SYMBOL        Uart2mode
  C:146AH         LINE#         72
  C:1472H         LINE#         73
  C:1472H         LINE#         76
  C:1478H         LINE#         77
  C:147CH         LINE#         78
  C:147FH         LINE#         79
  C:1485H         LINE#         80
  C:1493H         LINE#         81
  C:1496H         LINE#         82
  C:1498H         LINE#         83
  C:149AH         LINE#         84
  C:149CH         LINE#         86
  C:149EH         LINE#         87
  C:14B2H         LINE#         88
  C:14B9H         LINE#         89
  C:14BFH         LINE#         90
  C:14BFH         LINE#         92
  C:14C2H         LINE#         93
  C:14E1H         LINE#         94
  C:1510H         LINE#         95
  C:1513H         LINE#         96
  C:1516H         LINE#         97
  C:1524H         LINE#         98
  -------         ENDPROC       _UART2INIT
  -------         PROC          _SETUART2RXD
  D:0001H         SYMBOL        RxdPt
  D:0004H         SYMBOL        Nmax
  D:000DH         SYMBOL        matchhead
  D:0010H         SYMBOL        matchheadsize
  C:203CH         LINE#         100
  C:203CH         LINE#         101
  C:2047H         LINE#         102
  C:204DH         LINE#         103
  C:2057H         LINE#         104
  C:2065H         LINE#         105
  C:2067H         LINE#         106
  C:206CH         LINE#         107
  -------         ENDPROC       _SETUART2RXD
  -------         PROC          _UART2PRINT
  D:0001H         SYMBOL        pt
  D:0004H         SYMBOL        num
BL51 BANKED LINKER/LOCATER V6.22                                                      09/18/2025  14:45:59  PAGE 41


  C:206DH         LINE#         109
  C:206DH         LINE#         110
  C:2073H         LINE#         111
  C:2073H         LINE#         112
  C:207BH         LINE#         114
  C:2086H         LINE#         115
  C:208BH         LINE#         116
  C:2091H         LINE#         117
  C:2095H         LINE#         119
  C:2098H         LINE#         120
  C:209BH         LINE#         121
  C:209BH         LINE#         122
  C:209DH         LINE#         123
  -------         ENDPROC       _UART2PRINT
  -------         PROC          GETUART2TXSTATUS
  C:241DH         LINE#         125
  C:241DH         LINE#         126
  C:2425H         LINE#         127
  C:2427H         LINE#         128
  -------         ENDPROC       GETUART2TXSTATUS
  -------         ENDMOD        UART2

  -------         MODULE        UART1
  C:0000H         SYMBOL        _ICE_DUMMY_
  C:0E4FH         PUBLIC        Uart1_isr
  D:0080H         PUBLIC        P0
  D:0090H         PUBLIC        P1
  D:00A0H         PUBLIC        P2
  D:00B0H         PUBLIC        P3
  D:00C0H         PUBLIC        P4
  D:00C8H         PUBLIC        P5
  D:00E8H         PUBLIC        P6
  D:00F8H         PUBLIC        P7
  D:00A8H         PUBLIC        IE
  B:00A8H.4       PUBLIC        ES
  D:00B8H         PUBLIC        IP
  B:0098H.0       PUBLIC        RI
  B:0098H.1       PUBLIC        TI
  D:00D8H         PUBLIC        CCON
  C:209EH         PUBLIC        _SetUart1Rxd
  D:0099H         PUBLIC        SBUF
  D:0098H         PUBLIC        SCON
  D:0089H         PUBLIC        TMOD
  D:0088H         PUBLIC        TCON
  D:008EH         PUBLIC        AUXR
  C:2428H         PUBLIC        GetUart1TxStatus
  B:00A8H.3       PUBLIC        ET1
  D:008DH         PUBLIC        TH1
  D:008BH         PUBLIC        TL1
  B:0088H.6       PUBLIC        TR1
  C:21A1H         PUBLIC        _Uart1Print
  C:1B5CH         PUBLIC        _Uart1Init
  C:240EH         PUBLIC        _?sys_get_Uart1RxdEvent
  X:00DBH         PUBLIC        com1
  D:00D0H         PUBLIC        PSW
  -------         PROC          UART1_ISR
  C:0E4FH         LINE#         10
BL51 BANKED LINKER/LOCATER V6.22                                                      09/18/2025  14:45:59  PAGE 42


  C:0E6CH         LINE#         11
  C:0E6FH         LINE#         12
  C:0E71H         LINE#         13
  C:0EA5H         LINE#         14
  C:0EAAH         LINE#         15
  C:0EAAH         LINE#         16
  C:0EB0H         LINE#         17
  C:0EB2H         LINE#         18
  C:0EB5H         LINE#         19
  C:0EB7H         LINE#         20
  C:0EBEH         LINE#         21
  C:0EBEH         LINE#         22
  C:0ED2H         LINE#         23
  C:0EE6H         LINE#         24
  C:0EF5H         LINE#         25
  C:0F03H         LINE#         26
  C:0F3BH         LINE#         27
  C:0F49H         LINE#         28
  C:0F49H         LINE#         30
  C:0F5EH         LINE#         31
  C:0F64H         LINE#         32
  C:0F66H         LINE#         33
  C:0F66H         LINE#         34
  C:0F66H         LINE#         35
  -------         ENDPROC       UART1_ISR
  -------         PROC          _?SYS_GET_UART1RXDEVENT
  -------         DO            
  i:0000H         SYMBOL        a
  -------         ENDDO         
  C:240EH         LINE#         37
  C:2410H         LINE#         39
  C:2418H         LINE#         40
  C:241AH         LINE#         41
  C:241AH         LINE#         42
  -------         ENDPROC       _?SYS_GET_UART1RXDEVENT
  -------         PROC          _UART1INIT
  D:0008H         SYMBOL        band
  C:1B5CH         LINE#         44
  C:1B64H         LINE#         45
  C:1B64H         LINE#         47
  C:1B67H         LINE#         48
  C:1B6AH         LINE#         49
  C:1B6DH         LINE#         50
  C:1B70H         LINE#         51
  C:1B8FH         LINE#         52
  C:1BBEH         LINE#         53
  C:1BC0H         LINE#         54
  C:1BC2H         LINE#         55
  C:1BC4H         LINE#         56
  C:1BD2H         LINE#         57
  -------         ENDPROC       _UART1INIT
  -------         PROC          _SETUART1RXD
  D:0001H         SYMBOL        RxdPt
  D:0004H         SYMBOL        Nmax
  D:000DH         SYMBOL        matchhead
  D:0010H         SYMBOL        matchheadsize
  C:209EH         LINE#         59
BL51 BANKED LINKER/LOCATER V6.22                                                      09/18/2025  14:45:59  PAGE 43


  C:209EH         LINE#         60
  C:20A9H         LINE#         61
  C:20AFH         LINE#         62
  C:20B9H         LINE#         63
  C:20C7H         LINE#         64
  C:20C9H         LINE#         65
  C:20CEH         LINE#         66
  -------         ENDPROC       _SETUART1RXD
  -------         PROC          _UART1PRINT
  D:0001H         SYMBOL        pt
  D:0004H         SYMBOL        num
  C:21A1H         LINE#         68
  C:21A1H         LINE#         69
  C:21A7H         LINE#         70
  C:21B2H         LINE#         71
  C:21B7H         LINE#         72
  C:21BDH         LINE#         73
  C:21C1H         LINE#         74
  C:21C3H         LINE#         75
  C:21C6H         LINE#         76
  C:21C6H         LINE#         77
  C:21C8H         LINE#         78
  -------         ENDPROC       _UART1PRINT
  -------         PROC          GETUART1TXSTATUS
  C:2428H         LINE#         80
  C:2428H         LINE#         81
  C:2430H         LINE#         82
  C:2432H         LINE#         83
  -------         ENDPROC       GETUART1TXSTATUS
  -------         ENDMOD        UART1

  -------         MODULE        ?C?COPY
  C:0126H         PUBLIC        ?C?COPY
  -------         ENDMOD        ?C?COPY

  -------         MODULE        ?C?CLDPTR
  C:014CH         PUBLIC        ?C?CLDPTR
  -------         ENDMOD        ?C?CLDPTR

  -------         MODULE        ?C?CLDOPTR
  C:0165H         PUBLIC        ?C?CLDOPTR
  -------         ENDMOD        ?C?CLDOPTR

  -------         MODULE        ?C?CSTOPTR
  C:0192H         PUBLIC        ?C?CSTOPTR
  -------         ENDMOD        ?C?CSTOPTR

  -------         MODULE        ?C?UIDIV
  C:01B4H         PUBLIC        ?C?UIDIV
  -------         ENDMOD        ?C?UIDIV

  -------         MODULE        ?C?ILDIX
  C:0209H         PUBLIC        ?C?ILDIX
  -------         ENDMOD        ?C?ILDIX

  -------         MODULE        ?C?ILDPTR
  C:021FH         PUBLIC        ?C?ILDPTR
BL51 BANKED LINKER/LOCATER V6.22                                                      09/18/2025  14:45:59  PAGE 44


  -------         ENDMOD        ?C?ILDPTR

  -------         MODULE        ?C?LMUL
  C:024AH         PUBLIC        ?C?LMUL
  -------         ENDMOD        ?C?LMUL

  -------         MODULE        ?C?ULDIV
  C:02D5H         PUBLIC        ?C?ULDIV
  -------         ENDMOD        ?C?ULDIV

  -------         MODULE        ?C?SLDIV
  C:1DF8H         PUBLIC        ?C?SLDIV
  -------         ENDMOD        ?C?SLDIV

  -------         MODULE        ?C?ULSHR
  C:0367H         PUBLIC        ?C?ULSHR
  -------         ENDMOD        ?C?ULSHR

  -------         MODULE        ?C?SLSHR
  C:037AH         PUBLIC        ?C?SLSHR
  -------         ENDMOD        ?C?SLSHR

  -------         MODULE        ?C?LLDCODE
  C:038EH         PUBLIC        ?C?LLDCODE
  -------         ENDMOD        ?C?LLDCODE

  -------         MODULE        ?C?LSTXDATA
  C:039EH         PUBLIC        ?C?LSTXDATA
  -------         ENDMOD        ?C?LSTXDATA

  -------         MODULE        ?C?OFFXADD
  C:03AAH         PUBLIC        ?C?OFFXADD
  -------         ENDMOD        ?C?OFFXADD

  -------         MODULE        ?C?ICALL
  C:03B6H         PUBLIC        ?C?ICALL
  C:03BAH         PUBLIC        ?C?ICALL2
  -------         ENDMOD        ?C?ICALL

  -------         MODULE        ?C_IBP
  D:007CH         PUBLIC        ?C_IBP
  -------         ENDMOD        ?C_IBP

*** WARNING L16: UNCALLED SEGMENT, IGNORED FOR OVERLAY PROCESS
    SEGMENT: ?PR?_MYDELAY?MAIN

*** WARNING L16: UNCALLED SEGMENT, IGNORED FOR OVERLAY PROCESS
    SEGMENT: ?PR?GETBEEPSTATUS?BEEP

*** WARNING L16: UNCALLED SEGMENT, IGNORED FOR OVERLAY PROCESS
    SEGMENT: ?PR?_SETDISPLAYERAREA?DISPLAYER

*** WARNING L16: UNCALLED SEGMENT, IGNORED FOR OVERLAY PROCESS
    SEGMENT: ?PR?_SEG7SETMODE?DISPLAYER

*** WARNING L16: UNCALLED SEGMENT, IGNORED FOR OVERLAY PROCESS
    SEGMENT: ?PR?_LEDSETMODE?DISPLAYER
BL51 BANKED LINKER/LOCATER V6.22                                                      09/18/2025  14:45:59  PAGE 45



*** WARNING L16: UNCALLED SEGMENT, IGNORED FOR OVERLAY PROCESS
    SEGMENT: ?PR?GETULTRASONIC?SYS

*** WARNING L16: UNCALLED SEGMENT, IGNORED FOR OVERLAY PROCESS
    SEGMENT: ?PR?GETSYSPERFORMANCE?SYS

*** WARNING L16: UNCALLED SEGMENT, IGNORED FOR OVERLAY PROCESS
    SEGMENT: ?PR?GETIRRXNUM?IR

*** WARNING L16: UNCALLED SEGMENT, IGNORED FOR OVERLAY PROCESS
    SEGMENT: ?PR?_IRTXDSET?IR

*** WARNING L16: UNCALLED SEGMENT, IGNORED FOR OVERLAY PROCESS
    SEGMENT: ?PR?_IRPRINT?IR

*** WARNING L16: UNCALLED SEGMENT, IGNORED FOR OVERLAY PROCESS
    SEGMENT: ?PR?GETIRSTATUS?IR

*** WARNING L16: UNCALLED SEGMENT, IGNORED FOR OVERLAY PROCESS
    SEGMENT: ?PR?GETUART1TXSTATUS?UART1

Program Size: data=126.0 xdata=269 code=9342
LINK/LOCATE RUN COMPLETE.  12 WARNING(S),  0 ERROR(S)
